[0.007s][info][gc] Using G1
[0.516s][info][gc] GC(0) Pause Young (Normal) (G1 Evacuation Pause) 23M->7M(512M) 4.442ms
[0.712s][info][gc] GC(1) Pause Young (Normal) (G1 Evacuation Pause) 27M->10M(512M) 2.671ms
[1.297s][info][gc] GC(2) Pause Young (Normal) (G1 Evacuation Pause) 50M->12M(512M) 2.923ms
[1.379s][info][gc] GC(3) Pause Young (Normal) (G1 Evacuation Pause) 144M->12M(512M) 2.858ms
[1.489s][info][gc] GC(4) Pause Young (Normal) (G1 Evacuation Pause) 308M->12M(512M) 2.302ms
[1.547s][info][gc] GC(5) Pause Young (Normal) (G1 Evacuation Pause) 308M->12M(512M) 2.069ms
[1.604s][info][gc] GC(6) Pause Young (Normal) (G1 Evacuation Pause) 308M->12M(620M) 2.381ms
[1.708s][info][gc] GC(7) Pause Young (Normal) (G1 Evacuation Pause) 376M->12M(620M) 2.090ms
[1.779s][info][gc] GC(8) Pause Young (Normal) (G1 Evacuation Pause) 376M->12M(620M) 2.072ms
[1.849s][info][gc] GC(9) Pause Young (Normal) (G1 Evacuation Pause) 376M->12M(620M) 1.969ms
[1.920s][info][gc] GC(10) Pause Young (Normal) (G1 Evacuation Pause) 376M->12M(764M) 2.732ms
[2.050s][info][gc] GC(11) Pause Young (Normal) (G1 Evacuation Pause) 460M->12M(764M) 2.078ms
[2.135s][info][gc] GC(12) Pause Young (Normal) (G1 Evacuation Pause) 460M->12M(764M) 2.007ms
[2.220s][info][gc] GC(13) Pause Young (Normal) (G1 Evacuation Pause) 460M->12M(764M) 1.861ms
[2.305s][info][gc] GC(14) Pause Young (Normal) (G1 Evacuation Pause) 460M->12M(920M) 2.423ms
[2.457s][info][gc] GC(15) Pause Young (Normal) (G1 Evacuation Pause) 556M->12M(920M) 2.027ms
[2.560s][info][gc] GC(16) Pause Young (Normal) (G1 Evacuation Pause) 556M->12M(920M) 2.302ms
[2.663s][info][gc] GC(17) Pause Young (Normal) (G1 Evacuation Pause) 560M->12M(920M) 2.161ms
[2.764s][info][gc] GC(18) Pause Young (Normal) (G1 Evacuation Pause) 560M->12M(920M) 0.532ms
[2.866s][info][gc] GC(19) Pause Young (Normal) (G1 Evacuation Pause) 560M->12M(920M) 0.602ms
[2.969s][info][gc] GC(20) Pause Young (Normal) (G1 Evacuation Pause) 560M->12M(920M) 0.578ms
[3.071s][info][gc] GC(21) Pause Young (Normal) (G1 Evacuation Pause) 560M->12M(920M) 0.633ms
[3.174s][info][gc] GC(22) Pause Young (Normal) (G1 Evacuation Pause) 560M->12M(920M) 0.589ms
[3.276s][info][gc] GC(23) Pause Young (Normal) (G1 Evacuation Pause) 560M->12M(920M) 0.556ms
[3.378s][info][gc] GC(24) Pause Young (Normal) (G1 Evacuation Pause) 560M->12M(920M) 0.515ms
[3.480s][info][gc] GC(25) Pause Young (Normal) (G1 Evacuation Pause) 560M->12M(920M) 0.595ms
[3.581s][info][gc] GC(26) Pause Young (Normal) (G1 Evacuation Pause) 560M->12M(920M) 0.545ms
[3.683s][info][gc] GC(27) Pause Young (Normal) (G1 Evacuation Pause) 560M->12M(920M) 0.574ms
[3.784s][info][gc] GC(28) Pause Young (Normal) (G1 Evacuation Pause) 560M->12M(920M) 0.609ms
[3.885s][info][gc] GC(29) Pause Young (Normal) (G1 Evacuation Pause) 560M->12M(920M) 0.558ms
[3.986s][info][gc] GC(30) Pause Young (Normal) (G1 Evacuation Pause) 560M->12M(920M) 0.575ms
[4.088s][info][gc] GC(31) Pause Young (Normal) (G1 Evacuation Pause) 560M->12M(920M) 0.574ms
[4.190s][info][gc] GC(32) Pause Young (Normal) (G1 Evacuation Pause) 560M->12M(920M) 0.623ms
[4.291s][info][gc] GC(33) Pause Young (Normal) (G1 Evacuation Pause) 560M->12M(920M) 0.583ms
[4.392s][info][gc] GC(34) Pause Young (Normal) (G1 Evacuation Pause) 560M->12M(920M) 0.586ms
[4.493s][info][gc] GC(35) Pause Young (Normal) (G1 Evacuation Pause) 560M->12M(920M) 0.603ms
[4.595s][info][gc] GC(36) Pause Young (Normal) (G1 Evacuation Pause) 560M->12M(920M) 0.580ms
[4.697s][info][gc] GC(37) Pause Young (Normal) (G1 Evacuation Pause) 560M->12M(920M) 0.596ms
[4.799s][info][gc] GC(38) Pause Young (Normal) (G1 Evacuation Pause) 560M->12M(920M) 0.614ms
[4.900s][info][gc] GC(39) Pause Young (Normal) (G1 Evacuation Pause) 560M->12M(920M) 0.530ms
[5.003s][info][gc] GC(40) Pause Young (Normal) (G1 Evacuation Pause) 560M->12M(920M) 0.622ms
[5.105s][info][gc] GC(41) Pause Young (Normal) (G1 Evacuation Pause) 560M->12M(920M) 0.524ms
[5.207s][info][gc] GC(42) Pause Young (Normal) (G1 Evacuation Pause) 560M->12M(920M) 0.507ms
[5.308s][info][gc] GC(43) Pause Young (Normal) (G1 Evacuation Pause) 560M->12M(920M) 0.610ms
[5.410s][info][gc] GC(44) Pause Young (Normal) (G1 Evacuation Pause) 560M->12M(920M) 0.630ms
[5.512s][info][gc] GC(45) Pause Young (Normal) (G1 Evacuation Pause) 560M->12M(920M) 0.559ms
[5.614s][info][gc] GC(46) Pause Young (Normal) (G1 Evacuation Pause) 560M->12M(920M) 0.587ms
[5.715s][info][gc] GC(47) Pause Young (Normal) (G1 Evacuation Pause) 560M->12M(920M) 0.504ms
[5.816s][info][gc] GC(48) Pause Young (Normal) (G1 Evacuation Pause) 560M->12M(920M) 0.516ms
[5.918s][info][gc] GC(49) Pause Young (Normal) (G1 Evacuation Pause) 560M->12M(920M) 0.689ms
[6.019s][info][gc] GC(50) Pause Young (Normal) (G1 Evacuation Pause) 560M->12M(920M) 0.556ms
[6.121s][info][gc] GC(51) Pause Young (Normal) (G1 Evacuation Pause) 560M->12M(920M) 0.612ms
[6.222s][info][gc] GC(52) Pause Young (Normal) (G1 Evacuation Pause) 560M->12M(920M) 0.612ms
[6.324s][info][gc] GC(53) Pause Young (Normal) (G1 Evacuation Pause) 560M->12M(920M) 0.602ms
[6.425s][info][gc] GC(54) Pause Young (Normal) (G1 Evacuation Pause) 560M->12M(920M) 0.580ms
[6.526s][info][gc] GC(55) Pause Young (Normal) (G1 Evacuation Pause) 560M->12M(920M) 0.511ms
[6.628s][info][gc] GC(56) Pause Young (Normal) (G1 Evacuation Pause) 560M->12M(920M) 0.655ms
[6.730s][info][gc] GC(57) Pause Young (Normal) (G1 Evacuation Pause) 560M->12M(920M) 0.759ms
[6.832s][info][gc] GC(58) Pause Young (Normal) (G1 Evacuation Pause) 560M->12M(920M) 0.616ms
[6.934s][info][gc] GC(59) Pause Young (Normal) (G1 Evacuation Pause) 560M->12M(920M) 0.596ms
[7.036s][info][gc] GC(60) Pause Young (Normal) (G1 Evacuation Pause) 560M->12M(920M) 0.573ms
[7.137s][info][gc] GC(61) Pause Young (Normal) (G1 Evacuation Pause) 560M->12M(920M) 0.607ms
[7.239s][info][gc] GC(62) Pause Young (Normal) (G1 Evacuation Pause) 560M->12M(920M) 0.627ms
[7.341s][info][gc] GC(63) Pause Young (Normal) (G1 Evacuation Pause) 560M->12M(920M) 0.507ms
[7.442s][info][gc] GC(64) Pause Young (Normal) (G1 Evacuation Pause) 560M->12M(920M) 0.577ms
[7.544s][info][gc] GC(65) Pause Young (Normal) (G1 Evacuation Pause) 560M->12M(920M) 0.753ms
[7.646s][info][gc] GC(66) Pause Young (Normal) (G1 Evacuation Pause) 560M->12M(920M) 0.538ms
[7.747s][info][gc] GC(67) Pause Young (Normal) (G1 Evacuation Pause) 560M->12M(920M) 0.524ms
[7.849s][info][gc] GC(68) Pause Young (Normal) (G1 Evacuation Pause) 560M->12M(920M) 0.622ms
[7.950s][info][gc] GC(69) Pause Young (Normal) (G1 Evacuation Pause) 560M->12M(920M) 0.531ms
[8.052s][info][gc] GC(70) Pause Young (Normal) (G1 Evacuation Pause) 560M->12M(920M) 0.709ms
[8.153s][info][gc] GC(71) Pause Young (Normal) (G1 Evacuation Pause) 560M->12M(920M) 0.501ms
[8.255s][info][gc] GC(72) Pause Young (Normal) (G1 Evacuation Pause) 560M->12M(920M) 0.505ms
[8.356s][info][gc] GC(73) Pause Young (Normal) (G1 Evacuation Pause) 560M->12M(920M) 0.489ms
[8.458s][info][gc] GC(74) Pause Young (Normal) (G1 Evacuation Pause) 560M->12M(920M) 0.513ms
[8.563s][info][gc] GC(75) Pause Young (Normal) (G1 Evacuation Pause) 560M->12M(920M) 0.622ms
[8.664s][info][gc] GC(76) Pause Young (Normal) (G1 Evacuation Pause) 560M->12M(920M) 0.586ms
[8.766s][info][gc] GC(77) Pause Young (Normal) (G1 Evacuation Pause) 560M->12M(920M) 0.602ms
[8.867s][info][gc] GC(78) Pause Young (Normal) (G1 Evacuation Pause) 560M->12M(920M) 0.648ms
[8.969s][info][gc] GC(79) Pause Young (Normal) (G1 Evacuation Pause) 560M->12M(920M) 0.598ms
[9.071s][info][gc] GC(80) Pause Young (Normal) (G1 Evacuation Pause) 560M->12M(920M) 0.614ms
[9.173s][info][gc] GC(81) Pause Young (Normal) (G1 Evacuation Pause) 560M->12M(920M) 0.598ms
[9.275s][info][gc] GC(82) Pause Young (Normal) (G1 Evacuation Pause) 560M->12M(920M) 0.570ms
[9.376s][info][gc] GC(83) Pause Young (Normal) (G1 Evacuation Pause) 560M->12M(920M) 0.629ms
[9.478s][info][gc] GC(84) Pause Young (Normal) (G1 Evacuation Pause) 560M->12M(920M) 0.567ms
[9.580s][info][gc] GC(85) Pause Young (Normal) (G1 Evacuation Pause) 560M->12M(920M) 0.541ms
[9.682s][info][gc] GC(86) Pause Young (Normal) (G1 Evacuation Pause) 560M->12M(920M) 0.602ms
[9.784s][info][gc] GC(87) Pause Young (Normal) (G1 Evacuation Pause) 560M->12M(920M) 0.560ms
[9.886s][info][gc] GC(88) Pause Young (Normal) (G1 Evacuation Pause) 560M->12M(920M) 0.593ms
[9.988s][info][gc] GC(89) Pause Young (Normal) (G1 Evacuation Pause) 560M->12M(920M) 0.613ms
[10.089s][info][gc] GC(90) Pause Young (Normal) (G1 Evacuation Pause) 560M->12M(920M) 0.618ms
[10.191s][info][gc] GC(91) Pause Young (Normal) (G1 Evacuation Pause) 560M->12M(920M) 0.490ms
[10.293s][info][gc] GC(92) Pause Young (Normal) (G1 Evacuation Pause) 560M->12M(920M) 0.599ms
[10.394s][info][gc] GC(93) Pause Young (Normal) (G1 Evacuation Pause) 560M->12M(920M) 0.586ms
[10.496s][info][gc] GC(94) Pause Young (Normal) (G1 Evacuation Pause) 560M->12M(920M) 0.594ms
[10.598s][info][gc] GC(95) Pause Young (Normal) (G1 Evacuation Pause) 560M->12M(920M) 0.582ms
[10.701s][info][gc] GC(96) Pause Young (Normal) (G1 Evacuation Pause) 560M->12M(920M) 0.587ms
[10.802s][info][gc] GC(97) Pause Young (Normal) (G1 Evacuation Pause) 560M->12M(920M) 0.542ms
[10.904s][info][gc] GC(98) Pause Young (Normal) (G1 Evacuation Pause) 560M->12M(920M) 0.576ms
[11.006s][info][gc] GC(99) Pause Young (Normal) (G1 Evacuation Pause) 560M->12M(920M) 0.503ms
[11.107s][info][gc] GC(100) Pause Young (Normal) (G1 Evacuation Pause) 560M->12M(920M) 0.585ms
[11.211s][info][gc] GC(101) Pause Young (Normal) (G1 Evacuation Pause) 560M->12M(920M) 0.562ms
[11.312s][info][gc] GC(102) Pause Young (Normal) (G1 Evacuation Pause) 560M->12M(920M) 0.558ms
[11.414s][info][gc] GC(103) Pause Young (Normal) (G1 Evacuation Pause) 560M->12M(920M) 0.617ms
[11.515s][info][gc] GC(104) Pause Young (Normal) (G1 Evacuation Pause) 560M->12M(920M) 0.590ms
[11.618s][info][gc] GC(105) Pause Young (Normal) (G1 Evacuation Pause) 560M->12M(920M) 0.637ms
[11.720s][info][gc] GC(106) Pause Young (Normal) (G1 Evacuation Pause) 560M->12M(920M) 0.547ms
[11.822s][info][gc] GC(107) Pause Young (Normal) (G1 Evacuation Pause) 560M->12M(920M) 0.590ms
[11.924s][info][gc] GC(108) Pause Young (Normal) (G1 Evacuation Pause) 560M->12M(920M) 0.533ms
[12.025s][info][gc] GC(109) Pause Young (Normal) (G1 Evacuation Pause) 560M->12M(920M) 0.531ms
[12.126s][info][gc] GC(110) Pause Young (Normal) (G1 Evacuation Pause) 560M->12M(920M) 0.532ms
[12.227s][info][gc] GC(111) Pause Young (Normal) (G1 Evacuation Pause) 560M->12M(920M) 0.535ms
[12.329s][info][gc] GC(112) Pause Young (Normal) (G1 Evacuation Pause) 560M->12M(920M) 0.593ms
[12.431s][info][gc] GC(113) Pause Young (Normal) (G1 Evacuation Pause) 560M->12M(920M) 0.659ms
[12.532s][info][gc] GC(114) Pause Young (Normal) (G1 Evacuation Pause) 560M->12M(920M) 0.648ms
[12.634s][info][gc] GC(115) Pause Young (Normal) (G1 Evacuation Pause) 560M->12M(920M) 0.588ms
[12.737s][info][gc] GC(116) Pause Young (Normal) (G1 Evacuation Pause) 560M->12M(920M) 0.569ms
[12.838s][info][gc] GC(117) Pause Young (Normal) (G1 Evacuation Pause) 560M->12M(920M) 0.487ms
[12.940s][info][gc] GC(118) Pause Young (Normal) (G1 Evacuation Pause) 560M->12M(920M) 0.586ms
[13.042s][info][gc] GC(119) Pause Young (Normal) (G1 Evacuation Pause) 560M->12M(920M) 0.588ms
[13.144s][info][gc] GC(120) Pause Young (Normal) (G1 Evacuation Pause) 560M->12M(920M) 0.601ms
[13.246s][info][gc] GC(121) Pause Young (Normal) (G1 Evacuation Pause) 560M->12M(920M) 0.639ms
[13.347s][info][gc] GC(122) Pause Young (Normal) (G1 Evacuation Pause) 560M->12M(920M) 0.537ms
[13.448s][info][gc] GC(123) Pause Young (Normal) (G1 Evacuation Pause) 560M->12M(920M) 0.599ms
[13.550s][info][gc] GC(124) Pause Young (Normal) (G1 Evacuation Pause) 560M->12M(920M) 0.568ms
[13.652s][info][gc] GC(125) Pause Young (Normal) (G1 Evacuation Pause) 560M->12M(920M) 0.515ms
[13.753s][info][gc] GC(126) Pause Young (Normal) (G1 Evacuation Pause) 560M->12M(920M) 0.600ms
[13.855s][info][gc] GC(127) Pause Young (Normal) (G1 Evacuation Pause) 560M->12M(920M) 0.515ms
[13.958s][info][gc] GC(128) Pause Young (Normal) (G1 Evacuation Pause) 560M->12M(920M) 0.582ms
[14.060s][info][gc] GC(129) Pause Young (Normal) (G1 Evacuation Pause) 560M->12M(920M) 0.620ms
[14.162s][info][gc] GC(130) Pause Young (Normal) (G1 Evacuation Pause) 560M->12M(920M) 0.549ms
[14.264s][info][gc] GC(131) Pause Young (Normal) (G1 Evacuation Pause) 560M->12M(920M) 0.602ms
[14.365s][info][gc] GC(132) Pause Young (Normal) (G1 Evacuation Pause) 560M->12M(920M) 0.594ms
[14.467s][info][gc] GC(133) Pause Young (Normal) (G1 Evacuation Pause) 560M->12M(920M) 0.609ms
[14.569s][info][gc] GC(134) Pause Young (Normal) (G1 Evacuation Pause) 560M->12M(920M) 0.488ms
[14.671s][info][gc] GC(135) Pause Young (Normal) (G1 Evacuation Pause) 560M->12M(920M) 0.580ms
[14.773s][info][gc] GC(136) Pause Young (Normal) (G1 Evacuation Pause) 560M->12M(920M) 0.633ms
[14.875s][info][gc] GC(137) Pause Young (Normal) (G1 Evacuation Pause) 560M->12M(920M) 0.526ms
[14.976s][info][gc] GC(138) Pause Young (Normal) (G1 Evacuation Pause) 560M->12M(920M) 0.592ms
[15.078s][info][gc] GC(139) Pause Young (Normal) (G1 Evacuation Pause) 560M->12M(920M) 0.523ms
[15.180s][info][gc] GC(140) Pause Young (Normal) (G1 Evacuation Pause) 560M->12M(920M) 0.538ms
[15.281s][info][gc] GC(141) Pause Young (Normal) (G1 Evacuation Pause) 560M->12M(920M) 0.577ms
[15.383s][info][gc] GC(142) Pause Young (Normal) (G1 Evacuation Pause) 560M->12M(920M) 0.500ms
[15.485s][info][gc] GC(143) Pause Young (Normal) (G1 Evacuation Pause) 560M->12M(920M) 0.556ms
[15.589s][info][gc] GC(144) Pause Young (Normal) (G1 Evacuation Pause) 560M->12M(920M) 0.552ms
[15.692s][info][gc] GC(145) Pause Young (Normal) (G1 Evacuation Pause) 560M->12M(920M) 0.615ms
[15.794s][info][gc] GC(146) Pause Young (Normal) (G1 Evacuation Pause) 560M->12M(920M) 0.534ms
[15.895s][info][gc] GC(147) Pause Young (Normal) (G1 Evacuation Pause) 560M->12M(920M) 0.567ms
[15.997s][info][gc] GC(148) Pause Young (Normal) (G1 Evacuation Pause) 560M->12M(920M) 0.620ms
[16.099s][info][gc] GC(149) Pause Young (Normal) (G1 Evacuation Pause) 560M->12M(920M) 0.552ms
[16.201s][info][gc] GC(150) Pause Young (Normal) (G1 Evacuation Pause) 560M->12M(920M) 0.607ms
[16.303s][info][gc] GC(151) Pause Young (Normal) (G1 Evacuation Pause) 560M->12M(920M) 0.636ms
[16.404s][info][gc] GC(152) Pause Young (Normal) (G1 Evacuation Pause) 560M->12M(920M) 0.504ms
[16.506s][info][gc] GC(153) Pause Young (Normal) (G1 Evacuation Pause) 560M->12M(920M) 0.583ms
[16.608s][info][gc] GC(154) Pause Young (Normal) (G1 Evacuation Pause) 560M->12M(920M) 0.583ms
[16.710s][info][gc] GC(155) Pause Young (Normal) (G1 Evacuation Pause) 560M->12M(920M) 0.516ms
[16.811s][info][gc] GC(156) Pause Young (Normal) (G1 Evacuation Pause) 560M->12M(920M) 0.622ms
[16.913s][info][gc] GC(157) Pause Young (Normal) (G1 Evacuation Pause) 560M->12M(920M) 0.553ms
[17.015s][info][gc] GC(158) Pause Young (Normal) (G1 Evacuation Pause) 560M->12M(920M) 0.585ms
[17.117s][info][gc] GC(159) Pause Young (Normal) (G1 Evacuation Pause) 560M->12M(920M) 0.645ms
[17.220s][info][gc] GC(160) Pause Young (Normal) (G1 Evacuation Pause) 560M->12M(920M) 0.647ms
[17.323s][info][gc] GC(161) Pause Young (Normal) (G1 Evacuation Pause) 560M->12M(920M) 0.540ms
[17.427s][info][gc] GC(162) Pause Young (Normal) (G1 Evacuation Pause) 560M->12M(920M) 0.568ms
[17.530s][info][gc] GC(163) Pause Young (Normal) (G1 Evacuation Pause) 560M->12M(920M) 0.528ms
[17.632s][info][gc] GC(164) Pause Young (Normal) (G1 Evacuation Pause) 560M->12M(920M) 0.495ms
[17.734s][info][gc] GC(165) Pause Young (Normal) (G1 Evacuation Pause) 560M->12M(920M) 0.525ms
[17.836s][info][gc] GC(166) Pause Young (Normal) (G1 Evacuation Pause) 560M->12M(920M) 0.601ms
[17.938s][info][gc] GC(167) Pause Young (Normal) (G1 Evacuation Pause) 560M->12M(920M) 0.580ms
[18.040s][info][gc] GC(168) Pause Young (Normal) (G1 Evacuation Pause) 560M->12M(920M) 0.605ms
[18.142s][info][gc] GC(169) Pause Young (Normal) (G1 Evacuation Pause) 560M->12M(920M) 0.562ms
[18.244s][info][gc] GC(170) Pause Young (Normal) (G1 Evacuation Pause) 560M->12M(920M) 0.620ms
[18.345s][info][gc] GC(171) Pause Young (Normal) (G1 Evacuation Pause) 560M->12M(920M) 0.613ms
[18.447s][info][gc] GC(172) Pause Young (Normal) (G1 Evacuation Pause) 560M->12M(920M) 0.512ms
[18.549s][info][gc] GC(173) Pause Young (Normal) (G1 Evacuation Pause) 560M->12M(920M) 0.583ms
[18.652s][info][gc] GC(174) Pause Young (Normal) (G1 Evacuation Pause) 560M->12M(920M) 0.565ms
[18.754s][info][gc] GC(175) Pause Young (Normal) (G1 Evacuation Pause) 560M->12M(920M) 0.587ms
[18.856s][info][gc] GC(176) Pause Young (Normal) (G1 Evacuation Pause) 560M->12M(920M) 0.552ms
[18.958s][info][gc] GC(177) Pause Young (Normal) (G1 Evacuation Pause) 560M->12M(920M) 0.578ms
[19.059s][info][gc] GC(178) Pause Young (Normal) (G1 Evacuation Pause) 560M->12M(920M) 0.525ms
[19.161s][info][gc] GC(179) Pause Young (Normal) (G1 Evacuation Pause) 560M->12M(920M) 0.504ms
[19.263s][info][gc] GC(180) Pause Young (Normal) (G1 Evacuation Pause) 560M->12M(920M) 0.531ms
[19.368s][info][gc] GC(181) Pause Young (Normal) (G1 Evacuation Pause) 560M->12M(920M) 0.697ms
[19.472s][info][gc] GC(182) Pause Young (Normal) (G1 Evacuation Pause) 560M->12M(920M) 0.572ms
[19.574s][info][gc] GC(183) Pause Young (Normal) (G1 Evacuation Pause) 560M->12M(920M) 0.524ms
[19.676s][info][gc] GC(184) Pause Young (Normal) (G1 Evacuation Pause) 560M->12M(920M) 0.612ms
[19.778s][info][gc] GC(185) Pause Young (Normal) (G1 Evacuation Pause) 560M->12M(920M) 0.584ms
[19.879s][info][gc] GC(186) Pause Young (Normal) (G1 Evacuation Pause) 560M->12M(920M) 0.628ms
[19.981s][info][gc] GC(187) Pause Young (Normal) (G1 Evacuation Pause) 560M->12M(920M) 0.622ms
[20.083s][info][gc] GC(188) Pause Young (Normal) (G1 Evacuation Pause) 560M->12M(920M) 0.501ms
[20.184s][info][gc] GC(189) Pause Young (Normal) (G1 Evacuation Pause) 560M->12M(920M) 0.579ms
[20.286s][info][gc] GC(190) Pause Young (Normal) (G1 Evacuation Pause) 560M->12M(920M) 0.491ms
[20.390s][info][gc] GC(191) Pause Young (Normal) (G1 Evacuation Pause) 560M->12M(920M) 0.567ms
[20.493s][info][gc] GC(192) Pause Young (Normal) (G1 Evacuation Pause) 560M->12M(920M) 0.608ms
[20.596s][info][gc] GC(193) Pause Young (Normal) (G1 Evacuation Pause) 560M->12M(920M) 0.598ms
[20.697s][info][gc] GC(194) Pause Young (Normal) (G1 Evacuation Pause) 560M->12M(920M) 0.568ms
[20.799s][info][gc] GC(195) Pause Young (Normal) (G1 Evacuation Pause) 560M->12M(920M) 0.490ms
[20.901s][info][gc] GC(196) Pause Young (Normal) (G1 Evacuation Pause) 560M->12M(920M) 0.568ms
[21.002s][info][gc] GC(197) Pause Young (Normal) (G1 Evacuation Pause) 560M->12M(920M) 0.590ms
[21.104s][info][gc] GC(198) Pause Young (Normal) (G1 Evacuation Pause) 560M->12M(920M) 0.638ms
[21.209s][info][gc] GC(199) Pause Young (Normal) (G1 Evacuation Pause) 560M->12M(920M) 0.604ms
[21.310s][info][gc] GC(200) Pause Young (Normal) (G1 Evacuation Pause) 560M->12M(920M) 0.604ms
[21.412s][info][gc] GC(201) Pause Young (Normal) (G1 Evacuation Pause) 560M->12M(920M) 0.630ms
[21.514s][info][gc] GC(202) Pause Young (Normal) (G1 Evacuation Pause) 560M->12M(920M) 0.583ms
[21.616s][info][gc] GC(203) Pause Young (Normal) (G1 Evacuation Pause) 560M->12M(920M) 0.575ms
[21.718s][info][gc] GC(204) Pause Young (Normal) (G1 Evacuation Pause) 560M->12M(920M) 0.526ms
[21.819s][info][gc] GC(205) Pause Young (Normal) (G1 Evacuation Pause) 560M->12M(920M) 0.640ms
[21.921s][info][gc] GC(206) Pause Young (Normal) (G1 Evacuation Pause) 560M->12M(920M) 0.578ms
[22.024s][info][gc] GC(207) Pause Young (Normal) (G1 Evacuation Pause) 560M->12M(920M) 0.573ms
[22.125s][info][gc] GC(208) Pause Young (Normal) (G1 Evacuation Pause) 560M->12M(920M) 0.616ms
[22.227s][info][gc] GC(209) Pause Young (Normal) (G1 Evacuation Pause) 560M->12M(920M) 0.626ms
[22.329s][info][gc] GC(210) Pause Young (Normal) (G1 Evacuation Pause) 560M->12M(920M) 0.590ms
[22.431s][info][gc] GC(211) Pause Young (Normal) (G1 Evacuation Pause) 560M->12M(920M) 0.612ms
[22.533s][info][gc] GC(212) Pause Young (Normal) (G1 Evacuation Pause) 560M->12M(920M) 0.693ms
[22.635s][info][gc] GC(213) Pause Young (Normal) (G1 Evacuation Pause) 560M->12M(920M) 0.685ms
[22.737s][info][gc] GC(214) Pause Young (Normal) (G1 Evacuation Pause) 560M->12M(920M) 0.560ms
[22.839s][info][gc] GC(215) Pause Young (Normal) (G1 Evacuation Pause) 560M->12M(920M) 0.591ms
[22.941s][info][gc] GC(216) Pause Young (Normal) (G1 Evacuation Pause) 560M->12M(920M) 0.629ms
[23.042s][info][gc] GC(217) Pause Young (Normal) (G1 Evacuation Pause) 560M->12M(920M) 0.568ms
[23.144s][info][gc] GC(218) Pause Young (Normal) (G1 Evacuation Pause) 560M->12M(920M) 0.595ms
[23.246s][info][gc] GC(219) Pause Young (Normal) (G1 Evacuation Pause) 560M->12M(920M) 0.569ms
[23.348s][info][gc] GC(220) Pause Young (Normal) (G1 Evacuation Pause) 560M->12M(920M) 0.523ms
[23.450s][info][gc] GC(221) Pause Young (Normal) (G1 Evacuation Pause) 560M->12M(920M) 0.609ms
[23.552s][info][gc] GC(222) Pause Young (Normal) (G1 Evacuation Pause) 560M->12M(920M) 0.537ms
[23.654s][info][gc] GC(223) Pause Young (Normal) (G1 Evacuation Pause) 560M->12M(920M) 0.507ms
[23.756s][info][gc] GC(224) Pause Young (Normal) (G1 Evacuation Pause) 560M->12M(920M) 0.616ms
[23.857s][info][gc] GC(225) Pause Young (Normal) (G1 Evacuation Pause) 560M->12M(920M) 0.605ms
[23.959s][info][gc] GC(226) Pause Young (Normal) (G1 Evacuation Pause) 560M->12M(920M) 0.610ms
[24.061s][info][gc] GC(227) Pause Young (Normal) (G1 Evacuation Pause) 560M->12M(920M) 0.579ms
[24.162s][info][gc] GC(228) Pause Young (Normal) (G1 Evacuation Pause) 560M->12M(920M) 0.484ms
[24.264s][info][gc] GC(229) Pause Young (Normal) (G1 Evacuation Pause) 560M->12M(920M) 0.532ms
[24.365s][info][gc] GC(230) Pause Young (Normal) (G1 Evacuation Pause) 560M->12M(920M) 0.566ms
[24.467s][info][gc] GC(231) Pause Young (Normal) (G1 Evacuation Pause) 560M->12M(920M) 0.618ms
[24.569s][info][gc] GC(232) Pause Young (Normal) (G1 Evacuation Pause) 560M->12M(920M) 0.656ms
[24.670s][info][gc] GC(233) Pause Young (Normal) (G1 Evacuation Pause) 560M->12M(920M) 0.630ms
[24.772s][info][gc] GC(234) Pause Young (Normal) (G1 Evacuation Pause) 560M->12M(920M) 0.623ms
[24.874s][info][gc] GC(235) Pause Young (Normal) (G1 Evacuation Pause) 560M->12M(920M) 0.593ms
[24.975s][info][gc] GC(236) Pause Young (Normal) (G1 Evacuation Pause) 560M->12M(920M) 0.549ms
[25.077s][info][gc] GC(237) Pause Young (Normal) (G1 Evacuation Pause) 560M->12M(920M) 0.646ms
[25.179s][info][gc] GC(238) Pause Young (Normal) (G1 Evacuation Pause) 560M->12M(920M) 0.530ms
[25.281s][info][gc] GC(239) Pause Young (Normal) (G1 Evacuation Pause) 560M->12M(920M) 0.609ms
[25.383s][info][gc] GC(240) Pause Young (Normal) (G1 Evacuation Pause) 560M->12M(920M) 0.547ms
[25.484s][info][gc] GC(241) Pause Young (Normal) (G1 Evacuation Pause) 560M->12M(920M) 0.599ms
[25.586s][info][gc] GC(242) Pause Young (Normal) (G1 Evacuation Pause) 560M->12M(920M) 0.574ms
[25.688s][info][gc] GC(243) Pause Young (Normal) (G1 Evacuation Pause) 560M->12M(920M) 0.604ms
[25.794s][info][gc] GC(244) Pause Young (Normal) (G1 Evacuation Pause) 560M->12M(920M) 0.548ms
[25.902s][info][gc] GC(245) Pause Young (Normal) (G1 Evacuation Pause) 560M->12M(920M) 0.629ms
[26.005s][info][gc] GC(246) Pause Young (Normal) (G1 Evacuation Pause) 560M->12M(920M) 0.612ms
[26.109s][info][gc] GC(247) Pause Young (Normal) (G1 Evacuation Pause) 560M->12M(920M) 0.551ms
[26.214s][info][gc] GC(248) Pause Young (Normal) (G1 Evacuation Pause) 560M->12M(920M) 0.531ms
[26.318s][info][gc] GC(249) Pause Young (Normal) (G1 Evacuation Pause) 560M->12M(920M) 0.669ms
[26.424s][info][gc] GC(250) Pause Young (Normal) (G1 Evacuation Pause) 560M->12M(920M) 0.598ms
[26.530s][info][gc] GC(251) Pause Young (Normal) (G1 Evacuation Pause) 560M->12M(920M) 0.606ms
[26.641s][info][gc] GC(252) Pause Young (Normal) (G1 Evacuation Pause) 560M->12M(920M) 0.567ms
[26.746s][info][gc] GC(253) Pause Young (Normal) (G1 Evacuation Pause) 560M->12M(920M) 0.546ms
[26.849s][info][gc] GC(254) Pause Young (Normal) (G1 Evacuation Pause) 560M->12M(920M) 0.685ms
[26.951s][info][gc] GC(255) Pause Young (Normal) (G1 Evacuation Pause) 560M->12M(920M) 0.674ms
[27.053s][info][gc] GC(256) Pause Young (Normal) (G1 Evacuation Pause) 560M->12M(920M) 0.537ms
[27.155s][info][gc] GC(257) Pause Young (Normal) (G1 Evacuation Pause) 560M->12M(920M) 0.594ms
[27.257s][info][gc] GC(258) Pause Young (Normal) (G1 Evacuation Pause) 560M->12M(920M) 0.624ms
[27.359s][info][gc] GC(259) Pause Young (Normal) (G1 Evacuation Pause) 560M->12M(920M) 0.541ms
[27.461s][info][gc] GC(260) Pause Young (Normal) (G1 Evacuation Pause) 560M->12M(920M) 0.541ms
[27.563s][info][gc] GC(261) Pause Young (Normal) (G1 Evacuation Pause) 560M->12M(920M) 0.571ms
[27.665s][info][gc] GC(262) Pause Young (Normal) (G1 Evacuation Pause) 560M->12M(920M) 0.594ms
[27.767s][info][gc] GC(263) Pause Young (Normal) (G1 Evacuation Pause) 560M->12M(920M) 0.536ms
[27.869s][info][gc] GC(264) Pause Young (Normal) (G1 Evacuation Pause) 560M->12M(920M) 0.529ms
[27.971s][info][gc] GC(265) Pause Young (Normal) (G1 Evacuation Pause) 560M->12M(920M) 0.553ms
[28.073s][info][gc] GC(266) Pause Young (Normal) (G1 Evacuation Pause) 560M->12M(920M) 0.577ms
[28.174s][info][gc] GC(267) Pause Young (Normal) (G1 Evacuation Pause) 560M->12M(920M) 0.582ms
[28.276s][info][gc] GC(268) Pause Young (Normal) (G1 Evacuation Pause) 560M->12M(920M) 0.597ms
[28.378s][info][gc] GC(269) Pause Young (Normal) (G1 Evacuation Pause) 560M->12M(920M) 0.514ms
[28.480s][info][gc] GC(270) Pause Young (Normal) (G1 Evacuation Pause) 560M->12M(920M) 0.599ms
[28.589s][info][gc] GC(271) Pause Young (Normal) (G1 Evacuation Pause) 560M->12M(920M) 0.747ms
[28.696s][info][gc] GC(272) Pause Young (Normal) (G1 Evacuation Pause) 560M->12M(920M) 0.552ms
[28.808s][info][gc] GC(273) Pause Young (Normal) (G1 Evacuation Pause) 560M->12M(920M) 0.636ms
[28.913s][info][gc] GC(274) Pause Young (Normal) (G1 Evacuation Pause) 560M->12M(920M) 0.583ms
[29.016s][info][gc] GC(275) Pause Young (Normal) (G1 Evacuation Pause) 560M->12M(920M) 0.565ms
[29.119s][info][gc] GC(276) Pause Young (Normal) (G1 Evacuation Pause) 560M->12M(920M) 0.658ms
[29.232s][info][gc] GC(277) Pause Young (Normal) (G1 Evacuation Pause) 560M->12M(920M) 0.589ms
[29.338s][info][gc] GC(278) Pause Young (Normal) (G1 Evacuation Pause) 560M->12M(920M) 0.511ms
[29.441s][info][gc] GC(279) Pause Young (Normal) (G1 Evacuation Pause) 560M->12M(920M) 0.559ms
[29.544s][info][gc] GC(280) Pause Young (Normal) (G1 Evacuation Pause) 560M->12M(920M) 0.581ms
[29.646s][info][gc] GC(281) Pause Young (Normal) (G1 Evacuation Pause) 560M->12M(920M) 0.596ms
[29.749s][info][gc] GC(282) Pause Young (Normal) (G1 Evacuation Pause) 560M->12M(920M) 0.629ms
[29.851s][info][gc] GC(283) Pause Young (Normal) (G1 Evacuation Pause) 560M->12M(920M) 0.587ms
[29.954s][info][gc] GC(284) Pause Young (Normal) (G1 Evacuation Pause) 560M->12M(920M) 0.566ms
[30.057s][info][gc] GC(285) Pause Young (Normal) (G1 Evacuation Pause) 560M->12M(920M) 0.582ms
[30.160s][info][gc] GC(286) Pause Young (Normal) (G1 Evacuation Pause) 560M->12M(920M) 0.593ms
[30.263s][info][gc] GC(287) Pause Young (Normal) (G1 Evacuation Pause) 560M->12M(920M) 0.566ms
[30.367s][info][gc] GC(288) Pause Young (Normal) (G1 Evacuation Pause) 560M->12M(920M) 0.626ms
[30.470s][info][gc] GC(289) Pause Young (Normal) (G1 Evacuation Pause) 560M->12M(920M) 0.587ms
[30.573s][info][gc] GC(290) Pause Young (Normal) (G1 Evacuation Pause) 560M->12M(920M) 0.558ms
[30.676s][info][gc] GC(291) Pause Young (Normal) (G1 Evacuation Pause) 560M->12M(920M) 0.595ms
[30.779s][info][gc] GC(292) Pause Young (Normal) (G1 Evacuation Pause) 560M->12M(920M) 0.644ms
[30.882s][info][gc] GC(293) Pause Young (Normal) (G1 Evacuation Pause) 560M->12M(920M) 0.503ms
[30.990s][info][gc] GC(294) Pause Young (Normal) (G1 Evacuation Pause) 560M->12M(920M) 0.624ms
[31.095s][info][gc] GC(295) Pause Young (Normal) (G1 Evacuation Pause) 560M->12M(920M) 0.595ms
[31.197s][info][gc] GC(296) Pause Young (Normal) (G1 Evacuation Pause) 560M->12M(920M) 0.526ms
[31.299s][info][gc] GC(297) Pause Young (Normal) (G1 Evacuation Pause) 560M->12M(920M) 0.557ms
[31.401s][info][gc] GC(298) Pause Young (Normal) (G1 Evacuation Pause) 560M->12M(920M) 0.593ms
[31.503s][info][gc] GC(299) Pause Young (Normal) (G1 Evacuation Pause) 560M->12M(920M) 0.587ms
[31.605s][info][gc] GC(300) Pause Young (Normal) (G1 Evacuation Pause) 560M->12M(920M) 0.601ms
[31.708s][info][gc] GC(301) Pause Young (Normal) (G1 Evacuation Pause) 560M->12M(920M) 0.626ms
[31.810s][info][gc] GC(302) Pause Young (Normal) (G1 Evacuation Pause) 560M->12M(920M) 0.567ms
[31.912s][info][gc] GC(303) Pause Young (Normal) (G1 Evacuation Pause) 560M->12M(920M) 0.647ms
[32.014s][info][gc] GC(304) Pause Young (Normal) (G1 Evacuation Pause) 560M->12M(920M) 0.533ms
[32.116s][info][gc] GC(305) Pause Young (Normal) (G1 Evacuation Pause) 560M->12M(920M) 0.523ms
[32.218s][info][gc] GC(306) Pause Young (Normal) (G1 Evacuation Pause) 560M->12M(920M) 0.620ms
[32.321s][info][gc] GC(307) Pause Young (Normal) (G1 Evacuation Pause) 560M->12M(920M) 0.518ms
[32.423s][info][gc] GC(308) Pause Young (Normal) (G1 Evacuation Pause) 560M->12M(920M) 0.586ms
[32.525s][info][gc] GC(309) Pause Young (Normal) (G1 Evacuation Pause) 560M->12M(920M) 0.568ms
[32.627s][info][gc] GC(310) Pause Young (Normal) (G1 Evacuation Pause) 560M->12M(920M) 0.509ms
[32.730s][info][gc] GC(311) Pause Young (Normal) (G1 Evacuation Pause) 560M->12M(920M) 0.619ms
[32.832s][info][gc] GC(312) Pause Young (Normal) (G1 Evacuation Pause) 560M->12M(920M) 0.519ms
[32.934s][info][gc] GC(313) Pause Young (Normal) (G1 Evacuation Pause) 560M->12M(920M) 0.563ms
[33.036s][info][gc] GC(314) Pause Young (Normal) (G1 Evacuation Pause) 560M->12M(920M) 0.575ms
[33.139s][info][gc] GC(315) Pause Young (Normal) (G1 Evacuation Pause) 560M->12M(920M) 0.528ms
[33.242s][info][gc] GC(316) Pause Young (Normal) (G1 Evacuation Pause) 560M->12M(920M) 0.566ms
[33.345s][info][gc] GC(317) Pause Young (Normal) (G1 Evacuation Pause) 560M->12M(920M) 0.624ms
[33.447s][info][gc] GC(318) Pause Young (Normal) (G1 Evacuation Pause) 560M->12M(920M) 0.520ms
[33.549s][info][gc] GC(319) Pause Young (Normal) (G1 Evacuation Pause) 560M->12M(920M) 0.543ms
[33.652s][info][gc] GC(320) Pause Young (Normal) (G1 Evacuation Pause) 560M->12M(920M) 0.633ms
[33.754s][info][gc] GC(321) Pause Young (Normal) (G1 Evacuation Pause) 560M->12M(920M) 0.576ms
[33.856s][info][gc] GC(322) Pause Young (Normal) (G1 Evacuation Pause) 560M->12M(920M) 0.587ms
[33.958s][info][gc] GC(323) Pause Young (Normal) (G1 Evacuation Pause) 560M->12M(920M) 0.592ms
[34.061s][info][gc] GC(324) Pause Young (Normal) (G1 Evacuation Pause) 560M->12M(920M) 0.598ms
[34.163s][info][gc] GC(325) Pause Young (Normal) (G1 Evacuation Pause) 560M->12M(920M) 0.570ms
[34.265s][info][gc] GC(326) Pause Young (Normal) (G1 Evacuation Pause) 560M->12M(920M) 0.606ms
[34.367s][info][gc] GC(327) Pause Young (Normal) (G1 Evacuation Pause) 560M->12M(920M) 0.530ms
[34.469s][info][gc] GC(328) Pause Young (Normal) (G1 Evacuation Pause) 560M->12M(920M) 0.555ms
[34.572s][info][gc] GC(329) Pause Young (Normal) (G1 Evacuation Pause) 560M->12M(920M) 0.540ms
[34.675s][info][gc] GC(330) Pause Young (Normal) (G1 Evacuation Pause) 560M->12M(920M) 0.517ms
[34.777s][info][gc] GC(331) Pause Young (Normal) (G1 Evacuation Pause) 560M->12M(920M) 0.590ms
[34.879s][info][gc] GC(332) Pause Young (Normal) (G1 Evacuation Pause) 560M->12M(920M) 0.593ms
[34.981s][info][gc] GC(333) Pause Young (Normal) (G1 Evacuation Pause) 560M->12M(920M) 0.530ms
[35.084s][info][gc] GC(334) Pause Young (Normal) (G1 Evacuation Pause) 560M->12M(920M) 0.510ms
[35.186s][info][gc] GC(335) Pause Young (Normal) (G1 Evacuation Pause) 560M->12M(920M) 0.617ms
[35.288s][info][gc] GC(336) Pause Young (Normal) (G1 Evacuation Pause) 560M->12M(920M) 0.569ms
[35.390s][info][gc] GC(337) Pause Young (Normal) (G1 Evacuation Pause) 560M->12M(920M) 0.611ms
[35.493s][info][gc] GC(338) Pause Young (Normal) (G1 Evacuation Pause) 560M->12M(920M) 0.604ms
[35.595s][info][gc] GC(339) Pause Young (Normal) (G1 Evacuation Pause) 560M->12M(920M) 0.566ms
[35.697s][info][gc] GC(340) Pause Young (Normal) (G1 Evacuation Pause) 560M->12M(920M) 0.486ms
[35.800s][info][gc] GC(341) Pause Young (Normal) (G1 Evacuation Pause) 560M->12M(920M) 0.646ms
[35.904s][info][gc] GC(342) Pause Young (Normal) (G1 Evacuation Pause) 560M->12M(920M) 0.634ms
[36.008s][info][gc] GC(343) Pause Young (Normal) (G1 Evacuation Pause) 560M->12M(920M) 0.524ms
[36.109s][info][gc] GC(344) Pause Young (Normal) (G1 Evacuation Pause) 560M->12M(920M) 0.602ms
[36.213s][info][gc] GC(345) Pause Young (Normal) (G1 Evacuation Pause) 560M->12M(920M) 0.530ms
[36.316s][info][gc] GC(346) Pause Young (Normal) (G1 Evacuation Pause) 560M->12M(920M) 0.564ms
[36.426s][info][gc] GC(347) Pause Young (Normal) (G1 Evacuation Pause) 560M->12M(920M) 0.523ms
[36.528s][info][gc] GC(348) Pause Young (Normal) (G1 Evacuation Pause) 560M->12M(920M) 0.593ms
[36.630s][info][gc] GC(349) Pause Young (Normal) (G1 Evacuation Pause) 560M->12M(920M) 0.544ms
[36.732s][info][gc] GC(350) Pause Young (Normal) (G1 Evacuation Pause) 560M->12M(920M) 0.571ms
[36.834s][info][gc] GC(351) Pause Young (Normal) (G1 Evacuation Pause) 560M->12M(920M) 0.604ms
[36.936s][info][gc] GC(352) Pause Young (Normal) (G1 Evacuation Pause) 560M->12M(920M) 0.643ms
[37.038s][info][gc] GC(353) Pause Young (Normal) (G1 Evacuation Pause) 560M->12M(920M) 0.532ms
[37.141s][info][gc] GC(354) Pause Young (Normal) (G1 Evacuation Pause) 560M->12M(920M) 0.525ms
[37.243s][info][gc] GC(355) Pause Young (Normal) (G1 Evacuation Pause) 560M->12M(920M) 0.624ms
[37.345s][info][gc] GC(356) Pause Young (Normal) (G1 Evacuation Pause) 560M->12M(920M) 0.593ms
[37.447s][info][gc] GC(357) Pause Young (Normal) (G1 Evacuation Pause) 560M->12M(920M) 0.552ms
[37.549s][info][gc] GC(358) Pause Young (Normal) (G1 Evacuation Pause) 560M->12M(920M) 0.537ms
[37.652s][info][gc] GC(359) Pause Young (Normal) (G1 Evacuation Pause) 560M->12M(920M) 0.670ms
[37.768s][info][gc] GC(360) Pause Young (Normal) (G1 Evacuation Pause) 560M->12M(920M) 0.688ms
[37.871s][info][gc] GC(361) Pause Young (Normal) (G1 Evacuation Pause) 560M->12M(920M) 0.569ms
[38.019s][info][gc] GC(362) Pause Young (Normal) (G1 Evacuation Pause) 560M->12M(920M) 0.641ms
[38.123s][info][gc] GC(363) Pause Young (Normal) (G1 Evacuation Pause) 560M->12M(920M) 0.571ms
[38.226s][info][gc] GC(364) Pause Young (Normal) (G1 Evacuation Pause) 560M->12M(920M) 0.586ms
[38.334s][info][gc] GC(365) Pause Young (Normal) (G1 Evacuation Pause) 560M->12M(920M) 0.569ms
[38.447s][info][gc] GC(366) Pause Young (Normal) (G1 Evacuation Pause) 560M->12M(920M) 0.568ms
[38.557s][info][gc] GC(367) Pause Young (Normal) (G1 Evacuation Pause) 560M->12M(920M) 0.506ms
[38.684s][info][gc] GC(368) Pause Young (Normal) (G1 Evacuation Pause) 560M->12M(920M) 0.562ms
[38.839s][info][gc] GC(369) Pause Young (Normal) (G1 Evacuation Pause) 560M->12M(920M) 0.629ms
[39.009s][info][gc] GC(370) Pause Young (Normal) (G1 Evacuation Pause) 560M->12M(920M) 0.527ms
[39.115s][info][gc] GC(371) Pause Young (Normal) (G1 Evacuation Pause) 560M->12M(920M) 0.555ms
[39.221s][info][gc] GC(372) Pause Young (Normal) (G1 Evacuation Pause) 560M->12M(920M) 0.540ms
[39.330s][info][gc] GC(373) Pause Young (Normal) (G1 Evacuation Pause) 560M->12M(920M) 0.573ms
[39.469s][info][gc] GC(374) Pause Young (Normal) (G1 Evacuation Pause) 560M->12M(920M) 0.530ms
[39.573s][info][gc] GC(375) Pause Young (Normal) (G1 Evacuation Pause) 560M->12M(920M) 0.541ms
[39.743s][info][gc] GC(376) Pause Young (Normal) (G1 Evacuation Pause) 560M->12M(920M) 0.559ms
[39.856s][info][gc] GC(377) Pause Young (Normal) (G1 Evacuation Pause) 560M->12M(920M) 0.593ms
[39.959s][info][gc] GC(378) Pause Young (Normal) (G1 Evacuation Pause) 560M->12M(920M) 0.547ms
[40.060s][info][gc] GC(379) Pause Young (Normal) (G1 Evacuation Pause) 560M->12M(920M) 0.546ms
[40.162s][info][gc] GC(380) Pause Young (Normal) (G1 Evacuation Pause) 560M->12M(920M) 0.579ms
[40.264s][info][gc] GC(381) Pause Young (Normal) (G1 Evacuation Pause) 560M->12M(920M) 0.522ms
[40.367s][info][gc] GC(382) Pause Young (Normal) (G1 Evacuation Pause) 560M->12M(920M) 0.652ms
[40.480s][info][gc] GC(383) Pause Young (Normal) (G1 Evacuation Pause) 560M->12M(920M) 0.608ms
[40.582s][info][gc] GC(384) Pause Young (Normal) (G1 Evacuation Pause) 560M->12M(920M) 0.614ms
[40.687s][info][gc] GC(385) Pause Young (Normal) (G1 Evacuation Pause) 560M->12M(920M) 0.691ms
[40.789s][info][gc] GC(386) Pause Young (Normal) (G1 Evacuation Pause) 560M->12M(920M) 0.589ms
[40.892s][info][gc] GC(387) Pause Young (Normal) (G1 Evacuation Pause) 560M->12M(920M) 0.628ms
[40.994s][info][gc] GC(388) Pause Young (Normal) (G1 Evacuation Pause) 560M->12M(920M) 0.567ms
[41.096s][info][gc] GC(389) Pause Young (Normal) (G1 Evacuation Pause) 560M->12M(920M) 0.611ms
[41.197s][info][gc] GC(390) Pause Young (Normal) (G1 Evacuation Pause) 560M->12M(920M) 0.590ms
[41.299s][info][gc] GC(391) Pause Young (Normal) (G1 Evacuation Pause) 560M->12M(920M) 0.599ms
[41.401s][info][gc] GC(392) Pause Young (Normal) (G1 Evacuation Pause) 560M->12M(920M) 0.616ms
[41.503s][info][gc] GC(393) Pause Young (Normal) (G1 Evacuation Pause) 560M->12M(920M) 0.517ms
[41.605s][info][gc] GC(394) Pause Young (Normal) (G1 Evacuation Pause) 560M->12M(920M) 0.526ms
[41.709s][info][gc] GC(395) Pause Young (Normal) (G1 Evacuation Pause) 560M->12M(920M) 0.506ms
[41.810s][info][gc] GC(396) Pause Young (Normal) (G1 Evacuation Pause) 560M->12M(920M) 0.522ms
[41.912s][info][gc] GC(397) Pause Young (Normal) (G1 Evacuation Pause) 560M->12M(920M) 0.553ms
[42.014s][info][gc] GC(398) Pause Young (Normal) (G1 Evacuation Pause) 560M->12M(920M) 0.592ms
[42.116s][info][gc] GC(399) Pause Young (Normal) (G1 Evacuation Pause) 560M->12M(920M) 0.604ms
[42.218s][info][gc] GC(400) Pause Young (Normal) (G1 Evacuation Pause) 560M->12M(920M) 0.584ms
[42.320s][info][gc] GC(401) Pause Young (Normal) (G1 Evacuation Pause) 560M->12M(920M) 0.553ms
[42.422s][info][gc] GC(402) Pause Young (Normal) (G1 Evacuation Pause) 560M->12M(920M) 0.556ms
[42.524s][info][gc] GC(403) Pause Young (Normal) (G1 Evacuation Pause) 560M->12M(920M) 0.681ms
[42.625s][info][gc] GC(404) Pause Young (Normal) (G1 Evacuation Pause) 560M->12M(920M) 0.539ms
[42.727s][info][gc] GC(405) Pause Young (Normal) (G1 Evacuation Pause) 560M->12M(920M) 0.592ms
[42.829s][info][gc] GC(406) Pause Young (Normal) (G1 Evacuation Pause) 560M->12M(920M) 0.615ms
[42.931s][info][gc] GC(407) Pause Young (Normal) (G1 Evacuation Pause) 560M->12M(920M) 0.543ms
[43.033s][info][gc] GC(408) Pause Young (Normal) (G1 Evacuation Pause) 560M->12M(920M) 0.620ms
[43.136s][info][gc] GC(409) Pause Young (Normal) (G1 Evacuation Pause) 560M->12M(920M) 0.581ms
[43.239s][info][gc] GC(410) Pause Young (Normal) (G1 Evacuation Pause) 560M->12M(920M) 0.539ms
[43.344s][info][gc] GC(411) Pause Young (Normal) (G1 Evacuation Pause) 560M->12M(920M) 0.589ms
[43.446s][info][gc] GC(412) Pause Young (Normal) (G1 Evacuation Pause) 560M->12M(920M) 0.505ms
[43.548s][info][gc] GC(413) Pause Young (Normal) (G1 Evacuation Pause) 560M->12M(920M) 0.541ms
[43.650s][info][gc] GC(414) Pause Young (Normal) (G1 Evacuation Pause) 560M->12M(920M) 0.551ms
[43.753s][info][gc] GC(415) Pause Young (Normal) (G1 Evacuation Pause) 560M->12M(920M) 0.448ms
[43.856s][info][gc] GC(416) Pause Young (Normal) (G1 Evacuation Pause) 560M->12M(920M) 0.584ms
[43.959s][info][gc] GC(417) Pause Young (Normal) (G1 Evacuation Pause) 560M->12M(920M) 0.617ms
[44.060s][info][gc] GC(418) Pause Young (Normal) (G1 Evacuation Pause) 560M->12M(920M) 0.620ms
[44.162s][info][gc] GC(419) Pause Young (Normal) (G1 Evacuation Pause) 560M->12M(920M) 0.544ms
[44.264s][info][gc] GC(420) Pause Young (Normal) (G1 Evacuation Pause) 560M->12M(920M) 0.591ms
[44.366s][info][gc] GC(421) Pause Young (Normal) (G1 Evacuation Pause) 560M->12M(920M) 0.618ms
[44.468s][info][gc] GC(422) Pause Young (Normal) (G1 Evacuation Pause) 560M->12M(920M) 0.694ms
[44.570s][info][gc] GC(423) Pause Young (Normal) (G1 Evacuation Pause) 560M->12M(920M) 0.561ms
[44.672s][info][gc] GC(424) Pause Young (Normal) (G1 Evacuation Pause) 560M->12M(920M) 0.531ms
[44.774s][info][gc] GC(425) Pause Young (Normal) (G1 Evacuation Pause) 560M->12M(920M) 0.530ms
[44.876s][info][gc] GC(426) Pause Young (Normal) (G1 Evacuation Pause) 560M->12M(920M) 0.667ms
[44.978s][info][gc] GC(427) Pause Young (Normal) (G1 Evacuation Pause) 560M->12M(920M) 0.553ms
[45.080s][info][gc] GC(428) Pause Young (Normal) (G1 Evacuation Pause) 560M->12M(920M) 0.635ms
[45.182s][info][gc] GC(429) Pause Young (Normal) (G1 Evacuation Pause) 560M->12M(920M) 0.522ms
[45.284s][info][gc] GC(430) Pause Young (Normal) (G1 Evacuation Pause) 560M->12M(920M) 0.570ms
[45.386s][info][gc] GC(431) Pause Young (Normal) (G1 Evacuation Pause) 560M->12M(920M) 0.625ms
[45.489s][info][gc] GC(432) Pause Young (Normal) (G1 Evacuation Pause) 560M->12M(920M) 0.575ms
[45.591s][info][gc] GC(433) Pause Young (Normal) (G1 Evacuation Pause) 560M->12M(920M) 0.619ms
[45.693s][info][gc] GC(434) Pause Young (Normal) (G1 Evacuation Pause) 560M->12M(920M) 0.587ms
[45.795s][info][gc] GC(435) Pause Young (Normal) (G1 Evacuation Pause) 560M->12M(920M) 0.535ms
[45.897s][info][gc] GC(436) Pause Young (Normal) (G1 Evacuation Pause) 560M->12M(920M) 0.536ms
[46.000s][info][gc] GC(437) Pause Young (Normal) (G1 Evacuation Pause) 560M->12M(920M) 0.539ms
[46.102s][info][gc] GC(438) Pause Young (Normal) (G1 Evacuation Pause) 560M->12M(920M) 0.617ms
[46.204s][info][gc] GC(439) Pause Young (Normal) (G1 Evacuation Pause) 560M->12M(920M) 0.589ms
[46.306s][info][gc] GC(440) Pause Young (Normal) (G1 Evacuation Pause) 560M->12M(920M) 0.581ms
[46.409s][info][gc] GC(441) Pause Young (Normal) (G1 Evacuation Pause) 560M->12M(920M) 0.596ms
[46.510s][info][gc] GC(442) Pause Young (Normal) (G1 Evacuation Pause) 560M->12M(920M) 0.564ms
[46.613s][info][gc] GC(443) Pause Young (Normal) (G1 Evacuation Pause) 560M->12M(920M) 0.563ms
[46.714s][info][gc] GC(444) Pause Young (Normal) (G1 Evacuation Pause) 560M->12M(920M) 0.636ms
[46.817s][info][gc] GC(445) Pause Young (Normal) (G1 Evacuation Pause) 560M->12M(920M) 0.617ms
[46.919s][info][gc] GC(446) Pause Young (Normal) (G1 Evacuation Pause) 560M->12M(920M) 0.529ms
[47.021s][info][gc] GC(447) Pause Young (Normal) (G1 Evacuation Pause) 560M->12M(920M) 0.564ms
[47.124s][info][gc] GC(448) Pause Young (Normal) (G1 Evacuation Pause) 560M->12M(920M) 0.595ms
[47.226s][info][gc] GC(449) Pause Young (Normal) (G1 Evacuation Pause) 560M->12M(920M) 0.568ms
[47.329s][info][gc] GC(450) Pause Young (Normal) (G1 Evacuation Pause) 560M->12M(920M) 0.618ms
[47.433s][info][gc] GC(451) Pause Young (Normal) (G1 Evacuation Pause) 560M->12M(920M) 0.537ms
[47.536s][info][gc] GC(452) Pause Young (Normal) (G1 Evacuation Pause) 560M->12M(920M) 0.587ms
[47.638s][info][gc] GC(453) Pause Young (Normal) (G1 Evacuation Pause) 560M->12M(920M) 0.685ms
[47.742s][info][gc] GC(454) Pause Young (Normal) (G1 Evacuation Pause) 560M->12M(920M) 0.552ms
[47.845s][info][gc] GC(455) Pause Young (Normal) (G1 Evacuation Pause) 560M->12M(920M) 0.579ms
[47.947s][info][gc] GC(456) Pause Young (Normal) (G1 Evacuation Pause) 560M->12M(920M) 0.561ms
[48.049s][info][gc] GC(457) Pause Young (Normal) (G1 Evacuation Pause) 560M->12M(920M) 0.593ms
[48.151s][info][gc] GC(458) Pause Young (Normal) (G1 Evacuation Pause) 560M->12M(920M) 0.611ms
[48.253s][info][gc] GC(459) Pause Young (Normal) (G1 Evacuation Pause) 560M->12M(920M) 0.572ms
[48.358s][info][gc] GC(460) Pause Young (Normal) (G1 Evacuation Pause) 560M->12M(920M) 0.635ms
[48.461s][info][gc] GC(461) Pause Young (Normal) (G1 Evacuation Pause) 560M->12M(920M) 0.548ms
[48.568s][info][gc] GC(462) Pause Young (Normal) (G1 Evacuation Pause) 560M->12M(920M) 0.698ms
[48.670s][info][gc] GC(463) Pause Young (Normal) (G1 Evacuation Pause) 560M->12M(920M) 0.591ms
[48.772s][info][gc] GC(464) Pause Young (Normal) (G1 Evacuation Pause) 560M->12M(920M) 0.626ms
[48.874s][info][gc] GC(465) Pause Young (Normal) (G1 Evacuation Pause) 560M->12M(920M) 0.620ms
[48.981s][info][gc] GC(466) Pause Young (Normal) (G1 Evacuation Pause) 560M->12M(920M) 0.553ms
[49.086s][info][gc] GC(467) Pause Young (Normal) (G1 Evacuation Pause) 560M->12M(920M) 0.759ms
[49.194s][info][gc] GC(468) Pause Young (Normal) (G1 Evacuation Pause) 560M->12M(920M) 0.557ms
[49.296s][info][gc] GC(469) Pause Young (Normal) (G1 Evacuation Pause) 560M->12M(920M) 0.583ms
[49.398s][info][gc] GC(470) Pause Young (Normal) (G1 Evacuation Pause) 560M->12M(920M) 0.548ms
[49.500s][info][gc] GC(471) Pause Young (Normal) (G1 Evacuation Pause) 560M->12M(920M) 0.536ms
[49.604s][info][gc] GC(472) Pause Young (Normal) (G1 Evacuation Pause) 560M->12M(920M) 0.516ms
[49.706s][info][gc] GC(473) Pause Young (Normal) (G1 Evacuation Pause) 560M->12M(920M) 0.635ms
[49.810s][info][gc] GC(474) Pause Young (Normal) (G1 Evacuation Pause) 560M->12M(920M) 0.604ms
[49.912s][info][gc] GC(475) Pause Young (Normal) (G1 Evacuation Pause) 560M->12M(920M) 0.579ms
[50.014s][info][gc] GC(476) Pause Young (Normal) (G1 Evacuation Pause) 560M->12M(920M) 0.559ms
[50.117s][info][gc] GC(477) Pause Young (Normal) (G1 Evacuation Pause) 560M->12M(920M) 0.520ms
[50.219s][info][gc] GC(478) Pause Young (Normal) (G1 Evacuation Pause) 560M->12M(920M) 0.589ms
[50.321s][info][gc] GC(479) Pause Young (Normal) (G1 Evacuation Pause) 560M->12M(920M) 0.564ms
[50.423s][info][gc] GC(480) Pause Young (Normal) (G1 Evacuation Pause) 560M->12M(920M) 0.510ms
[50.526s][info][gc] GC(481) Pause Young (Normal) (G1 Evacuation Pause) 560M->12M(920M) 0.555ms
[50.629s][info][gc] GC(482) Pause Young (Normal) (G1 Evacuation Pause) 560M->12M(920M) 0.572ms
[50.731s][info][gc] GC(483) Pause Young (Normal) (G1 Evacuation Pause) 560M->12M(920M) 0.611ms
[50.833s][info][gc] GC(484) Pause Young (Normal) (G1 Evacuation Pause) 560M->12M(920M) 0.566ms
[50.935s][info][gc] GC(485) Pause Young (Normal) (G1 Evacuation Pause) 560M->12M(920M) 0.544ms
[51.038s][info][gc] GC(486) Pause Young (Normal) (G1 Evacuation Pause) 560M->12M(920M) 0.619ms
[51.142s][info][gc] GC(487) Pause Young (Normal) (G1 Evacuation Pause) 560M->12M(920M) 0.536ms
[51.245s][info][gc] GC(488) Pause Young (Normal) (G1 Evacuation Pause) 560M->12M(920M) 0.619ms
[51.347s][info][gc] GC(489) Pause Young (Normal) (G1 Evacuation Pause) 560M->12M(920M) 0.595ms
[51.449s][info][gc] GC(490) Pause Young (Normal) (G1 Evacuation Pause) 560M->12M(920M) 0.587ms
[51.551s][info][gc] GC(491) Pause Young (Normal) (G1 Evacuation Pause) 560M->12M(920M) 0.698ms
[51.654s][info][gc] GC(492) Pause Young (Normal) (G1 Evacuation Pause) 560M->12M(920M) 0.596ms
[51.756s][info][gc] GC(493) Pause Young (Normal) (G1 Evacuation Pause) 560M->12M(920M) 0.631ms
[51.858s][info][gc] GC(494) Pause Young (Normal) (G1 Evacuation Pause) 560M->12M(920M) 0.599ms
[51.960s][info][gc] GC(495) Pause Young (Normal) (G1 Evacuation Pause) 560M->12M(920M) 0.579ms
[52.062s][info][gc] GC(496) Pause Young (Normal) (G1 Evacuation Pause) 560M->12M(920M) 0.503ms
[52.164s][info][gc] GC(497) Pause Young (Normal) (G1 Evacuation Pause) 560M->12M(920M) 0.590ms
[52.266s][info][gc] GC(498) Pause Young (Normal) (G1 Evacuation Pause) 560M->12M(920M) 0.523ms
[52.368s][info][gc] GC(499) Pause Young (Normal) (G1 Evacuation Pause) 560M->12M(920M) 0.701ms
[52.470s][info][gc] GC(500) Pause Young (Normal) (G1 Evacuation Pause) 560M->12M(920M) 0.695ms
[52.573s][info][gc] GC(501) Pause Young (Normal) (G1 Evacuation Pause) 560M->12M(920M) 0.595ms
[52.674s][info][gc] GC(502) Pause Young (Normal) (G1 Evacuation Pause) 560M->12M(920M) 0.523ms
[52.776s][info][gc] GC(503) Pause Young (Normal) (G1 Evacuation Pause) 560M->12M(920M) 0.650ms
[52.878s][info][gc] GC(504) Pause Young (Normal) (G1 Evacuation Pause) 560M->12M(920M) 0.550ms
[52.980s][info][gc] GC(505) Pause Young (Normal) (G1 Evacuation Pause) 560M->12M(920M) 0.629ms
[53.082s][info][gc] GC(506) Pause Young (Normal) (G1 Evacuation Pause) 560M->12M(920M) 0.585ms
[53.185s][info][gc] GC(507) Pause Young (Normal) (G1 Evacuation Pause) 560M->12M(920M) 0.834ms
[53.288s][info][gc] GC(508) Pause Young (Normal) (G1 Evacuation Pause) 560M->12M(920M) 0.563ms
[53.390s][info][gc] GC(509) Pause Young (Normal) (G1 Evacuation Pause) 560M->12M(920M) 0.548ms
[53.492s][info][gc] GC(510) Pause Young (Normal) (G1 Evacuation Pause) 560M->12M(920M) 0.581ms
[53.594s][info][gc] GC(511) Pause Young (Normal) (G1 Evacuation Pause) 560M->12M(920M) 0.587ms
[53.696s][info][gc] GC(512) Pause Young (Normal) (G1 Evacuation Pause) 560M->12M(920M) 0.584ms
[53.799s][info][gc] GC(513) Pause Young (Normal) (G1 Evacuation Pause) 560M->12M(920M) 0.642ms
[53.901s][info][gc] GC(514) Pause Young (Normal) (G1 Evacuation Pause) 560M->12M(920M) 0.546ms
[54.003s][info][gc] GC(515) Pause Young (Normal) (G1 Evacuation Pause) 560M->12M(920M) 0.658ms
[54.105s][info][gc] GC(516) Pause Young (Normal) (G1 Evacuation Pause) 560M->12M(920M) 0.579ms
[54.207s][info][gc] GC(517) Pause Young (Normal) (G1 Evacuation Pause) 560M->12M(920M) 0.602ms
[54.309s][info][gc] GC(518) Pause Young (Normal) (G1 Evacuation Pause) 560M->12M(920M) 0.580ms
[54.412s][info][gc] GC(519) Pause Young (Normal) (G1 Evacuation Pause) 560M->12M(920M) 0.571ms
[54.514s][info][gc] GC(520) Pause Young (Normal) (G1 Evacuation Pause) 560M->12M(920M) 0.573ms
[54.616s][info][gc] GC(521) Pause Young (Normal) (G1 Evacuation Pause) 560M->12M(920M) 0.616ms
[54.719s][info][gc] GC(522) Pause Young (Normal) (G1 Evacuation Pause) 560M->12M(920M) 0.742ms
[54.821s][info][gc] GC(523) Pause Young (Normal) (G1 Evacuation Pause) 560M->12M(920M) 0.501ms
[54.923s][info][gc] GC(524) Pause Young (Normal) (G1 Evacuation Pause) 560M->12M(920M) 0.592ms
[55.025s][info][gc] GC(525) Pause Young (Normal) (G1 Evacuation Pause) 560M->12M(920M) 0.599ms
[55.127s][info][gc] GC(526) Pause Young (Normal) (G1 Evacuation Pause) 560M->12M(920M) 0.585ms
[55.229s][info][gc] GC(527) Pause Young (Normal) (G1 Evacuation Pause) 560M->12M(920M) 0.587ms
[55.331s][info][gc] GC(528) Pause Young (Normal) (G1 Evacuation Pause) 560M->12M(920M) 0.634ms
[55.433s][info][gc] GC(529) Pause Young (Normal) (G1 Evacuation Pause) 560M->12M(920M) 0.640ms
[55.536s][info][gc] GC(530) Pause Young (Normal) (G1 Evacuation Pause) 560M->12M(920M) 0.706ms
[55.638s][info][gc] GC(531) Pause Young (Normal) (G1 Evacuation Pause) 560M->12M(920M) 0.523ms
[55.740s][info][gc] GC(532) Pause Young (Normal) (G1 Evacuation Pause) 560M->12M(920M) 0.628ms
[55.842s][info][gc] GC(533) Pause Young (Normal) (G1 Evacuation Pause) 560M->12M(920M) 0.580ms
[55.944s][info][gc] GC(534) Pause Young (Normal) (G1 Evacuation Pause) 560M->12M(920M) 0.551ms
[56.046s][info][gc] GC(535) Pause Young (Normal) (G1 Evacuation Pause) 560M->12M(920M) 0.545ms
[56.149s][info][gc] GC(536) Pause Young (Normal) (G1 Evacuation Pause) 560M->12M(920M) 0.597ms
[56.251s][info][gc] GC(537) Pause Young (Normal) (G1 Evacuation Pause) 560M->12M(920M) 0.536ms
[56.353s][info][gc] GC(538) Pause Young (Normal) (G1 Evacuation Pause) 560M->12M(920M) 0.593ms
[56.455s][info][gc] GC(539) Pause Young (Normal) (G1 Evacuation Pause) 560M->12M(920M) 0.581ms
[56.559s][info][gc] GC(540) Pause Young (Normal) (G1 Evacuation Pause) 560M->12M(920M) 0.605ms
[56.661s][info][gc] GC(541) Pause Young (Normal) (G1 Evacuation Pause) 560M->12M(920M) 0.547ms
[56.763s][info][gc] GC(542) Pause Young (Normal) (G1 Evacuation Pause) 560M->12M(920M) 0.584ms
[56.865s][info][gc] GC(543) Pause Young (Normal) (G1 Evacuation Pause) 560M->12M(920M) 0.627ms
[56.967s][info][gc] GC(544) Pause Young (Normal) (G1 Evacuation Pause) 560M->12M(920M) 0.579ms
[57.069s][info][gc] GC(545) Pause Young (Normal) (G1 Evacuation Pause) 560M->12M(920M) 0.626ms
[57.172s][info][gc] GC(546) Pause Young (Normal) (G1 Evacuation Pause) 560M->12M(920M) 0.605ms
[57.274s][info][gc] GC(547) Pause Young (Normal) (G1 Evacuation Pause) 560M->12M(920M) 0.575ms
[57.377s][info][gc] GC(548) Pause Young (Normal) (G1 Evacuation Pause) 560M->12M(920M) 0.595ms
[57.479s][info][gc] GC(549) Pause Young (Normal) (G1 Evacuation Pause) 560M->12M(920M) 0.584ms
[57.581s][info][gc] GC(550) Pause Young (Normal) (G1 Evacuation Pause) 560M->12M(920M) 0.535ms
[57.683s][info][gc] GC(551) Pause Young (Normal) (G1 Evacuation Pause) 560M->12M(920M) 0.630ms
[57.786s][info][gc] GC(552) Pause Young (Normal) (G1 Evacuation Pause) 560M->12M(920M) 0.634ms
[57.888s][info][gc] GC(553) Pause Young (Normal) (G1 Evacuation Pause) 560M->12M(920M) 0.604ms
[57.991s][info][gc] GC(554) Pause Young (Normal) (G1 Evacuation Pause) 560M->12M(920M) 0.522ms
[58.093s][info][gc] GC(555) Pause Young (Normal) (G1 Evacuation Pause) 560M->12M(920M) 0.545ms
[58.195s][info][gc] GC(556) Pause Young (Normal) (G1 Evacuation Pause) 560M->12M(920M) 0.561ms
[58.297s][info][gc] GC(557) Pause Young (Normal) (G1 Evacuation Pause) 560M->12M(920M) 0.556ms
[58.399s][info][gc] GC(558) Pause Young (Normal) (G1 Evacuation Pause) 560M->12M(920M) 0.602ms
[58.501s][info][gc] GC(559) Pause Young (Normal) (G1 Evacuation Pause) 560M->12M(920M) 0.544ms
[58.603s][info][gc] GC(560) Pause Young (Normal) (G1 Evacuation Pause) 560M->12M(920M) 0.534ms
[58.705s][info][gc] GC(561) Pause Young (Normal) (G1 Evacuation Pause) 560M->12M(920M) 0.592ms
[58.808s][info][gc] GC(562) Pause Young (Normal) (G1 Evacuation Pause) 560M->12M(920M) 0.572ms
[58.913s][info][gc] GC(563) Pause Young (Normal) (G1 Evacuation Pause) 560M->12M(920M) 0.601ms
[59.015s][info][gc] GC(564) Pause Young (Normal) (G1 Evacuation Pause) 560M->12M(920M) 0.597ms
[59.117s][info][gc] GC(565) Pause Young (Normal) (G1 Evacuation Pause) 560M->12M(920M) 0.631ms
[59.219s][info][gc] GC(566) Pause Young (Normal) (G1 Evacuation Pause) 560M->12M(920M) 0.549ms
[59.321s][info][gc] GC(567) Pause Young (Normal) (G1 Evacuation Pause) 560M->12M(920M) 0.583ms
[59.422s][info][gc] GC(568) Pause Young (Normal) (G1 Evacuation Pause) 560M->12M(920M) 0.635ms
[59.524s][info][gc] GC(569) Pause Young (Normal) (G1 Evacuation Pause) 560M->12M(920M) 0.636ms
[59.626s][info][gc] GC(570) Pause Young (Normal) (G1 Evacuation Pause) 560M->12M(920M) 0.603ms
[59.728s][info][gc] GC(571) Pause Young (Normal) (G1 Evacuation Pause) 560M->12M(920M) 0.610ms
[59.830s][info][gc] GC(572) Pause Young (Normal) (G1 Evacuation Pause) 560M->12M(920M) 0.591ms
[59.932s][info][gc] GC(573) Pause Young (Normal) (G1 Evacuation Pause) 560M->12M(920M) 0.625ms
[60.034s][info][gc] GC(574) Pause Young (Normal) (G1 Evacuation Pause) 560M->12M(920M) 0.528ms
[60.136s][info][gc] GC(575) Pause Young (Normal) (G1 Evacuation Pause) 560M->12M(920M) 0.583ms
[60.238s][info][gc] GC(576) Pause Young (Normal) (G1 Evacuation Pause) 560M->12M(920M) 0.524ms
[60.342s][info][gc] GC(577) Pause Young (Normal) (G1 Evacuation Pause) 560M->12M(920M) 0.506ms
[60.444s][info][gc] GC(578) Pause Young (Normal) (G1 Evacuation Pause) 560M->12M(920M) 0.720ms
[60.548s][info][gc] GC(579) Pause Young (Normal) (G1 Evacuation Pause) 560M->12M(920M) 0.538ms
[60.650s][info][gc] GC(580) Pause Young (Normal) (G1 Evacuation Pause) 560M->12M(920M) 0.682ms
[60.752s][info][gc] GC(581) Pause Young (Normal) (G1 Evacuation Pause) 560M->12M(920M) 0.618ms
[60.854s][info][gc] GC(582) Pause Young (Normal) (G1 Evacuation Pause) 560M->12M(920M) 0.571ms
[60.956s][info][gc] GC(583) Pause Young (Normal) (G1 Evacuation Pause) 560M->12M(920M) 0.518ms
[61.057s][info][gc] GC(584) Pause Young (Normal) (G1 Evacuation Pause) 560M->12M(920M) 0.531ms
[61.160s][info][gc] GC(585) Pause Young (Normal) (G1 Evacuation Pause) 560M->12M(920M) 0.600ms
[61.261s][info][gc] GC(586) Pause Young (Normal) (G1 Evacuation Pause) 560M->12M(920M) 0.629ms
[61.364s][info][gc] GC(587) Pause Young (Normal) (G1 Evacuation Pause) 560M->12M(920M) 0.753ms
[61.465s][info][gc] GC(588) Pause Young (Normal) (G1 Evacuation Pause) 560M->12M(920M) 0.542ms
[61.567s][info][gc] GC(589) Pause Young (Normal) (G1 Evacuation Pause) 560M->12M(920M) 0.588ms
[61.669s][info][gc] GC(590) Pause Young (Normal) (G1 Evacuation Pause) 560M->12M(920M) 0.571ms
[61.772s][info][gc] GC(591) Pause Young (Normal) (G1 Evacuation Pause) 560M->12M(920M) 0.619ms
[61.874s][info][gc] GC(592) Pause Young (Normal) (G1 Evacuation Pause) 560M->12M(920M) 0.610ms
[61.977s][info][gc] GC(593) Pause Young (Normal) (G1 Evacuation Pause) 560M->12M(920M) 0.586ms
[62.080s][info][gc] GC(594) Pause Young (Normal) (G1 Evacuation Pause) 560M->12M(920M) 0.585ms
[62.182s][info][gc] GC(595) Pause Young (Normal) (G1 Evacuation Pause) 560M->12M(920M) 0.613ms
[62.284s][info][gc] GC(596) Pause Young (Normal) (G1 Evacuation Pause) 560M->12M(920M) 0.599ms
[62.386s][info][gc] GC(597) Pause Young (Normal) (G1 Evacuation Pause) 560M->12M(920M) 0.538ms
[62.487s][info][gc] GC(598) Pause Young (Normal) (G1 Evacuation Pause) 560M->12M(920M) 0.547ms
[62.589s][info][gc] GC(599) Pause Young (Normal) (G1 Evacuation Pause) 560M->12M(920M) 0.647ms
[62.691s][info][gc] GC(600) Pause Young (Normal) (G1 Evacuation Pause) 560M->12M(920M) 0.529ms
[62.793s][info][gc] GC(601) Pause Young (Normal) (G1 Evacuation Pause) 560M->12M(920M) 0.477ms
[62.894s][info][gc] GC(602) Pause Young (Normal) (G1 Evacuation Pause) 560M->12M(920M) 0.472ms
[62.996s][info][gc] GC(603) Pause Young (Normal) (G1 Evacuation Pause) 560M->12M(920M) 0.674ms
[63.099s][info][gc] GC(604) Pause Young (Normal) (G1 Evacuation Pause) 560M->12M(920M) 0.619ms
[63.200s][info][gc] GC(605) Pause Young (Normal) (G1 Evacuation Pause) 560M->12M(920M) 0.611ms
[63.302s][info][gc] GC(606) Pause Young (Normal) (G1 Evacuation Pause) 560M->12M(920M) 0.509ms
[63.405s][info][gc] GC(607) Pause Young (Normal) (G1 Evacuation Pause) 560M->12M(920M) 0.655ms
[63.508s][info][gc] GC(608) Pause Young (Normal) (G1 Evacuation Pause) 560M->12M(920M) 0.563ms
[63.610s][info][gc] GC(609) Pause Young (Normal) (G1 Evacuation Pause) 560M->12M(920M) 0.540ms
[63.712s][info][gc] GC(610) Pause Young (Normal) (G1 Evacuation Pause) 560M->12M(920M) 0.578ms
[63.814s][info][gc] GC(611) Pause Young (Normal) (G1 Evacuation Pause) 560M->12M(920M) 0.581ms
[63.916s][info][gc] GC(612) Pause Young (Normal) (G1 Evacuation Pause) 560M->12M(920M) 0.727ms
[64.018s][info][gc] GC(613) Pause Young (Normal) (G1 Evacuation Pause) 560M->12M(920M) 0.592ms
[64.120s][info][gc] GC(614) Pause Young (Normal) (G1 Evacuation Pause) 560M->12M(920M) 0.540ms
[64.223s][info][gc] GC(615) Pause Young (Normal) (G1 Evacuation Pause) 560M->12M(920M) 0.578ms
[64.325s][info][gc] GC(616) Pause Young (Normal) (G1 Evacuation Pause) 560M->12M(920M) 0.628ms
[64.427s][info][gc] GC(617) Pause Young (Normal) (G1 Evacuation Pause) 560M->12M(920M) 0.561ms
[64.529s][info][gc] GC(618) Pause Young (Normal) (G1 Evacuation Pause) 560M->12M(920M) 0.638ms
[64.631s][info][gc] GC(619) Pause Young (Normal) (G1 Evacuation Pause) 560M->12M(920M) 0.593ms
[64.733s][info][gc] GC(620) Pause Young (Normal) (G1 Evacuation Pause) 560M->12M(920M) 0.573ms
[64.835s][info][gc] GC(621) Pause Young (Normal) (G1 Evacuation Pause) 560M->12M(920M) 0.568ms
[64.937s][info][gc] GC(622) Pause Young (Normal) (G1 Evacuation Pause) 560M->12M(920M) 0.552ms
[65.039s][info][gc] GC(623) Pause Young (Normal) (G1 Evacuation Pause) 560M->12M(920M) 0.620ms
[65.141s][info][gc] GC(624) Pause Young (Normal) (G1 Evacuation Pause) 560M->12M(920M) 0.599ms
[65.243s][info][gc] GC(625) Pause Young (Normal) (G1 Evacuation Pause) 560M->12M(920M) 0.616ms
[65.345s][info][gc] GC(626) Pause Young (Normal) (G1 Evacuation Pause) 560M->12M(920M) 0.618ms
[65.447s][info][gc] GC(627) Pause Young (Normal) (G1 Evacuation Pause) 560M->12M(920M) 0.601ms
[65.550s][info][gc] GC(628) Pause Young (Normal) (G1 Evacuation Pause) 560M->12M(920M) 0.540ms
[65.652s][info][gc] GC(629) Pause Young (Normal) (G1 Evacuation Pause) 560M->12M(920M) 0.702ms
[65.754s][info][gc] GC(630) Pause Young (Normal) (G1 Evacuation Pause) 560M->12M(920M) 0.609ms
[65.856s][info][gc] GC(631) Pause Young (Normal) (G1 Evacuation Pause) 560M->12M(920M) 0.524ms
[65.958s][info][gc] GC(632) Pause Young (Normal) (G1 Evacuation Pause) 560M->12M(920M) 0.521ms
[66.060s][info][gc] GC(633) Pause Young (Normal) (G1 Evacuation Pause) 560M->12M(920M) 0.604ms
[66.163s][info][gc] GC(634) Pause Young (Normal) (G1 Evacuation Pause) 560M->12M(920M) 0.614ms
[66.266s][info][gc] GC(635) Pause Young (Normal) (G1 Evacuation Pause) 560M->12M(920M) 0.559ms
[66.368s][info][gc] GC(636) Pause Young (Normal) (G1 Evacuation Pause) 560M->12M(920M) 0.631ms
[66.470s][info][gc] GC(637) Pause Young (Normal) (G1 Evacuation Pause) 560M->12M(920M) 0.540ms
[66.572s][info][gc] GC(638) Pause Young (Normal) (G1 Evacuation Pause) 560M->12M(920M) 0.522ms
[66.674s][info][gc] GC(639) Pause Young (Normal) (G1 Evacuation Pause) 560M->12M(920M) 0.515ms
[66.776s][info][gc] GC(640) Pause Young (Normal) (G1 Evacuation Pause) 560M->12M(920M) 0.507ms
[66.879s][info][gc] GC(641) Pause Young (Normal) (G1 Evacuation Pause) 560M->12M(920M) 0.541ms
[66.980s][info][gc] GC(642) Pause Young (Normal) (G1 Evacuation Pause) 560M->12M(920M) 0.592ms
[67.082s][info][gc] GC(643) Pause Young (Normal) (G1 Evacuation Pause) 560M->12M(920M) 0.610ms
[67.184s][info][gc] GC(644) Pause Young (Normal) (G1 Evacuation Pause) 560M->12M(920M) 0.596ms
[67.287s][info][gc] GC(645) Pause Young (Normal) (G1 Evacuation Pause) 560M->12M(920M) 0.574ms
[67.388s][info][gc] GC(646) Pause Young (Normal) (G1 Evacuation Pause) 560M->12M(920M) 0.523ms
[67.490s][info][gc] GC(647) Pause Young (Normal) (G1 Evacuation Pause) 560M->12M(920M) 0.578ms
[67.593s][info][gc] GC(648) Pause Young (Normal) (G1 Evacuation Pause) 560M->12M(920M) 0.558ms
[67.695s][info][gc] GC(649) Pause Young (Normal) (G1 Evacuation Pause) 560M->12M(920M) 0.514ms
[67.797s][info][gc] GC(650) Pause Young (Normal) (G1 Evacuation Pause) 560M->12M(920M) 0.553ms
[67.899s][info][gc] GC(651) Pause Young (Normal) (G1 Evacuation Pause) 560M->12M(920M) 0.605ms
[68.002s][info][gc] GC(652) Pause Young (Normal) (G1 Evacuation Pause) 560M->12M(920M) 0.669ms
[68.104s][info][gc] GC(653) Pause Young (Normal) (G1 Evacuation Pause) 560M->12M(920M) 0.571ms
[68.207s][info][gc] GC(654) Pause Young (Normal) (G1 Evacuation Pause) 560M->12M(920M) 0.593ms
[68.309s][info][gc] GC(655) Pause Young (Normal) (G1 Evacuation Pause) 560M->12M(920M) 0.597ms
[68.411s][info][gc] GC(656) Pause Young (Normal) (G1 Evacuation Pause) 560M->12M(920M) 0.535ms
[68.513s][info][gc] GC(657) Pause Young (Normal) (G1 Evacuation Pause) 560M->12M(920M) 0.547ms
[68.616s][info][gc] GC(658) Pause Young (Normal) (G1 Evacuation Pause) 560M->12M(920M) 0.561ms
[68.718s][info][gc] GC(659) Pause Young (Normal) (G1 Evacuation Pause) 560M->12M(920M) 0.527ms
[68.820s][info][gc] GC(660) Pause Young (Normal) (G1 Evacuation Pause) 560M->12M(920M) 0.599ms
[68.922s][info][gc] GC(661) Pause Young (Normal) (G1 Evacuation Pause) 560M->12M(920M) 0.606ms
[69.025s][info][gc] GC(662) Pause Young (Normal) (G1 Evacuation Pause) 560M->12M(920M) 0.549ms
[69.127s][info][gc] GC(663) Pause Young (Normal) (G1 Evacuation Pause) 560M->12M(920M) 0.546ms
[69.229s][info][gc] GC(664) Pause Young (Normal) (G1 Evacuation Pause) 560M->12M(920M) 0.601ms
[69.331s][info][gc] GC(665) Pause Young (Normal) (G1 Evacuation Pause) 560M->12M(920M) 0.513ms
[69.433s][info][gc] GC(666) Pause Young (Normal) (G1 Evacuation Pause) 560M->12M(920M) 0.632ms
[69.536s][info][gc] GC(667) Pause Young (Normal) (G1 Evacuation Pause) 560M->12M(920M) 0.604ms
[69.639s][info][gc] GC(668) Pause Young (Normal) (G1 Evacuation Pause) 560M->12M(920M) 0.555ms
[69.743s][info][gc] GC(669) Pause Young (Normal) (G1 Evacuation Pause) 560M->12M(920M) 0.546ms
[69.845s][info][gc] GC(670) Pause Young (Normal) (G1 Evacuation Pause) 560M->12M(920M) 0.611ms
[69.948s][info][gc] GC(671) Pause Young (Normal) (G1 Evacuation Pause) 560M->12M(920M) 0.574ms
[70.052s][info][gc] GC(672) Pause Young (Normal) (G1 Evacuation Pause) 560M->12M(920M) 0.587ms
[70.159s][info][gc] GC(673) Pause Young (Normal) (G1 Evacuation Pause) 560M->12M(920M) 0.560ms
[70.262s][info][gc] GC(674) Pause Young (Normal) (G1 Evacuation Pause) 560M->12M(920M) 0.696ms
[70.369s][info][gc] GC(675) Pause Young (Normal) (G1 Evacuation Pause) 560M->12M(920M) 0.577ms
[70.471s][info][gc] GC(676) Pause Young (Normal) (G1 Evacuation Pause) 560M->12M(920M) 0.520ms
[70.574s][info][gc] GC(677) Pause Young (Normal) (G1 Evacuation Pause) 560M->12M(920M) 0.559ms
[70.679s][info][gc] GC(678) Pause Young (Normal) (G1 Evacuation Pause) 560M->12M(920M) 0.545ms
[70.782s][info][gc] GC(679) Pause Young (Normal) (G1 Evacuation Pause) 560M->12M(920M) 0.616ms
[70.885s][info][gc] GC(680) Pause Young (Normal) (G1 Evacuation Pause) 560M->12M(920M) 0.583ms
[70.987s][info][gc] GC(681) Pause Young (Normal) (G1 Evacuation Pause) 560M->12M(920M) 0.554ms
[71.089s][info][gc] GC(682) Pause Young (Normal) (G1 Evacuation Pause) 560M->12M(920M) 0.606ms
[71.192s][info][gc] GC(683) Pause Young (Normal) (G1 Evacuation Pause) 560M->12M(920M) 0.629ms
[71.294s][info][gc] GC(684) Pause Young (Normal) (G1 Evacuation Pause) 560M->12M(920M) 0.601ms
[71.396s][info][gc] GC(685) Pause Young (Normal) (G1 Evacuation Pause) 560M->12M(920M) 0.575ms
[71.498s][info][gc] GC(686) Pause Young (Normal) (G1 Evacuation Pause) 560M->12M(920M) 0.603ms
[71.602s][info][gc] GC(687) Pause Young (Normal) (G1 Evacuation Pause) 560M->12M(920M) 0.595ms
[71.704s][info][gc] GC(688) Pause Young (Normal) (G1 Evacuation Pause) 560M->12M(920M) 0.545ms
[71.806s][info][gc] GC(689) Pause Young (Normal) (G1 Evacuation Pause) 560M->12M(920M) 0.610ms
[71.909s][info][gc] GC(690) Pause Young (Normal) (G1 Evacuation Pause) 560M->12M(920M) 0.522ms
[72.012s][info][gc] GC(691) Pause Young (Normal) (G1 Evacuation Pause) 560M->12M(920M) 0.557ms
[72.114s][info][gc] GC(692) Pause Young (Normal) (G1 Evacuation Pause) 560M->12M(920M) 0.560ms
[72.217s][info][gc] GC(693) Pause Young (Normal) (G1 Evacuation Pause) 560M->12M(920M) 0.578ms
[72.319s][info][gc] GC(694) Pause Young (Normal) (G1 Evacuation Pause) 560M->12M(920M) 0.647ms
[72.421s][info][gc] GC(695) Pause Young (Normal) (G1 Evacuation Pause) 560M->12M(920M) 0.491ms
[72.523s][info][gc] GC(696) Pause Young (Normal) (G1 Evacuation Pause) 560M->12M(920M) 0.543ms
[72.627s][info][gc] GC(697) Pause Young (Normal) (G1 Evacuation Pause) 560M->12M(920M) 0.513ms
[72.729s][info][gc] GC(698) Pause Young (Normal) (G1 Evacuation Pause) 560M->12M(920M) 0.603ms
[72.830s][info][gc] GC(699) Pause Young (Normal) (G1 Evacuation Pause) 560M->12M(920M) 0.573ms
[72.932s][info][gc] GC(700) Pause Young (Normal) (G1 Evacuation Pause) 560M->12M(920M) 0.581ms
[73.035s][info][gc] GC(701) Pause Young (Normal) (G1 Evacuation Pause) 560M->12M(920M) 0.711ms
[73.137s][info][gc] GC(702) Pause Young (Normal) (G1 Evacuation Pause) 560M->12M(920M) 0.588ms
[73.240s][info][gc] GC(703) Pause Young (Normal) (G1 Evacuation Pause) 560M->12M(920M) 0.595ms
[73.347s][info][gc] GC(704) Pause Young (Normal) (G1 Evacuation Pause) 560M->12M(920M) 0.538ms
[73.452s][info][gc] GC(705) Pause Young (Normal) (G1 Evacuation Pause) 560M->12M(920M) 0.685ms
[73.558s][info][gc] GC(706) Pause Young (Normal) (G1 Evacuation Pause) 560M->12M(920M) 0.585ms
[73.662s][info][gc] GC(707) Pause Young (Normal) (G1 Evacuation Pause) 560M->12M(920M) 0.597ms
[73.769s][info][gc] GC(708) Pause Young (Normal) (G1 Evacuation Pause) 560M->12M(920M) 0.755ms
[73.880s][info][gc] GC(709) Pause Young (Normal) (G1 Evacuation Pause) 560M->12M(920M) 0.621ms
[73.987s][info][gc] GC(710) Pause Young (Normal) (G1 Evacuation Pause) 560M->12M(920M) 0.751ms
[74.101s][info][gc] GC(711) Pause Young (Normal) (G1 Evacuation Pause) 560M->12M(920M) 0.586ms
[74.205s][info][gc] GC(712) Pause Young (Normal) (G1 Evacuation Pause) 560M->12M(920M) 0.562ms
[74.309s][info][gc] GC(713) Pause Young (Normal) (G1 Evacuation Pause) 560M->12M(920M) 0.568ms
[74.420s][info][gc] GC(714) Pause Young (Normal) (G1 Evacuation Pause) 560M->12M(920M) 0.711ms
[74.531s][info][gc] GC(715) Pause Young (Normal) (G1 Evacuation Pause) 560M->12M(920M) 0.514ms
[74.649s][info][gc] GC(716) Pause Young (Normal) (G1 Evacuation Pause) 560M->12M(920M) 0.554ms
[74.754s][info][gc] GC(717) Pause Young (Normal) (G1 Evacuation Pause) 560M->12M(920M) 0.615ms
[74.861s][info][gc] GC(718) Pause Young (Normal) (G1 Evacuation Pause) 560M->12M(920M) 0.550ms
[74.973s][info][gc] GC(719) Pause Young (Normal) (G1 Evacuation Pause) 560M->12M(920M) 0.582ms
[75.080s][info][gc] GC(720) Pause Young (Normal) (G1 Evacuation Pause) 560M->12M(920M) 0.534ms
[75.191s][info][gc] GC(721) Pause Young (Normal) (G1 Evacuation Pause) 560M->12M(920M) 0.562ms
[75.300s][info][gc] GC(722) Pause Young (Normal) (G1 Evacuation Pause) 560M->12M(920M) 0.579ms
[75.405s][info][gc] GC(723) Pause Young (Normal) (G1 Evacuation Pause) 560M->12M(920M) 0.664ms
[75.511s][info][gc] GC(724) Pause Young (Normal) (G1 Evacuation Pause) 560M->12M(920M) 0.586ms
[75.616s][info][gc] GC(725) Pause Young (Normal) (G1 Evacuation Pause) 560M->12M(920M) 0.583ms
[75.721s][info][gc] GC(726) Pause Young (Normal) (G1 Evacuation Pause) 560M->12M(920M) 0.540ms
[75.827s][info][gc] GC(727) Pause Young (Normal) (G1 Evacuation Pause) 560M->12M(920M) 0.510ms
[75.932s][info][gc] GC(728) Pause Young (Normal) (G1 Evacuation Pause) 560M->12M(920M) 0.537ms
[76.037s][info][gc] GC(729) Pause Young (Normal) (G1 Evacuation Pause) 560M->12M(920M) 0.604ms
[76.143s][info][gc] GC(730) Pause Young (Normal) (G1 Evacuation Pause) 560M->12M(920M) 0.545ms
[76.247s][info][gc] GC(731) Pause Young (Normal) (G1 Evacuation Pause) 560M->12M(920M) 0.529ms
[76.350s][info][gc] GC(732) Pause Young (Normal) (G1 Evacuation Pause) 560M->12M(920M) 0.562ms
[76.454s][info][gc] GC(733) Pause Young (Normal) (G1 Evacuation Pause) 560M->12M(920M) 0.578ms
[76.561s][info][gc] GC(734) Pause Young (Normal) (G1 Evacuation Pause) 560M->12M(920M) 0.542ms
[76.664s][info][gc] GC(735) Pause Young (Normal) (G1 Evacuation Pause) 560M->12M(920M) 0.555ms
[76.767s][info][gc] GC(736) Pause Young (Normal) (G1 Evacuation Pause) 560M->12M(920M) 0.533ms
[76.872s][info][gc] GC(737) Pause Young (Normal) (G1 Evacuation Pause) 560M->12M(920M) 0.546ms
[76.974s][info][gc] GC(738) Pause Young (Normal) (G1 Evacuation Pause) 560M->12M(920M) 0.607ms
[77.077s][info][gc] GC(739) Pause Young (Normal) (G1 Evacuation Pause) 560M->12M(920M) 0.552ms
[77.179s][info][gc] GC(740) Pause Young (Normal) (G1 Evacuation Pause) 560M->12M(920M) 0.640ms
[77.282s][info][gc] GC(741) Pause Young (Normal) (G1 Evacuation Pause) 560M->12M(920M) 0.555ms
[77.384s][info][gc] GC(742) Pause Young (Normal) (G1 Evacuation Pause) 560M->12M(920M) 0.542ms
[77.487s][info][gc] GC(743) Pause Young (Normal) (G1 Evacuation Pause) 560M->12M(920M) 0.587ms
[77.590s][info][gc] GC(744) Pause Young (Normal) (G1 Evacuation Pause) 560M->12M(920M) 0.586ms
[77.693s][info][gc] GC(745) Pause Young (Normal) (G1 Evacuation Pause) 560M->12M(920M) 0.554ms
[77.802s][info][gc] GC(746) Pause Young (Normal) (G1 Evacuation Pause) 560M->12M(920M) 0.679ms
[77.906s][info][gc] GC(747) Pause Young (Normal) (G1 Evacuation Pause) 560M->12M(920M) 0.541ms
[78.009s][info][gc] GC(748) Pause Young (Normal) (G1 Evacuation Pause) 560M->12M(920M) 0.552ms
[78.112s][info][gc] GC(749) Pause Young (Normal) (G1 Evacuation Pause) 560M->12M(920M) 0.549ms
[78.216s][info][gc] GC(750) Pause Young (Normal) (G1 Evacuation Pause) 560M->12M(920M) 0.487ms
[78.320s][info][gc] GC(751) Pause Young (Normal) (G1 Evacuation Pause) 560M->12M(920M) 0.579ms
[78.423s][info][gc] GC(752) Pause Young (Normal) (G1 Evacuation Pause) 560M->12M(920M) 0.600ms
[78.527s][info][gc] GC(753) Pause Young (Normal) (G1 Evacuation Pause) 560M->12M(920M) 0.580ms
[78.630s][info][gc] GC(754) Pause Young (Normal) (G1 Evacuation Pause) 560M->12M(920M) 0.584ms
[78.733s][info][gc] GC(755) Pause Young (Normal) (G1 Evacuation Pause) 560M->12M(920M) 0.580ms
[78.836s][info][gc] GC(756) Pause Young (Normal) (G1 Evacuation Pause) 560M->12M(920M) 0.629ms
[78.939s][info][gc] GC(757) Pause Young (Normal) (G1 Evacuation Pause) 560M->12M(920M) 0.554ms
[79.042s][info][gc] GC(758) Pause Young (Normal) (G1 Evacuation Pause) 560M->12M(920M) 0.621ms
[79.145s][info][gc] GC(759) Pause Young (Normal) (G1 Evacuation Pause) 560M->12M(920M) 0.513ms
[79.250s][info][gc] GC(760) Pause Young (Normal) (G1 Evacuation Pause) 560M->12M(920M) 0.545ms
[79.356s][info][gc] GC(761) Pause Young (Normal) (G1 Evacuation Pause) 560M->12M(920M) 0.570ms
[79.470s][info][gc] GC(762) Pause Young (Normal) (G1 Evacuation Pause) 560M->12M(920M) 0.787ms
[79.578s][info][gc] GC(763) Pause Young (Normal) (G1 Evacuation Pause) 560M->12M(920M) 0.528ms
[79.685s][info][gc] GC(764) Pause Young (Normal) (G1 Evacuation Pause) 560M->12M(920M) 0.697ms
[79.792s][info][gc] GC(765) Pause Young (Normal) (G1 Evacuation Pause) 560M->12M(920M) 0.595ms
[79.897s][info][gc] GC(766) Pause Young (Normal) (G1 Evacuation Pause) 560M->12M(920M) 0.544ms
[80.003s][info][gc] GC(767) Pause Young (Normal) (G1 Evacuation Pause) 560M->12M(920M) 0.676ms
[80.109s][info][gc] GC(768) Pause Young (Normal) (G1 Evacuation Pause) 560M->12M(920M) 0.537ms
[80.215s][info][gc] GC(769) Pause Young (Normal) (G1 Evacuation Pause) 560M->12M(920M) 0.587ms
[80.321s][info][gc] GC(770) Pause Young (Normal) (G1 Evacuation Pause) 560M->12M(920M) 0.616ms
[80.426s][info][gc] GC(771) Pause Young (Normal) (G1 Evacuation Pause) 560M->12M(920M) 0.569ms
[80.533s][info][gc] GC(772) Pause Young (Normal) (G1 Evacuation Pause) 560M->12M(920M) 0.508ms
[80.638s][info][gc] GC(773) Pause Young (Normal) (G1 Evacuation Pause) 560M->12M(920M) 0.507ms
[80.742s][info][gc] GC(774) Pause Young (Normal) (G1 Evacuation Pause) 560M->12M(920M) 0.563ms
[80.847s][info][gc] GC(775) Pause Young (Normal) (G1 Evacuation Pause) 560M->12M(920M) 0.558ms
[80.954s][info][gc] GC(776) Pause Young (Normal) (G1 Evacuation Pause) 560M->12M(920M) 0.589ms
[81.058s][info][gc] GC(777) Pause Young (Normal) (G1 Evacuation Pause) 560M->12M(920M) 0.537ms
[81.163s][info][gc] GC(778) Pause Young (Normal) (G1 Evacuation Pause) 560M->12M(920M) 0.585ms
[81.269s][info][gc] GC(779) Pause Young (Normal) (G1 Evacuation Pause) 560M->12M(920M) 0.568ms
[81.375s][info][gc] GC(780) Pause Young (Normal) (G1 Evacuation Pause) 560M->12M(920M) 0.525ms
[81.482s][info][gc] GC(781) Pause Young (Normal) (G1 Evacuation Pause) 560M->12M(920M) 0.547ms
[81.589s][info][gc] GC(782) Pause Young (Normal) (G1 Evacuation Pause) 560M->12M(920M) 0.570ms
[81.695s][info][gc] GC(783) Pause Young (Normal) (G1 Evacuation Pause) 560M->12M(920M) 0.511ms
[81.800s][info][gc] GC(784) Pause Young (Normal) (G1 Evacuation Pause) 560M->12M(920M) 0.504ms
[81.915s][info][gc] GC(785) Pause Young (Normal) (G1 Evacuation Pause) 560M->12M(920M) 0.567ms
[82.024s][info][gc] GC(786) Pause Young (Normal) (G1 Evacuation Pause) 560M->12M(920M) 0.560ms
[82.129s][info][gc] GC(787) Pause Young (Normal) (G1 Evacuation Pause) 560M->12M(920M) 0.533ms
[82.233s][info][gc] GC(788) Pause Young (Normal) (G1 Evacuation Pause) 560M->12M(920M) 0.576ms
[82.339s][info][gc] GC(789) Pause Young (Normal) (G1 Evacuation Pause) 560M->12M(920M) 0.572ms
[82.443s][info][gc] GC(790) Pause Young (Normal) (G1 Evacuation Pause) 560M->12M(920M) 0.536ms
[82.547s][info][gc] GC(791) Pause Young (Normal) (G1 Evacuation Pause) 560M->12M(920M) 0.570ms
[82.654s][info][gc] GC(792) Pause Young (Normal) (G1 Evacuation Pause) 560M->12M(920M) 0.583ms
[82.759s][info][gc] GC(793) Pause Young (Normal) (G1 Evacuation Pause) 560M->12M(920M) 0.608ms
[82.865s][info][gc] GC(794) Pause Young (Normal) (G1 Evacuation Pause) 560M->12M(920M) 0.592ms
[82.971s][info][gc] GC(795) Pause Young (Normal) (G1 Evacuation Pause) 560M->12M(920M) 0.534ms
[83.076s][info][gc] GC(796) Pause Young (Normal) (G1 Evacuation Pause) 560M->12M(920M) 0.541ms
[83.182s][info][gc] GC(797) Pause Young (Normal) (G1 Evacuation Pause) 560M->12M(920M) 0.559ms
[83.287s][info][gc] GC(798) Pause Young (Normal) (G1 Evacuation Pause) 560M->12M(920M) 0.576ms
[83.392s][info][gc] GC(799) Pause Young (Normal) (G1 Evacuation Pause) 560M->12M(920M) 0.580ms
[83.499s][info][gc] GC(800) Pause Young (Normal) (G1 Evacuation Pause) 560M->12M(920M) 0.525ms
[83.605s][info][gc] GC(801) Pause Young (Normal) (G1 Evacuation Pause) 560M->12M(920M) 0.601ms
[83.710s][info][gc] GC(802) Pause Young (Normal) (G1 Evacuation Pause) 560M->12M(920M) 0.540ms
[83.814s][info][gc] GC(803) Pause Young (Normal) (G1 Evacuation Pause) 560M->12M(920M) 0.515ms
[83.923s][info][gc] GC(804) Pause Young (Normal) (G1 Evacuation Pause) 560M->12M(920M) 0.523ms
[84.029s][info][gc] GC(805) Pause Young (Normal) (G1 Evacuation Pause) 560M->12M(920M) 0.508ms
[84.136s][info][gc] GC(806) Pause Young (Normal) (G1 Evacuation Pause) 560M->12M(920M) 0.649ms
[84.241s][info][gc] GC(807) Pause Young (Normal) (G1 Evacuation Pause) 560M->12M(920M) 0.546ms
[84.351s][info][gc] GC(808) Pause Young (Normal) (G1 Evacuation Pause) 560M->12M(920M) 0.540ms
[84.457s][info][gc] GC(809) Pause Young (Normal) (G1 Evacuation Pause) 560M->12M(920M) 0.546ms
[84.561s][info][gc] GC(810) Pause Young (Normal) (G1 Evacuation Pause) 560M->12M(920M) 0.531ms
[84.666s][info][gc] GC(811) Pause Young (Normal) (G1 Evacuation Pause) 560M->12M(920M) 0.570ms
[84.770s][info][gc] GC(812) Pause Young (Normal) (G1 Evacuation Pause) 560M->12M(920M) 0.506ms
[84.878s][info][gc] GC(813) Pause Young (Normal) (G1 Evacuation Pause) 560M->12M(920M) 0.778ms
[84.983s][info][gc] GC(814) Pause Young (Normal) (G1 Evacuation Pause) 560M->12M(920M) 0.494ms
[85.090s][info][gc] GC(815) Pause Young (Normal) (G1 Evacuation Pause) 560M->12M(920M) 0.559ms
[85.194s][info][gc] GC(816) Pause Young (Normal) (G1 Evacuation Pause) 560M->12M(920M) 0.559ms
[85.299s][info][gc] GC(817) Pause Young (Normal) (G1 Evacuation Pause) 560M->12M(920M) 0.529ms
[85.405s][info][gc] GC(818) Pause Young (Normal) (G1 Evacuation Pause) 560M->12M(920M) 0.576ms
[85.512s][info][gc] GC(819) Pause Young (Normal) (G1 Evacuation Pause) 560M->12M(920M) 0.619ms
[85.618s][info][gc] GC(820) Pause Young (Normal) (G1 Evacuation Pause) 560M->12M(920M) 0.550ms
[85.723s][info][gc] GC(821) Pause Young (Normal) (G1 Evacuation Pause) 560M->12M(920M) 0.588ms
[85.829s][info][gc] GC(822) Pause Young (Normal) (G1 Evacuation Pause) 560M->12M(920M) 0.539ms
[85.935s][info][gc] GC(823) Pause Young (Normal) (G1 Evacuation Pause) 560M->12M(920M) 0.767ms
[86.040s][info][gc] GC(824) Pause Young (Normal) (G1 Evacuation Pause) 560M->12M(920M) 0.559ms
[86.144s][info][gc] GC(825) Pause Young (Normal) (G1 Evacuation Pause) 560M->12M(920M) 0.570ms
[86.248s][info][gc] GC(826) Pause Young (Normal) (G1 Evacuation Pause) 560M->12M(920M) 0.497ms
[86.353s][info][gc] GC(827) Pause Young (Normal) (G1 Evacuation Pause) 560M->12M(920M) 0.673ms
[86.457s][info][gc] GC(828) Pause Young (Normal) (G1 Evacuation Pause) 560M->12M(920M) 0.526ms
[86.564s][info][gc] GC(829) Pause Young (Normal) (G1 Evacuation Pause) 560M->12M(920M) 0.522ms
[86.669s][info][gc] GC(830) Pause Young (Normal) (G1 Evacuation Pause) 560M->12M(920M) 0.542ms
[86.773s][info][gc] GC(831) Pause Young (Normal) (G1 Evacuation Pause) 560M->12M(920M) 0.521ms
[86.878s][info][gc] GC(832) Pause Young (Normal) (G1 Evacuation Pause) 560M->12M(920M) 0.582ms
[86.983s][info][gc] GC(833) Pause Young (Normal) (G1 Evacuation Pause) 560M->12M(920M) 0.610ms
[87.089s][info][gc] GC(834) Pause Young (Normal) (G1 Evacuation Pause) 560M->12M(920M) 0.556ms
[87.193s][info][gc] GC(835) Pause Young (Normal) (G1 Evacuation Pause) 560M->12M(920M) 0.607ms
[87.302s][info][gc] GC(836) Pause Young (Normal) (G1 Evacuation Pause) 560M->12M(920M) 0.645ms
[87.408s][info][gc] GC(837) Pause Young (Normal) (G1 Evacuation Pause) 560M->12M(920M) 0.558ms
[87.513s][info][gc] GC(838) Pause Young (Normal) (G1 Evacuation Pause) 560M->12M(920M) 0.536ms
[87.621s][info][gc] GC(839) Pause Young (Normal) (G1 Evacuation Pause) 560M->12M(920M) 0.544ms
[87.726s][info][gc] GC(840) Pause Young (Normal) (G1 Evacuation Pause) 560M->12M(920M) 0.593ms
[87.831s][info][gc] GC(841) Pause Young (Normal) (G1 Evacuation Pause) 560M->12M(920M) 0.528ms
[87.936s][info][gc] GC(842) Pause Young (Normal) (G1 Evacuation Pause) 560M->12M(920M) 0.524ms
[88.041s][info][gc] GC(843) Pause Young (Normal) (G1 Evacuation Pause) 560M->12M(920M) 0.687ms
[88.149s][info][gc] GC(844) Pause Young (Normal) (G1 Evacuation Pause) 560M->12M(920M) 0.575ms
[88.253s][info][gc] GC(845) Pause Young (Normal) (G1 Evacuation Pause) 560M->12M(920M) 0.515ms
[88.358s][info][gc] GC(846) Pause Young (Normal) (G1 Evacuation Pause) 560M->12M(920M) 0.565ms
[88.462s][info][gc] GC(847) Pause Young (Normal) (G1 Evacuation Pause) 560M->12M(920M) 0.558ms
[88.568s][info][gc] GC(848) Pause Young (Normal) (G1 Evacuation Pause) 560M->12M(920M) 0.534ms
[88.672s][info][gc] GC(849) Pause Young (Normal) (G1 Evacuation Pause) 560M->12M(920M) 0.621ms
[88.778s][info][gc] GC(850) Pause Young (Normal) (G1 Evacuation Pause) 560M->12M(920M) 0.552ms
[88.884s][info][gc] GC(851) Pause Young (Normal) (G1 Evacuation Pause) 560M->12M(920M) 0.534ms
[88.989s][info][gc] GC(852) Pause Young (Normal) (G1 Evacuation Pause) 560M->12M(920M) 0.496ms
[89.095s][info][gc] GC(853) Pause Young (Normal) (G1 Evacuation Pause) 560M->12M(920M) 0.601ms
[89.201s][info][gc] GC(854) Pause Young (Normal) (G1 Evacuation Pause) 560M->12M(920M) 0.564ms
[89.307s][info][gc] GC(855) Pause Young (Normal) (G1 Evacuation Pause) 560M->12M(920M) 0.567ms
[89.412s][info][gc] GC(856) Pause Young (Normal) (G1 Evacuation Pause) 560M->12M(920M) 0.536ms
[89.517s][info][gc] GC(857) Pause Young (Normal) (G1 Evacuation Pause) 560M->12M(920M) 0.567ms
[89.624s][info][gc] GC(858) Pause Young (Normal) (G1 Evacuation Pause) 560M->12M(920M) 0.551ms
[89.729s][info][gc] GC(859) Pause Young (Normal) (G1 Evacuation Pause) 560M->12M(920M) 0.560ms
[89.835s][info][gc] GC(860) Pause Young (Normal) (G1 Evacuation Pause) 560M->12M(920M) 0.650ms
[89.941s][info][gc] GC(861) Pause Young (Normal) (G1 Evacuation Pause) 560M->12M(920M) 0.544ms
[90.046s][info][gc] GC(862) Pause Young (Normal) (G1 Evacuation Pause) 560M->12M(920M) 0.586ms
[90.150s][info][gc] GC(863) Pause Young (Normal) (G1 Evacuation Pause) 560M->12M(920M) 0.523ms
[90.265s][info][gc] GC(864) Pause Young (Normal) (G1 Evacuation Pause) 560M->12M(920M) 0.639ms
[90.374s][info][gc] GC(865) Pause Young (Normal) (G1 Evacuation Pause) 560M->12M(920M) 0.610ms
[90.483s][info][gc] GC(866) Pause Young (Normal) (G1 Evacuation Pause) 560M->12M(920M) 0.524ms
[90.590s][info][gc] GC(867) Pause Young (Normal) (G1 Evacuation Pause) 560M->12M(920M) 0.546ms
[90.695s][info][gc] GC(868) Pause Young (Normal) (G1 Evacuation Pause) 560M->12M(920M) 0.692ms
[90.800s][info][gc] GC(869) Pause Young (Normal) (G1 Evacuation Pause) 560M->12M(920M) 0.558ms
[90.905s][info][gc] GC(870) Pause Young (Normal) (G1 Evacuation Pause) 560M->12M(920M) 0.533ms
[91.010s][info][gc] GC(871) Pause Young (Normal) (G1 Evacuation Pause) 560M->12M(920M) 0.522ms
[91.115s][info][gc] GC(872) Pause Young (Normal) (G1 Evacuation Pause) 560M->12M(920M) 0.543ms
[91.224s][info][gc] GC(873) Pause Young (Normal) (G1 Evacuation Pause) 560M->12M(920M) 0.547ms
[91.341s][info][gc] GC(874) Pause Young (Normal) (G1 Evacuation Pause) 560M->12M(920M) 0.531ms
[91.455s][info][gc] GC(875) Pause Young (Normal) (G1 Evacuation Pause) 560M->12M(920M) 0.633ms
[91.570s][info][gc] GC(876) Pause Young (Normal) (G1 Evacuation Pause) 560M->12M(920M) 0.619ms
[91.676s][info][gc] GC(877) Pause Young (Normal) (G1 Evacuation Pause) 560M->12M(920M) 0.572ms
[91.783s][info][gc] GC(878) Pause Young (Normal) (G1 Evacuation Pause) 560M->12M(920M) 0.551ms
[91.889s][info][gc] GC(879) Pause Young (Normal) (G1 Evacuation Pause) 560M->12M(920M) 0.503ms
[91.994s][info][gc] GC(880) Pause Young (Normal) (G1 Evacuation Pause) 560M->12M(920M) 0.631ms
[92.100s][info][gc] GC(881) Pause Young (Normal) (G1 Evacuation Pause) 560M->12M(920M) 0.616ms
[92.204s][info][gc] GC(882) Pause Young (Normal) (G1 Evacuation Pause) 560M->12M(920M) 0.514ms
[92.309s][info][gc] GC(883) Pause Young (Normal) (G1 Evacuation Pause) 560M->12M(920M) 0.567ms
[92.413s][info][gc] GC(884) Pause Young (Normal) (G1 Evacuation Pause) 560M->12M(920M) 0.612ms
[92.518s][info][gc] GC(885) Pause Young (Normal) (G1 Evacuation Pause) 560M->12M(920M) 0.575ms
[92.623s][info][gc] GC(886) Pause Young (Normal) (G1 Evacuation Pause) 560M->12M(920M) 0.564ms
[92.727s][info][gc] GC(887) Pause Young (Normal) (G1 Evacuation Pause) 560M->12M(920M) 0.576ms
[92.831s][info][gc] GC(888) Pause Young (Normal) (G1 Evacuation Pause) 560M->12M(920M) 0.508ms
[92.936s][info][gc] GC(889) Pause Young (Normal) (G1 Evacuation Pause) 560M->12M(920M) 0.586ms
[93.041s][info][gc] GC(890) Pause Young (Normal) (G1 Evacuation Pause) 560M->12M(920M) 0.537ms
[93.145s][info][gc] GC(891) Pause Young (Normal) (G1 Evacuation Pause) 560M->12M(920M) 0.564ms
[93.250s][info][gc] GC(892) Pause Young (Normal) (G1 Evacuation Pause) 560M->12M(920M) 0.584ms
[93.354s][info][gc] GC(893) Pause Young (Normal) (G1 Evacuation Pause) 560M->12M(920M) 0.561ms
[93.459s][info][gc] GC(894) Pause Young (Normal) (G1 Evacuation Pause) 560M->12M(920M) 0.530ms
[93.565s][info][gc] GC(895) Pause Young (Normal) (G1 Evacuation Pause) 560M->12M(920M) 0.527ms
[93.671s][info][gc] GC(896) Pause Young (Normal) (G1 Evacuation Pause) 560M->12M(920M) 0.572ms
[93.775s][info][gc] GC(897) Pause Young (Normal) (G1 Evacuation Pause) 560M->12M(920M) 0.596ms
[93.880s][info][gc] GC(898) Pause Young (Normal) (G1 Evacuation Pause) 560M->12M(920M) 0.561ms
[93.987s][info][gc] GC(899) Pause Young (Normal) (G1 Evacuation Pause) 560M->12M(920M) 0.549ms
[94.091s][info][gc] GC(900) Pause Young (Normal) (G1 Evacuation Pause) 560M->12M(920M) 0.491ms
[94.196s][info][gc] GC(901) Pause Young (Normal) (G1 Evacuation Pause) 560M->12M(920M) 0.541ms
[94.301s][info][gc] GC(902) Pause Young (Normal) (G1 Evacuation Pause) 560M->12M(920M) 0.667ms
[94.406s][info][gc] GC(903) Pause Young (Normal) (G1 Evacuation Pause) 560M->12M(920M) 0.569ms
[94.512s][info][gc] GC(904) Pause Young (Normal) (G1 Evacuation Pause) 560M->12M(920M) 0.566ms
[94.617s][info][gc] GC(905) Pause Young (Normal) (G1 Evacuation Pause) 560M->12M(920M) 0.548ms
[94.722s][info][gc] GC(906) Pause Young (Normal) (G1 Evacuation Pause) 560M->12M(920M) 0.594ms
[94.827s][info][gc] GC(907) Pause Young (Normal) (G1 Evacuation Pause) 560M->12M(920M) 0.561ms
[94.932s][info][gc] GC(908) Pause Young (Normal) (G1 Evacuation Pause) 560M->12M(920M) 0.581ms
[95.037s][info][gc] GC(909) Pause Young (Normal) (G1 Evacuation Pause) 560M->12M(920M) 0.495ms
[95.142s][info][gc] GC(910) Pause Young (Normal) (G1 Evacuation Pause) 560M->12M(920M) 0.586ms
[95.249s][info][gc] GC(911) Pause Young (Normal) (G1 Evacuation Pause) 560M->12M(920M) 0.517ms
[95.354s][info][gc] GC(912) Pause Young (Normal) (G1 Evacuation Pause) 560M->12M(920M) 0.548ms
[95.458s][info][gc] GC(913) Pause Young (Normal) (G1 Evacuation Pause) 560M->12M(920M) 0.587ms
[95.563s][info][gc] GC(914) Pause Young (Normal) (G1 Evacuation Pause) 560M->12M(920M) 0.533ms
[95.667s][info][gc] GC(915) Pause Young (Normal) (G1 Evacuation Pause) 560M->12M(920M) 0.511ms
[95.772s][info][gc] GC(916) Pause Young (Normal) (G1 Evacuation Pause) 560M->12M(920M) 0.583ms
[95.876s][info][gc] GC(917) Pause Young (Normal) (G1 Evacuation Pause) 560M->12M(920M) 0.574ms
[95.981s][info][gc] GC(918) Pause Young (Normal) (G1 Evacuation Pause) 560M->12M(920M) 0.583ms
[96.086s][info][gc] GC(919) Pause Young (Normal) (G1 Evacuation Pause) 560M->12M(920M) 0.596ms
[96.190s][info][gc] GC(920) Pause Young (Normal) (G1 Evacuation Pause) 560M->12M(920M) 0.614ms
[96.296s][info][gc] GC(921) Pause Young (Normal) (G1 Evacuation Pause) 560M->12M(920M) 0.504ms
[96.400s][info][gc] GC(922) Pause Young (Normal) (G1 Evacuation Pause) 560M->12M(920M) 0.591ms
[96.504s][info][gc] GC(923) Pause Young (Normal) (G1 Evacuation Pause) 560M->12M(920M) 0.550ms
[96.609s][info][gc] GC(924) Pause Young (Normal) (G1 Evacuation Pause) 560M->12M(920M) 0.662ms
[96.713s][info][gc] GC(925) Pause Young (Normal) (G1 Evacuation Pause) 560M->12M(920M) 0.575ms
[96.818s][info][gc] GC(926) Pause Young (Normal) (G1 Evacuation Pause) 560M->12M(920M) 0.586ms
[96.922s][info][gc] GC(927) Pause Young (Normal) (G1 Evacuation Pause) 560M->12M(920M) 0.559ms
[97.027s][info][gc] GC(928) Pause Young (Normal) (G1 Evacuation Pause) 560M->12M(920M) 0.555ms
[97.131s][info][gc] GC(929) Pause Young (Normal) (G1 Evacuation Pause) 560M->12M(920M) 0.523ms
[97.236s][info][gc] GC(930) Pause Young (Normal) (G1 Evacuation Pause) 560M->12M(920M) 0.554ms
[97.340s][info][gc] GC(931) Pause Young (Normal) (G1 Evacuation Pause) 560M->12M(920M) 0.556ms
[97.447s][info][gc] GC(932) Pause Young (Normal) (G1 Evacuation Pause) 560M->12M(920M) 0.491ms
[97.551s][info][gc] GC(933) Pause Young (Normal) (G1 Evacuation Pause) 560M->12M(920M) 0.584ms
[97.656s][info][gc] GC(934) Pause Young (Normal) (G1 Evacuation Pause) 560M->12M(920M) 0.518ms
[97.761s][info][gc] GC(935) Pause Young (Normal) (G1 Evacuation Pause) 560M->12M(920M) 0.521ms
[97.866s][info][gc] GC(936) Pause Young (Normal) (G1 Evacuation Pause) 560M->12M(920M) 0.539ms
[97.971s][info][gc] GC(937) Pause Young (Normal) (G1 Evacuation Pause) 560M->12M(920M) 0.558ms
[98.076s][info][gc] GC(938) Pause Young (Normal) (G1 Evacuation Pause) 560M->12M(920M) 0.515ms
[98.181s][info][gc] GC(939) Pause Young (Normal) (G1 Evacuation Pause) 560M->12M(920M) 0.529ms
[98.285s][info][gc] GC(940) Pause Young (Normal) (G1 Evacuation Pause) 560M->12M(920M) 0.602ms
[98.390s][info][gc] GC(941) Pause Young (Normal) (G1 Evacuation Pause) 560M->12M(920M) 0.600ms
[98.495s][info][gc] GC(942) Pause Young (Normal) (G1 Evacuation Pause) 560M->12M(920M) 0.565ms
[98.600s][info][gc] GC(943) Pause Young (Normal) (G1 Evacuation Pause) 560M->12M(920M) 0.574ms
[98.704s][info][gc] GC(944) Pause Young (Normal) (G1 Evacuation Pause) 560M->12M(920M) 0.570ms
[98.809s][info][gc] GC(945) Pause Young (Normal) (G1 Evacuation Pause) 560M->12M(920M) 0.620ms
[98.913s][info][gc] GC(946) Pause Young (Normal) (G1 Evacuation Pause) 560M->12M(920M) 0.513ms
[99.019s][info][gc] GC(947) Pause Young (Normal) (G1 Evacuation Pause) 560M->12M(920M) 0.596ms
[99.123s][info][gc] GC(948) Pause Young (Normal) (G1 Evacuation Pause) 560M->12M(920M) 0.596ms
[99.227s][info][gc] GC(949) Pause Young (Normal) (G1 Evacuation Pause) 560M->12M(920M) 0.623ms
[99.332s][info][gc] GC(950) Pause Young (Normal) (G1 Evacuation Pause) 560M->12M(920M) 0.611ms
[99.436s][info][gc] GC(951) Pause Young (Normal) (G1 Evacuation Pause) 560M->12M(920M) 0.501ms
[99.542s][info][gc] GC(952) Pause Young (Normal) (G1 Evacuation Pause) 560M->12M(920M) 0.546ms
[99.647s][info][gc] GC(953) Pause Young (Normal) (G1 Evacuation Pause) 560M->12M(920M) 0.517ms
[99.751s][info][gc] GC(954) Pause Young (Normal) (G1 Evacuation Pause) 560M->12M(920M) 0.573ms
[99.856s][info][gc] GC(955) Pause Young (Normal) (G1 Evacuation Pause) 560M->12M(920M) 0.575ms
[99.960s][info][gc] GC(956) Pause Young (Normal) (G1 Evacuation Pause) 560M->12M(920M) 0.587ms
[100.065s][info][gc] GC(957) Pause Young (Normal) (G1 Evacuation Pause) 560M->12M(920M) 0.559ms
[100.169s][info][gc] GC(958) Pause Young (Normal) (G1 Evacuation Pause) 560M->12M(920M) 0.521ms
[100.274s][info][gc] GC(959) Pause Young (Normal) (G1 Evacuation Pause) 560M->12M(920M) 0.584ms
[100.378s][info][gc] GC(960) Pause Young (Normal) (G1 Evacuation Pause) 560M->12M(920M) 0.512ms
[100.483s][info][gc] GC(961) Pause Young (Normal) (G1 Evacuation Pause) 560M->12M(920M) 0.571ms
[100.587s][info][gc] GC(962) Pause Young (Normal) (G1 Evacuation Pause) 560M->12M(920M) 0.530ms
[100.692s][info][gc] GC(963) Pause Young (Normal) (G1 Evacuation Pause) 560M->12M(920M) 0.539ms
[100.796s][info][gc] GC(964) Pause Young (Normal) (G1 Evacuation Pause) 560M->12M(920M) 0.519ms
[100.900s][info][gc] GC(965) Pause Young (Normal) (G1 Evacuation Pause) 560M->12M(920M) 0.515ms
[101.005s][info][gc] GC(966) Pause Young (Normal) (G1 Evacuation Pause) 560M->12M(920M) 0.516ms
[101.109s][info][gc] GC(967) Pause Young (Normal) (G1 Evacuation Pause) 560M->12M(920M) 0.592ms
[101.214s][info][gc] GC(968) Pause Young (Normal) (G1 Evacuation Pause) 560M->12M(920M) 0.560ms
[101.321s][info][gc] GC(969) Pause Young (Normal) (G1 Evacuation Pause) 560M->12M(920M) 0.549ms
[101.426s][info][gc] GC(970) Pause Young (Normal) (G1 Evacuation Pause) 560M->12M(920M) 0.461ms
[101.531s][info][gc] GC(971) Pause Young (Normal) (G1 Evacuation Pause) 560M->12M(920M) 0.531ms
[101.636s][info][gc] GC(972) Pause Young (Normal) (G1 Evacuation Pause) 560M->12M(920M) 0.545ms
[101.740s][info][gc] GC(973) Pause Young (Normal) (G1 Evacuation Pause) 560M->12M(920M) 0.601ms
[101.844s][info][gc] GC(974) Pause Young (Normal) (G1 Evacuation Pause) 560M->12M(920M) 0.510ms
[101.949s][info][gc] GC(975) Pause Young (Normal) (G1 Evacuation Pause) 560M->12M(920M) 0.561ms
[102.053s][info][gc] GC(976) Pause Young (Normal) (G1 Evacuation Pause) 560M->12M(920M) 0.607ms
[102.158s][info][gc] GC(977) Pause Young (Normal) (G1 Evacuation Pause) 560M->12M(920M) 0.476ms
[102.262s][info][gc] GC(978) Pause Young (Normal) (G1 Evacuation Pause) 560M->12M(920M) 0.576ms
[102.366s][info][gc] GC(979) Pause Young (Normal) (G1 Evacuation Pause) 560M->12M(920M) 0.508ms
[102.471s][info][gc] GC(980) Pause Young (Normal) (G1 Evacuation Pause) 560M->12M(920M) 0.531ms
[102.577s][info][gc] GC(981) Pause Young (Normal) (G1 Evacuation Pause) 560M->12M(920M) 0.502ms
[102.682s][info][gc] GC(982) Pause Young (Normal) (G1 Evacuation Pause) 560M->12M(920M) 0.537ms
[102.786s][info][gc] GC(983) Pause Young (Normal) (G1 Evacuation Pause) 560M->12M(920M) 0.595ms
[102.892s][info][gc] GC(984) Pause Young (Normal) (G1 Evacuation Pause) 560M->12M(920M) 0.505ms
[102.997s][info][gc] GC(985) Pause Young (Normal) (G1 Evacuation Pause) 560M->12M(920M) 0.556ms
[103.101s][info][gc] GC(986) Pause Young (Normal) (G1 Evacuation Pause) 560M->12M(920M) 0.526ms
[103.207s][info][gc] GC(987) Pause Young (Normal) (G1 Evacuation Pause) 560M->12M(920M) 0.589ms
[103.312s][info][gc] GC(988) Pause Young (Normal) (G1 Evacuation Pause) 560M->12M(920M) 0.589ms
[103.416s][info][gc] GC(989) Pause Young (Normal) (G1 Evacuation Pause) 560M->12M(920M) 0.504ms
[103.522s][info][gc] GC(990) Pause Young (Normal) (G1 Evacuation Pause) 560M->12M(920M) 0.564ms
[103.627s][info][gc] GC(991) Pause Young (Normal) (G1 Evacuation Pause) 560M->12M(920M) 0.594ms
[103.732s][info][gc] GC(992) Pause Young (Normal) (G1 Evacuation Pause) 560M->12M(920M) 0.531ms
[103.836s][info][gc] GC(993) Pause Young (Normal) (G1 Evacuation Pause) 560M->12M(920M) 0.516ms
[103.940s][info][gc] GC(994) Pause Young (Normal) (G1 Evacuation Pause) 560M->12M(920M) 0.497ms
[104.045s][info][gc] GC(995) Pause Young (Normal) (G1 Evacuation Pause) 560M->12M(920M) 0.538ms
[104.149s][info][gc] GC(996) Pause Young (Normal) (G1 Evacuation Pause) 560M->12M(920M) 0.528ms
[104.253s][info][gc] GC(997) Pause Young (Normal) (G1 Evacuation Pause) 560M->12M(920M) 0.498ms
[104.357s][info][gc] GC(998) Pause Young (Normal) (G1 Evacuation Pause) 560M->12M(920M) 0.584ms
[104.462s][info][gc] GC(999) Pause Young (Normal) (G1 Evacuation Pause) 560M->12M(920M) 0.495ms
[104.567s][info][gc] GC(1000) Pause Young (Normal) (G1 Evacuation Pause) 560M->12M(920M) 0.659ms
[104.671s][info][gc] GC(1001) Pause Young (Normal) (G1 Evacuation Pause) 560M->12M(920M) 0.577ms
[104.776s][info][gc] GC(1002) Pause Young (Normal) (G1 Evacuation Pause) 560M->12M(920M) 0.553ms
[104.880s][info][gc] GC(1003) Pause Young (Normal) (G1 Evacuation Pause) 560M->12M(920M) 0.570ms
[104.984s][info][gc] GC(1004) Pause Young (Normal) (G1 Evacuation Pause) 560M->12M(920M) 0.558ms
[105.089s][info][gc] GC(1005) Pause Young (Normal) (G1 Evacuation Pause) 560M->12M(920M) 0.638ms
[105.193s][info][gc] GC(1006) Pause Young (Normal) (G1 Evacuation Pause) 560M->12M(920M) 0.598ms
[105.298s][info][gc] GC(1007) Pause Young (Normal) (G1 Evacuation Pause) 560M->12M(920M) 0.517ms
[105.403s][info][gc] GC(1008) Pause Young (Normal) (G1 Evacuation Pause) 560M->12M(920M) 0.492ms
[105.507s][info][gc] GC(1009) Pause Young (Normal) (G1 Evacuation Pause) 560M->12M(920M) 0.546ms
[105.613s][info][gc] GC(1010) Pause Young (Normal) (G1 Evacuation Pause) 560M->12M(920M) 0.562ms
[105.717s][info][gc] GC(1011) Pause Young (Normal) (G1 Evacuation Pause) 560M->12M(920M) 0.500ms
[105.822s][info][gc] GC(1012) Pause Young (Normal) (G1 Evacuation Pause) 560M->12M(920M) 0.586ms
[105.927s][info][gc] GC(1013) Pause Young (Normal) (G1 Evacuation Pause) 560M->12M(920M) 0.625ms
[106.031s][info][gc] GC(1014) Pause Young (Normal) (G1 Evacuation Pause) 560M->12M(920M) 0.510ms
[106.136s][info][gc] GC(1015) Pause Young (Normal) (G1 Evacuation Pause) 560M->12M(920M) 0.640ms
[106.240s][info][gc] GC(1016) Pause Young (Normal) (G1 Evacuation Pause) 560M->12M(920M) 0.584ms
[106.345s][info][gc] GC(1017) Pause Young (Normal) (G1 Evacuation Pause) 560M->12M(920M) 0.576ms
[106.449s][info][gc] GC(1018) Pause Young (Normal) (G1 Evacuation Pause) 560M->12M(920M) 0.570ms
[106.554s][info][gc] GC(1019) Pause Young (Normal) (G1 Evacuation Pause) 560M->12M(920M) 0.563ms
[106.660s][info][gc] GC(1020) Pause Young (Normal) (G1 Evacuation Pause) 560M->12M(920M) 0.594ms
[106.764s][info][gc] GC(1021) Pause Young (Normal) (G1 Evacuation Pause) 560M->12M(920M) 0.564ms
[106.869s][info][gc] GC(1022) Pause Young (Normal) (G1 Evacuation Pause) 560M->12M(920M) 0.583ms
[106.973s][info][gc] GC(1023) Pause Young (Normal) (G1 Evacuation Pause) 560M->12M(920M) 0.518ms
[107.078s][info][gc] GC(1024) Pause Young (Normal) (G1 Evacuation Pause) 560M->12M(920M) 0.535ms
[107.182s][info][gc] GC(1025) Pause Young (Normal) (G1 Evacuation Pause) 560M->12M(920M) 0.550ms
[107.286s][info][gc] GC(1026) Pause Young (Normal) (G1 Evacuation Pause) 560M->12M(920M) 0.555ms
[107.391s][info][gc] GC(1027) Pause Young (Normal) (G1 Evacuation Pause) 560M->12M(920M) 0.537ms
[107.496s][info][gc] GC(1028) Pause Young (Normal) (G1 Evacuation Pause) 560M->12M(920M) 0.551ms
[107.601s][info][gc] GC(1029) Pause Young (Normal) (G1 Evacuation Pause) 560M->12M(920M) 0.503ms
[107.706s][info][gc] GC(1030) Pause Young (Normal) (G1 Evacuation Pause) 560M->12M(920M) 0.590ms
[107.810s][info][gc] GC(1031) Pause Young (Normal) (G1 Evacuation Pause) 560M->12M(920M) 0.536ms
[107.915s][info][gc] GC(1032) Pause Young (Normal) (G1 Evacuation Pause) 560M->12M(920M) 0.507ms
[108.019s][info][gc] GC(1033) Pause Young (Normal) (G1 Evacuation Pause) 560M->12M(920M) 0.518ms
[108.124s][info][gc] GC(1034) Pause Young (Normal) (G1 Evacuation Pause) 560M->12M(920M) 0.592ms
[108.228s][info][gc] GC(1035) Pause Young (Normal) (G1 Evacuation Pause) 560M->12M(920M) 0.571ms
[108.333s][info][gc] GC(1036) Pause Young (Normal) (G1 Evacuation Pause) 560M->12M(920M) 0.604ms
[108.438s][info][gc] GC(1037) Pause Young (Normal) (G1 Evacuation Pause) 560M->12M(920M) 0.548ms
[108.544s][info][gc] GC(1038) Pause Young (Normal) (G1 Evacuation Pause) 560M->12M(920M) 0.568ms
[108.649s][info][gc] GC(1039) Pause Young (Normal) (G1 Evacuation Pause) 560M->12M(920M) 0.544ms
[108.754s][info][gc] GC(1040) Pause Young (Normal) (G1 Evacuation Pause) 560M->12M(920M) 0.554ms
[108.858s][info][gc] GC(1041) Pause Young (Normal) (G1 Evacuation Pause) 560M->12M(920M) 0.588ms
[108.963s][info][gc] GC(1042) Pause Young (Normal) (G1 Evacuation Pause) 560M->12M(920M) 0.590ms
[109.067s][info][gc] GC(1043) Pause Young (Normal) (G1 Evacuation Pause) 560M->12M(920M) 0.588ms
[109.171s][info][gc] GC(1044) Pause Young (Normal) (G1 Evacuation Pause) 560M->12M(920M) 0.523ms
[109.276s][info][gc] GC(1045) Pause Young (Normal) (G1 Evacuation Pause) 560M->12M(920M) 0.617ms
[109.380s][info][gc] GC(1046) Pause Young (Normal) (G1 Evacuation Pause) 560M->12M(920M) 0.479ms
[109.485s][info][gc] GC(1047) Pause Young (Normal) (G1 Evacuation Pause) 560M->12M(920M) 0.693ms
[109.592s][info][gc] GC(1048) Pause Young (Normal) (G1 Evacuation Pause) 560M->12M(920M) 0.533ms
[109.696s][info][gc] GC(1049) Pause Young (Normal) (G1 Evacuation Pause) 560M->12M(920M) 0.512ms
[109.801s][info][gc] GC(1050) Pause Young (Normal) (G1 Evacuation Pause) 560M->12M(920M) 0.530ms
[109.905s][info][gc] GC(1051) Pause Young (Normal) (G1 Evacuation Pause) 560M->12M(920M) 0.470ms
[110.009s][info][gc] GC(1052) Pause Young (Normal) (G1 Evacuation Pause) 560M->12M(920M) 0.527ms
[110.114s][info][gc] GC(1053) Pause Young (Normal) (G1 Evacuation Pause) 560M->12M(920M) 0.520ms
[110.218s][info][gc] GC(1054) Pause Young (Normal) (G1 Evacuation Pause) 560M->12M(920M) 0.583ms
[110.323s][info][gc] GC(1055) Pause Young (Normal) (G1 Evacuation Pause) 560M->12M(920M) 0.535ms
[110.427s][info][gc] GC(1056) Pause Young (Normal) (G1 Evacuation Pause) 560M->12M(920M) 0.483ms
[110.533s][info][gc] GC(1057) Pause Young (Normal) (G1 Evacuation Pause) 560M->12M(920M) 0.539ms
[110.638s][info][gc] GC(1058) Pause Young (Normal) (G1 Evacuation Pause) 560M->12M(920M) 0.592ms
[110.743s][info][gc] GC(1059) Pause Young (Normal) (G1 Evacuation Pause) 560M->12M(920M) 0.499ms
[110.847s][info][gc] GC(1060) Pause Young (Normal) (G1 Evacuation Pause) 560M->12M(920M) 0.537ms
[110.952s][info][gc] GC(1061) Pause Young (Normal) (G1 Evacuation Pause) 560M->12M(920M) 0.588ms
[111.056s][info][gc] GC(1062) Pause Young (Normal) (G1 Evacuation Pause) 560M->12M(920M) 0.515ms
[111.161s][info][gc] GC(1063) Pause Young (Normal) (G1 Evacuation Pause) 560M->12M(920M) 0.555ms
[111.265s][info][gc] GC(1064) Pause Young (Normal) (G1 Evacuation Pause) 560M->12M(920M) 0.476ms
[111.369s][info][gc] GC(1065) Pause Young (Normal) (G1 Evacuation Pause) 560M->12M(920M) 0.600ms
[111.474s][info][gc] GC(1066) Pause Young (Normal) (G1 Evacuation Pause) 560M->12M(920M) 0.564ms
[111.581s][info][gc] GC(1067) Pause Young (Normal) (G1 Evacuation Pause) 560M->12M(920M) 0.568ms
[111.688s][info][gc] GC(1068) Pause Young (Normal) (G1 Evacuation Pause) 560M->12M(920M) 0.573ms
[111.792s][info][gc] GC(1069) Pause Young (Normal) (G1 Evacuation Pause) 560M->12M(920M) 0.579ms
[111.896s][info][gc] GC(1070) Pause Young (Normal) (G1 Evacuation Pause) 560M->12M(920M) 0.607ms
[112.001s][info][gc] GC(1071) Pause Young (Normal) (G1 Evacuation Pause) 560M->12M(920M) 0.598ms
[112.106s][info][gc] GC(1072) Pause Young (Normal) (G1 Evacuation Pause) 560M->12M(920M) 0.555ms
[112.210s][info][gc] GC(1073) Pause Young (Normal) (G1 Evacuation Pause) 560M->12M(920M) 0.620ms
[112.315s][info][gc] GC(1074) Pause Young (Normal) (G1 Evacuation Pause) 560M->12M(920M) 0.588ms
[112.419s][info][gc] GC(1075) Pause Young (Normal) (G1 Evacuation Pause) 560M->12M(920M) 0.546ms
[112.523s][info][gc] GC(1076) Pause Young (Normal) (G1 Evacuation Pause) 560M->12M(920M) 0.532ms
[112.628s][info][gc] GC(1077) Pause Young (Normal) (G1 Evacuation Pause) 560M->12M(920M) 0.508ms
[112.733s][info][gc] GC(1078) Pause Young (Normal) (G1 Evacuation Pause) 560M->12M(920M) 0.600ms
[112.837s][info][gc] GC(1079) Pause Young (Normal) (G1 Evacuation Pause) 560M->12M(920M) 0.525ms
[112.942s][info][gc] GC(1080) Pause Young (Normal) (G1 Evacuation Pause) 560M->12M(920M) 0.513ms
[113.046s][info][gc] GC(1081) Pause Young (Normal) (G1 Evacuation Pause) 560M->12M(920M) 0.504ms
[113.151s][info][gc] GC(1082) Pause Young (Normal) (G1 Evacuation Pause) 560M->12M(920M) 0.580ms
[113.256s][info][gc] GC(1083) Pause Young (Normal) (G1 Evacuation Pause) 560M->12M(920M) 0.576ms
[113.360s][info][gc] GC(1084) Pause Young (Normal) (G1 Evacuation Pause) 560M->12M(920M) 0.529ms
[113.466s][info][gc] GC(1085) Pause Young (Normal) (G1 Evacuation Pause) 560M->12M(920M) 0.543ms
[113.571s][info][gc] GC(1086) Pause Young (Normal) (G1 Evacuation Pause) 560M->12M(920M) 0.515ms
[113.677s][info][gc] GC(1087) Pause Young (Normal) (G1 Evacuation Pause) 560M->12M(920M) 0.578ms
[113.781s][info][gc] GC(1088) Pause Young (Normal) (G1 Evacuation Pause) 560M->12M(920M) 0.563ms
[113.887s][info][gc] GC(1089) Pause Young (Normal) (G1 Evacuation Pause) 560M->12M(920M) 0.545ms
[113.992s][info][gc] GC(1090) Pause Young (Normal) (G1 Evacuation Pause) 560M->12M(920M) 0.563ms
[114.098s][info][gc] GC(1091) Pause Young (Normal) (G1 Evacuation Pause) 560M->12M(920M) 0.535ms
[114.203s][info][gc] GC(1092) Pause Young (Normal) (G1 Evacuation Pause) 560M->12M(920M) 0.531ms
[114.309s][info][gc] GC(1093) Pause Young (Normal) (G1 Evacuation Pause) 560M->12M(920M) 0.571ms
[114.413s][info][gc] GC(1094) Pause Young (Normal) (G1 Evacuation Pause) 560M->12M(920M) 0.589ms
[114.518s][info][gc] GC(1095) Pause Young (Normal) (G1 Evacuation Pause) 560M->12M(920M) 0.517ms
[114.622s][info][gc] GC(1096) Pause Young (Normal) (G1 Evacuation Pause) 560M->12M(920M) 0.542ms
[114.727s][info][gc] GC(1097) Pause Young (Normal) (G1 Evacuation Pause) 560M->12M(920M) 0.584ms
[114.831s][info][gc] GC(1098) Pause Young (Normal) (G1 Evacuation Pause) 560M->12M(920M) 0.576ms
[114.936s][info][gc] GC(1099) Pause Young (Normal) (G1 Evacuation Pause) 560M->12M(920M) 0.588ms
[115.041s][info][gc] GC(1100) Pause Young (Normal) (G1 Evacuation Pause) 560M->12M(920M) 0.520ms
[115.146s][info][gc] GC(1101) Pause Young (Normal) (G1 Evacuation Pause) 560M->12M(920M) 0.601ms
[115.250s][info][gc] GC(1102) Pause Young (Normal) (G1 Evacuation Pause) 560M->12M(920M) 0.509ms
[115.355s][info][gc] GC(1103) Pause Young (Normal) (G1 Evacuation Pause) 560M->12M(920M) 0.521ms
[115.459s][info][gc] GC(1104) Pause Young (Normal) (G1 Evacuation Pause) 560M->12M(920M) 0.503ms
[115.563s][info][gc] GC(1105) Pause Young (Normal) (G1 Evacuation Pause) 560M->12M(920M) 0.565ms
[115.667s][info][gc] GC(1106) Pause Young (Normal) (G1 Evacuation Pause) 560M->12M(920M) 0.576ms
[115.772s][info][gc] GC(1107) Pause Young (Normal) (G1 Evacuation Pause) 560M->12M(920M) 0.572ms
[115.876s][info][gc] GC(1108) Pause Young (Normal) (G1 Evacuation Pause) 560M->12M(920M) 0.575ms
[115.981s][info][gc] GC(1109) Pause Young (Normal) (G1 Evacuation Pause) 560M->12M(920M) 0.622ms
[116.085s][info][gc] GC(1110) Pause Young (Normal) (G1 Evacuation Pause) 560M->12M(920M) 0.596ms
[116.189s][info][gc] GC(1111) Pause Young (Normal) (G1 Evacuation Pause) 560M->12M(920M) 0.519ms
[116.296s][info][gc] GC(1112) Pause Young (Normal) (G1 Evacuation Pause) 560M->12M(920M) 0.588ms
[116.401s][info][gc] GC(1113) Pause Young (Normal) (G1 Evacuation Pause) 560M->12M(920M) 0.560ms
[116.505s][info][gc] GC(1114) Pause Young (Normal) (G1 Evacuation Pause) 560M->12M(920M) 0.587ms
[116.610s][info][gc] GC(1115) Pause Young (Normal) (G1 Evacuation Pause) 560M->12M(920M) 0.544ms
[116.715s][info][gc] GC(1116) Pause Young (Normal) (G1 Evacuation Pause) 560M->12M(920M) 0.590ms
[116.819s][info][gc] GC(1117) Pause Young (Normal) (G1 Evacuation Pause) 560M->12M(920M) 0.565ms
[116.924s][info][gc] GC(1118) Pause Young (Normal) (G1 Evacuation Pause) 560M->12M(920M) 0.602ms
[117.029s][info][gc] GC(1119) Pause Young (Normal) (G1 Evacuation Pause) 560M->12M(920M) 0.519ms
[117.134s][info][gc] GC(1120) Pause Young (Normal) (G1 Evacuation Pause) 560M->12M(920M) 0.546ms
[117.239s][info][gc] GC(1121) Pause Young (Normal) (G1 Evacuation Pause) 560M->12M(920M) 0.540ms
[117.345s][info][gc] GC(1122) Pause Young (Normal) (G1 Evacuation Pause) 560M->12M(920M) 0.524ms
[117.450s][info][gc] GC(1123) Pause Young (Normal) (G1 Evacuation Pause) 560M->12M(920M) 0.653ms
[117.558s][info][gc] GC(1124) Pause Young (Normal) (G1 Evacuation Pause) 560M->12M(920M) 0.525ms
[117.666s][info][gc] GC(1125) Pause Young (Normal) (G1 Evacuation Pause) 560M->12M(920M) 0.515ms
[117.770s][info][gc] GC(1126) Pause Young (Normal) (G1 Evacuation Pause) 560M->12M(920M) 0.547ms
[117.877s][info][gc] GC(1127) Pause Young (Normal) (G1 Evacuation Pause) 560M->12M(920M) 0.605ms
[117.983s][info][gc] GC(1128) Pause Young (Normal) (G1 Evacuation Pause) 560M->12M(920M) 0.605ms
[118.089s][info][gc] GC(1129) Pause Young (Normal) (G1 Evacuation Pause) 560M->12M(920M) 0.529ms
[118.194s][info][gc] GC(1130) Pause Young (Normal) (G1 Evacuation Pause) 560M->12M(920M) 0.550ms
[118.299s][info][gc] GC(1131) Pause Young (Normal) (G1 Evacuation Pause) 560M->12M(920M) 0.546ms
[118.404s][info][gc] GC(1132) Pause Young (Normal) (G1 Evacuation Pause) 560M->12M(920M) 0.579ms
[118.511s][info][gc] GC(1133) Pause Young (Normal) (G1 Evacuation Pause) 560M->12M(920M) 0.565ms
[118.617s][info][gc] GC(1134) Pause Young (Normal) (G1 Evacuation Pause) 560M->12M(920M) 0.549ms
[118.723s][info][gc] GC(1135) Pause Young (Normal) (G1 Evacuation Pause) 560M->12M(920M) 0.575ms
[118.828s][info][gc] GC(1136) Pause Young (Normal) (G1 Evacuation Pause) 560M->12M(920M) 0.520ms
[118.933s][info][gc] GC(1137) Pause Young (Normal) (G1 Evacuation Pause) 560M->12M(920M) 0.542ms
[119.048s][info][gc] GC(1138) Pause Young (Normal) (G1 Evacuation Pause) 560M->12M(920M) 0.610ms
[119.155s][info][gc] GC(1139) Pause Young (Normal) (G1 Evacuation Pause) 560M->12M(920M) 0.589ms
[119.260s][info][gc] GC(1140) Pause Young (Normal) (G1 Evacuation Pause) 560M->12M(920M) 0.528ms
[119.366s][info][gc] GC(1141) Pause Young (Normal) (G1 Evacuation Pause) 560M->12M(920M) 0.527ms
[119.471s][info][gc] GC(1142) Pause Young (Normal) (G1 Evacuation Pause) 560M->12M(920M) 0.596ms
[119.578s][info][gc] GC(1143) Pause Young (Normal) (G1 Evacuation Pause) 560M->12M(920M) 0.508ms
[119.683s][info][gc] GC(1144) Pause Young (Normal) (G1 Evacuation Pause) 560M->12M(920M) 0.602ms
[119.788s][info][gc] GC(1145) Pause Young (Normal) (G1 Evacuation Pause) 560M->12M(920M) 0.564ms
[119.893s][info][gc] GC(1146) Pause Young (Normal) (G1 Evacuation Pause) 560M->12M(920M) 0.569ms
[119.997s][info][gc] GC(1147) Pause Young (Normal) (G1 Evacuation Pause) 560M->12M(920M) 0.558ms
[120.102s][info][gc] GC(1148) Pause Young (Normal) (G1 Evacuation Pause) 560M->12M(920M) 0.691ms
[120.209s][info][gc] GC(1149) Pause Young (Normal) (G1 Evacuation Pause) 560M->12M(920M) 0.634ms
[120.316s][info][gc] GC(1150) Pause Young (Normal) (G1 Evacuation Pause) 560M->12M(920M) 0.542ms
[120.422s][info][gc] GC(1151) Pause Young (Normal) (G1 Evacuation Pause) 560M->12M(920M) 0.605ms
[120.531s][info][gc] GC(1152) Pause Young (Normal) (G1 Evacuation Pause) 560M->12M(920M) 0.553ms
[120.639s][info][gc] GC(1153) Pause Young (Normal) (G1 Evacuation Pause) 560M->12M(920M) 0.544ms
[120.744s][info][gc] GC(1154) Pause Young (Normal) (G1 Evacuation Pause) 560M->12M(920M) 0.598ms
[120.849s][info][gc] GC(1155) Pause Young (Normal) (G1 Evacuation Pause) 560M->12M(920M) 0.552ms
[120.954s][info][gc] GC(1156) Pause Young (Normal) (G1 Evacuation Pause) 560M->12M(920M) 0.580ms
[121.058s][info][gc] GC(1157) Pause Young (Normal) (G1 Evacuation Pause) 560M->12M(920M) 0.584ms
[121.163s][info][gc] GC(1158) Pause Young (Normal) (G1 Evacuation Pause) 560M->12M(920M) 0.523ms
[121.270s][info][gc] GC(1159) Pause Young (Normal) (G1 Evacuation Pause) 560M->12M(920M) 0.516ms
[121.377s][info][gc] GC(1160) Pause Young (Normal) (G1 Evacuation Pause) 560M->12M(920M) 0.523ms
[121.483s][info][gc] GC(1161) Pause Young (Normal) (G1 Evacuation Pause) 560M->12M(920M) 0.618ms
[121.590s][info][gc] GC(1162) Pause Young (Normal) (G1 Evacuation Pause) 560M->12M(920M) 0.611ms
[121.697s][info][gc] GC(1163) Pause Young (Normal) (G1 Evacuation Pause) 560M->12M(920M) 0.539ms
[121.803s][info][gc] GC(1164) Pause Young (Normal) (G1 Evacuation Pause) 560M->12M(920M) 0.619ms
[121.910s][info][gc] GC(1165) Pause Young (Normal) (G1 Evacuation Pause) 560M->12M(920M) 0.595ms
[122.015s][info][gc] GC(1166) Pause Young (Normal) (G1 Evacuation Pause) 560M->12M(920M) 0.563ms
[122.120s][info][gc] GC(1167) Pause Young (Normal) (G1 Evacuation Pause) 560M->12M(920M) 0.606ms
[122.224s][info][gc] GC(1168) Pause Young (Normal) (G1 Evacuation Pause) 560M->12M(920M) 0.562ms
[122.329s][info][gc] GC(1169) Pause Young (Normal) (G1 Evacuation Pause) 560M->12M(920M) 0.554ms
[122.433s][info][gc] GC(1170) Pause Young (Normal) (G1 Evacuation Pause) 560M->12M(920M) 0.675ms
[122.538s][info][gc] GC(1171) Pause Young (Normal) (G1 Evacuation Pause) 560M->12M(920M) 0.506ms
[122.644s][info][gc] GC(1172) Pause Young (Normal) (G1 Evacuation Pause) 560M->12M(920M) 0.521ms
[122.748s][info][gc] GC(1173) Pause Young (Normal) (G1 Evacuation Pause) 560M->12M(920M) 0.599ms
[122.853s][info][gc] GC(1174) Pause Young (Normal) (G1 Evacuation Pause) 560M->12M(920M) 0.587ms
[122.957s][info][gc] GC(1175) Pause Young (Normal) (G1 Evacuation Pause) 560M->12M(920M) 0.553ms
[123.062s][info][gc] GC(1176) Pause Young (Normal) (G1 Evacuation Pause) 560M->12M(920M) 0.566ms
[123.167s][info][gc] GC(1177) Pause Young (Normal) (G1 Evacuation Pause) 560M->12M(920M) 0.576ms
[123.272s][info][gc] GC(1178) Pause Young (Normal) (G1 Evacuation Pause) 560M->12M(920M) 0.613ms
[123.377s][info][gc] GC(1179) Pause Young (Normal) (G1 Evacuation Pause) 560M->12M(920M) 0.580ms
[123.481s][info][gc] GC(1180) Pause Young (Normal) (G1 Evacuation Pause) 560M->12M(920M) 0.555ms
[123.587s][info][gc] GC(1181) Pause Young (Normal) (G1 Evacuation Pause) 560M->12M(920M) 0.548ms
[123.692s][info][gc] GC(1182) Pause Young (Normal) (G1 Evacuation Pause) 560M->12M(920M) 0.584ms
[123.797s][info][gc] GC(1183) Pause Young (Normal) (G1 Evacuation Pause) 560M->12M(920M) 0.606ms
[123.902s][info][gc] GC(1184) Pause Young (Normal) (G1 Evacuation Pause) 560M->12M(920M) 0.524ms
[124.007s][info][gc] GC(1185) Pause Young (Normal) (G1 Evacuation Pause) 560M->12M(920M) 0.554ms
[124.111s][info][gc] GC(1186) Pause Young (Normal) (G1 Evacuation Pause) 560M->12M(920M) 0.581ms
[124.217s][info][gc] GC(1187) Pause Young (Normal) (G1 Evacuation Pause) 560M->12M(920M) 0.537ms
[124.322s][info][gc] GC(1188) Pause Young (Normal) (G1 Evacuation Pause) 560M->12M(920M) 0.495ms
[124.427s][info][gc] GC(1189) Pause Young (Normal) (G1 Evacuation Pause) 560M->12M(920M) 0.564ms
[124.533s][info][gc] GC(1190) Pause Young (Normal) (G1 Evacuation Pause) 560M->12M(920M) 0.580ms
[124.638s][info][gc] GC(1191) Pause Young (Normal) (G1 Evacuation Pause) 560M->12M(920M) 0.506ms
[124.743s][info][gc] GC(1192) Pause Young (Normal) (G1 Evacuation Pause) 560M->12M(920M) 0.556ms
[124.848s][info][gc] GC(1193) Pause Young (Normal) (G1 Evacuation Pause) 560M->12M(920M) 0.574ms
[124.953s][info][gc] GC(1194) Pause Young (Normal) (G1 Evacuation Pause) 560M->12M(920M) 0.551ms
[125.058s][info][gc] GC(1195) Pause Young (Normal) (G1 Evacuation Pause) 560M->12M(920M) 0.638ms
[125.165s][info][gc] GC(1196) Pause Young (Normal) (G1 Evacuation Pause) 560M->12M(920M) 0.617ms
[125.270s][info][gc] GC(1197) Pause Young (Normal) (G1 Evacuation Pause) 560M->12M(920M) 0.506ms
[125.374s][info][gc] GC(1198) Pause Young (Normal) (G1 Evacuation Pause) 560M->12M(920M) 0.531ms
[125.479s][info][gc] GC(1199) Pause Young (Normal) (G1 Evacuation Pause) 560M->12M(920M) 0.536ms
[125.584s][info][gc] GC(1200) Pause Young (Normal) (G1 Evacuation Pause) 560M->12M(920M) 0.533ms
[125.689s][info][gc] GC(1201) Pause Young (Normal) (G1 Evacuation Pause) 560M->12M(920M) 0.651ms
[125.794s][info][gc] GC(1202) Pause Young (Normal) (G1 Evacuation Pause) 560M->12M(920M) 0.505ms
[125.898s][info][gc] GC(1203) Pause Young (Normal) (G1 Evacuation Pause) 560M->12M(920M) 0.519ms
[126.002s][info][gc] GC(1204) Pause Young (Normal) (G1 Evacuation Pause) 560M->12M(920M) 0.628ms
[126.107s][info][gc] GC(1205) Pause Young (Normal) (G1 Evacuation Pause) 560M->12M(920M) 0.598ms
[126.211s][info][gc] GC(1206) Pause Young (Normal) (G1 Evacuation Pause) 560M->12M(920M) 0.519ms
[126.319s][info][gc] GC(1207) Pause Young (Normal) (G1 Evacuation Pause) 560M->12M(920M) 0.733ms
[126.433s][info][gc] GC(1208) Pause Young (Normal) (G1 Evacuation Pause) 560M->12M(920M) 0.508ms
[126.554s][info][gc] GC(1209) Pause Young (Normal) (G1 Evacuation Pause) 560M->12M(920M) 0.575ms
[126.660s][info][gc] GC(1210) Pause Young (Normal) (G1 Evacuation Pause) 560M->12M(920M) 0.519ms
[126.766s][info][gc] GC(1211) Pause Young (Normal) (G1 Evacuation Pause) 560M->12M(920M) 0.647ms
[126.871s][info][gc] GC(1212) Pause Young (Normal) (G1 Evacuation Pause) 560M->12M(920M) 0.597ms
[126.976s][info][gc] GC(1213) Pause Young (Normal) (G1 Evacuation Pause) 560M->12M(920M) 0.586ms
[127.083s][info][gc] GC(1214) Pause Young (Normal) (G1 Evacuation Pause) 560M->12M(920M) 0.509ms
[127.187s][info][gc] GC(1215) Pause Young (Normal) (G1 Evacuation Pause) 560M->12M(920M) 0.511ms
[127.292s][info][gc] GC(1216) Pause Young (Normal) (G1 Evacuation Pause) 560M->12M(920M) 0.519ms
[127.396s][info][gc] GC(1217) Pause Young (Normal) (G1 Evacuation Pause) 560M->12M(920M) 0.582ms
[127.501s][info][gc] GC(1218) Pause Young (Normal) (G1 Evacuation Pause) 560M->12M(920M) 0.521ms
[127.607s][info][gc] GC(1219) Pause Young (Normal) (G1 Evacuation Pause) 560M->12M(920M) 0.668ms
[127.711s][info][gc] GC(1220) Pause Young (Normal) (G1 Evacuation Pause) 560M->12M(920M) 0.588ms
[127.816s][info][gc] GC(1221) Pause Young (Normal) (G1 Evacuation Pause) 560M->12M(920M) 0.524ms
[127.927s][info][gc] GC(1222) Pause Young (Normal) (G1 Evacuation Pause) 560M->12M(920M) 0.611ms
[128.032s][info][gc] GC(1223) Pause Young (Normal) (G1 Evacuation Pause) 560M->12M(920M) 0.522ms
[128.136s][info][gc] GC(1224) Pause Young (Normal) (G1 Evacuation Pause) 560M->12M(920M) 0.505ms
[128.241s][info][gc] GC(1225) Pause Young (Normal) (G1 Evacuation Pause) 560M->12M(920M) 0.559ms
[128.347s][info][gc] GC(1226) Pause Young (Normal) (G1 Evacuation Pause) 560M->12M(920M) 0.509ms
[128.451s][info][gc] GC(1227) Pause Young (Normal) (G1 Evacuation Pause) 560M->12M(920M) 0.510ms
[128.557s][info][gc] GC(1228) Pause Young (Normal) (G1 Evacuation Pause) 560M->12M(920M) 0.594ms
[128.662s][info][gc] GC(1229) Pause Young (Normal) (G1 Evacuation Pause) 560M->12M(920M) 0.506ms
[128.767s][info][gc] GC(1230) Pause Young (Normal) (G1 Evacuation Pause) 560M->12M(920M) 0.577ms
[128.872s][info][gc] GC(1231) Pause Young (Normal) (G1 Evacuation Pause) 560M->12M(920M) 0.517ms
[128.976s][info][gc] GC(1232) Pause Young (Normal) (G1 Evacuation Pause) 560M->12M(920M) 0.599ms
[129.082s][info][gc] GC(1233) Pause Young (Normal) (G1 Evacuation Pause) 560M->12M(920M) 0.531ms
[129.186s][info][gc] GC(1234) Pause Young (Normal) (G1 Evacuation Pause) 560M->12M(920M) 0.706ms
[129.291s][info][gc] GC(1235) Pause Young (Normal) (G1 Evacuation Pause) 560M->12M(920M) 0.588ms
[129.395s][info][gc] GC(1236) Pause Young (Normal) (G1 Evacuation Pause) 560M->12M(920M) 0.536ms
[129.500s][info][gc] GC(1237) Pause Young (Normal) (G1 Evacuation Pause) 560M->12M(920M) 0.580ms
[129.605s][info][gc] GC(1238) Pause Young (Normal) (G1 Evacuation Pause) 560M->12M(920M) 0.522ms
[129.710s][info][gc] GC(1239) Pause Young (Normal) (G1 Evacuation Pause) 560M->12M(920M) 0.518ms
[129.814s][info][gc] GC(1240) Pause Young (Normal) (G1 Evacuation Pause) 560M->12M(920M) 0.519ms
[129.919s][info][gc] GC(1241) Pause Young (Normal) (G1 Evacuation Pause) 560M->12M(920M) 0.646ms
[130.024s][info][gc] GC(1242) Pause Young (Normal) (G1 Evacuation Pause) 560M->12M(920M) 0.497ms
[130.129s][info][gc] GC(1243) Pause Young (Normal) (G1 Evacuation Pause) 560M->12M(920M) 0.537ms
[130.233s][info][gc] GC(1244) Pause Young (Normal) (G1 Evacuation Pause) 560M->12M(920M) 0.565ms
[130.338s][info][gc] GC(1245) Pause Young (Normal) (G1 Evacuation Pause) 560M->12M(920M) 0.548ms
[130.443s][info][gc] GC(1246) Pause Young (Normal) (G1 Evacuation Pause) 560M->12M(920M) 0.562ms
[130.547s][info][gc] GC(1247) Pause Young (Normal) (G1 Evacuation Pause) 560M->12M(920M) 0.593ms
[130.653s][info][gc] GC(1248) Pause Young (Normal) (G1 Evacuation Pause) 560M->12M(920M) 0.634ms
[130.758s][info][gc] GC(1249) Pause Young (Normal) (G1 Evacuation Pause) 560M->12M(920M) 0.623ms
[130.863s][info][gc] GC(1250) Pause Young (Normal) (G1 Evacuation Pause) 560M->12M(920M) 0.538ms
[130.968s][info][gc] GC(1251) Pause Young (Normal) (G1 Evacuation Pause) 560M->12M(920M) 0.539ms
[131.072s][info][gc] GC(1252) Pause Young (Normal) (G1 Evacuation Pause) 560M->12M(920M) 0.521ms
[131.177s][info][gc] GC(1253) Pause Young (Normal) (G1 Evacuation Pause) 560M->12M(920M) 0.551ms
[131.282s][info][gc] GC(1254) Pause Young (Normal) (G1 Evacuation Pause) 560M->12M(920M) 0.571ms
[131.387s][info][gc] GC(1255) Pause Young (Normal) (G1 Evacuation Pause) 560M->12M(920M) 0.506ms
[131.491s][info][gc] GC(1256) Pause Young (Normal) (G1 Evacuation Pause) 560M->12M(920M) 0.582ms
[131.596s][info][gc] GC(1257) Pause Young (Normal) (G1 Evacuation Pause) 560M->12M(920M) 0.513ms
[131.701s][info][gc] GC(1258) Pause Young (Normal) (G1 Evacuation Pause) 560M->12M(920M) 0.548ms
[131.806s][info][gc] GC(1259) Pause Young (Normal) (G1 Evacuation Pause) 560M->12M(920M) 0.533ms
[131.912s][info][gc] GC(1260) Pause Young (Normal) (G1 Evacuation Pause) 560M->12M(920M) 0.513ms
[132.016s][info][gc] GC(1261) Pause Young (Normal) (G1 Evacuation Pause) 560M->12M(920M) 0.504ms
[132.121s][info][gc] GC(1262) Pause Young (Normal) (G1 Evacuation Pause) 560M->12M(920M) 0.491ms
[132.225s][info][gc] GC(1263) Pause Young (Normal) (G1 Evacuation Pause) 560M->12M(920M) 0.542ms
[132.330s][info][gc] GC(1264) Pause Young (Normal) (G1 Evacuation Pause) 560M->12M(920M) 0.541ms
[132.435s][info][gc] GC(1265) Pause Young (Normal) (G1 Evacuation Pause) 560M->12M(920M) 0.496ms
[132.540s][info][gc] GC(1266) Pause Young (Normal) (G1 Evacuation Pause) 560M->12M(920M) 0.557ms
[132.645s][info][gc] GC(1267) Pause Young (Normal) (G1 Evacuation Pause) 560M->12M(920M) 0.558ms
[132.749s][info][gc] GC(1268) Pause Young (Normal) (G1 Evacuation Pause) 560M->12M(920M) 0.540ms
[132.854s][info][gc] GC(1269) Pause Young (Normal) (G1 Evacuation Pause) 560M->12M(920M) 0.532ms
[132.959s][info][gc] GC(1270) Pause Young (Normal) (G1 Evacuation Pause) 560M->12M(920M) 0.585ms
[133.064s][info][gc] GC(1271) Pause Young (Normal) (G1 Evacuation Pause) 560M->12M(920M) 0.583ms
[133.169s][info][gc] GC(1272) Pause Young (Normal) (G1 Evacuation Pause) 560M->12M(920M) 0.666ms
[133.274s][info][gc] GC(1273) Pause Young (Normal) (G1 Evacuation Pause) 560M->12M(920M) 0.587ms
[133.379s][info][gc] GC(1274) Pause Young (Normal) (G1 Evacuation Pause) 560M->12M(920M) 0.549ms
[133.485s][info][gc] GC(1275) Pause Young (Normal) (G1 Evacuation Pause) 560M->12M(920M) 0.506ms
[133.591s][info][gc] GC(1276) Pause Young (Normal) (G1 Evacuation Pause) 560M->12M(920M) 0.511ms
[133.696s][info][gc] GC(1277) Pause Young (Normal) (G1 Evacuation Pause) 560M->12M(920M) 0.487ms
[133.801s][info][gc] GC(1278) Pause Young (Normal) (G1 Evacuation Pause) 560M->12M(920M) 0.558ms
[133.905s][info][gc] GC(1279) Pause Young (Normal) (G1 Evacuation Pause) 560M->12M(920M) 0.516ms
[134.009s][info][gc] GC(1280) Pause Young (Normal) (G1 Evacuation Pause) 560M->12M(920M) 0.509ms
[134.114s][info][gc] GC(1281) Pause Young (Normal) (G1 Evacuation Pause) 560M->12M(920M) 0.538ms
[134.219s][info][gc] GC(1282) Pause Young (Normal) (G1 Evacuation Pause) 560M->12M(920M) 0.660ms
[134.324s][info][gc] GC(1283) Pause Young (Normal) (G1 Evacuation Pause) 560M->12M(920M) 0.539ms
[134.430s][info][gc] GC(1284) Pause Young (Normal) (G1 Evacuation Pause) 560M->12M(920M) 0.511ms
[134.535s][info][gc] GC(1285) Pause Young (Normal) (G1 Evacuation Pause) 560M->12M(920M) 0.584ms
[134.641s][info][gc] GC(1286) Pause Young (Normal) (G1 Evacuation Pause) 560M->12M(920M) 0.543ms
[134.747s][info][gc] GC(1287) Pause Young (Normal) (G1 Evacuation Pause) 560M->12M(920M) 0.582ms
[134.852s][info][gc] GC(1288) Pause Young (Normal) (G1 Evacuation Pause) 560M->12M(920M) 0.573ms
[134.959s][info][gc] GC(1289) Pause Young (Normal) (G1 Evacuation Pause) 560M->12M(920M) 0.512ms
[135.066s][info][gc] GC(1290) Pause Young (Normal) (G1 Evacuation Pause) 560M->12M(920M) 0.529ms
[135.171s][info][gc] GC(1291) Pause Young (Normal) (G1 Evacuation Pause) 560M->12M(920M) 0.569ms
[135.276s][info][gc] GC(1292) Pause Young (Normal) (G1 Evacuation Pause) 560M->12M(920M) 0.513ms
[135.381s][info][gc] GC(1293) Pause Young (Normal) (G1 Evacuation Pause) 560M->12M(920M) 0.546ms
[135.485s][info][gc] GC(1294) Pause Young (Normal) (G1 Evacuation Pause) 560M->12M(920M) 0.553ms
[135.592s][info][gc] GC(1295) Pause Young (Normal) (G1 Evacuation Pause) 560M->12M(920M) 0.516ms
[135.697s][info][gc] GC(1296) Pause Young (Normal) (G1 Evacuation Pause) 560M->12M(920M) 0.511ms
[135.801s][info][gc] GC(1297) Pause Young (Normal) (G1 Evacuation Pause) 560M->12M(920M) 0.546ms
[135.907s][info][gc] GC(1298) Pause Young (Normal) (G1 Evacuation Pause) 560M->12M(920M) 0.540ms
[136.013s][info][gc] GC(1299) Pause Young (Normal) (G1 Evacuation Pause) 560M->12M(920M) 0.501ms
[136.118s][info][gc] GC(1300) Pause Young (Normal) (G1 Evacuation Pause) 560M->12M(920M) 0.516ms
[136.226s][info][gc] GC(1301) Pause Young (Normal) (G1 Evacuation Pause) 560M->12M(920M) 0.544ms
[136.331s][info][gc] GC(1302) Pause Young (Normal) (G1 Evacuation Pause) 560M->12M(920M) 0.511ms
[136.435s][info][gc] GC(1303) Pause Young (Normal) (G1 Evacuation Pause) 560M->12M(920M) 0.514ms
[136.540s][info][gc] GC(1304) Pause Young (Normal) (G1 Evacuation Pause) 560M->12M(920M) 0.612ms
[136.645s][info][gc] GC(1305) Pause Young (Normal) (G1 Evacuation Pause) 560M->12M(920M) 0.564ms
[136.750s][info][gc] GC(1306) Pause Young (Normal) (G1 Evacuation Pause) 560M->12M(920M) 0.579ms
[136.856s][info][gc] GC(1307) Pause Young (Normal) (G1 Evacuation Pause) 560M->12M(920M) 0.637ms
[136.969s][info][gc] GC(1308) Pause Young (Normal) (G1 Evacuation Pause) 560M->12M(920M) 0.631ms
[137.077s][info][gc] GC(1309) Pause Young (Normal) (G1 Evacuation Pause) 560M->12M(920M) 0.613ms
[137.184s][info][gc] GC(1310) Pause Young (Normal) (G1 Evacuation Pause) 560M->12M(920M) 0.513ms
[137.293s][info][gc] GC(1311) Pause Young (Normal) (G1 Evacuation Pause) 560M->12M(920M) 0.567ms
[137.398s][info][gc] GC(1312) Pause Young (Normal) (G1 Evacuation Pause) 560M->12M(920M) 0.571ms
[137.502s][info][gc] GC(1313) Pause Young (Normal) (G1 Evacuation Pause) 560M->12M(920M) 0.628ms
[137.608s][info][gc] GC(1314) Pause Young (Normal) (G1 Evacuation Pause) 560M->12M(920M) 0.517ms
[137.712s][info][gc] GC(1315) Pause Young (Normal) (G1 Evacuation Pause) 560M->12M(920M) 0.555ms
[137.817s][info][gc] GC(1316) Pause Young (Normal) (G1 Evacuation Pause) 560M->12M(920M) 0.570ms
[137.922s][info][gc] GC(1317) Pause Young (Normal) (G1 Evacuation Pause) 560M->12M(920M) 0.542ms
[138.026s][info][gc] GC(1318) Pause Young (Normal) (G1 Evacuation Pause) 560M->12M(920M) 0.622ms
[138.132s][info][gc] GC(1319) Pause Young (Normal) (G1 Evacuation Pause) 560M->12M(920M) 0.592ms
[138.238s][info][gc] GC(1320) Pause Young (Normal) (G1 Evacuation Pause) 560M->12M(920M) 0.537ms
[138.351s][info][gc] GC(1321) Pause Young (Normal) (G1 Evacuation Pause) 560M->12M(920M) 0.548ms
[138.460s][info][gc] GC(1322) Pause Young (Normal) (G1 Evacuation Pause) 560M->12M(920M) 0.560ms
[138.568s][info][gc] GC(1323) Pause Young (Normal) (G1 Evacuation Pause) 560M->12M(920M) 0.582ms
[138.676s][info][gc] GC(1324) Pause Young (Normal) (G1 Evacuation Pause) 560M->12M(920M) 0.515ms
[138.782s][info][gc] GC(1325) Pause Young (Normal) (G1 Evacuation Pause) 560M->12M(920M) 0.588ms
[138.887s][info][gc] GC(1326) Pause Young (Normal) (G1 Evacuation Pause) 560M->12M(920M) 0.558ms
[138.992s][info][gc] GC(1327) Pause Young (Normal) (G1 Evacuation Pause) 560M->12M(920M) 0.585ms
[139.096s][info][gc] GC(1328) Pause Young (Normal) (G1 Evacuation Pause) 560M->12M(920M) 0.618ms
[139.203s][info][gc] GC(1329) Pause Young (Normal) (G1 Evacuation Pause) 560M->12M(920M) 0.614ms
[139.308s][info][gc] GC(1330) Pause Young (Normal) (G1 Evacuation Pause) 560M->12M(920M) 0.553ms
[139.412s][info][gc] GC(1331) Pause Young (Normal) (G1 Evacuation Pause) 560M->12M(920M) 0.572ms
[139.517s][info][gc] GC(1332) Pause Young (Normal) (G1 Evacuation Pause) 560M->12M(920M) 0.489ms
[139.621s][info][gc] GC(1333) Pause Young (Normal) (G1 Evacuation Pause) 560M->12M(920M) 0.521ms
[139.726s][info][gc] GC(1334) Pause Young (Normal) (G1 Evacuation Pause) 560M->12M(920M) 0.546ms
[139.831s][info][gc] GC(1335) Pause Young (Normal) (G1 Evacuation Pause) 560M->12M(920M) 0.528ms
[139.939s][info][gc] GC(1336) Pause Young (Normal) (G1 Evacuation Pause) 560M->12M(920M) 0.509ms
[140.046s][info][gc] GC(1337) Pause Young (Normal) (G1 Evacuation Pause) 560M->12M(920M) 0.537ms
[140.153s][info][gc] GC(1338) Pause Young (Normal) (G1 Evacuation Pause) 560M->12M(920M) 0.689ms
[140.259s][info][gc] GC(1339) Pause Young (Normal) (G1 Evacuation Pause) 560M->12M(920M) 0.573ms
[140.365s][info][gc] GC(1340) Pause Young (Normal) (G1 Evacuation Pause) 560M->12M(920M) 0.535ms
[140.470s][info][gc] GC(1341) Pause Young (Normal) (G1 Evacuation Pause) 560M->12M(920M) 0.592ms
[140.575s][info][gc] GC(1342) Pause Young (Normal) (G1 Evacuation Pause) 560M->12M(920M) 0.544ms
[140.680s][info][gc] GC(1343) Pause Young (Normal) (G1 Evacuation Pause) 560M->12M(920M) 0.582ms
[140.784s][info][gc] GC(1344) Pause Young (Normal) (G1 Evacuation Pause) 560M->12M(920M) 0.510ms
[140.888s][info][gc] GC(1345) Pause Young (Normal) (G1 Evacuation Pause) 560M->12M(920M) 0.540ms
[140.994s][info][gc] GC(1346) Pause Young (Normal) (G1 Evacuation Pause) 560M->12M(920M) 0.512ms
[141.099s][info][gc] GC(1347) Pause Young (Normal) (G1 Evacuation Pause) 560M->12M(920M) 0.586ms
[141.204s][info][gc] GC(1348) Pause Young (Normal) (G1 Evacuation Pause) 560M->12M(920M) 0.514ms
[141.308s][info][gc] GC(1349) Pause Young (Normal) (G1 Evacuation Pause) 560M->12M(920M) 0.574ms
[141.413s][info][gc] GC(1350) Pause Young (Normal) (G1 Evacuation Pause) 560M->12M(920M) 0.540ms
[141.518s][info][gc] GC(1351) Pause Young (Normal) (G1 Evacuation Pause) 560M->12M(920M) 0.523ms
[141.624s][info][gc] GC(1352) Pause Young (Normal) (G1 Evacuation Pause) 560M->12M(920M) 0.558ms
[141.730s][info][gc] GC(1353) Pause Young (Normal) (G1 Evacuation Pause) 560M->12M(920M) 0.582ms
[141.835s][info][gc] GC(1354) Pause Young (Normal) (G1 Evacuation Pause) 560M->12M(920M) 0.549ms
[141.941s][info][gc] GC(1355) Pause Young (Normal) (G1 Evacuation Pause) 560M->12M(920M) 0.565ms
[142.047s][info][gc] GC(1356) Pause Young (Normal) (G1 Evacuation Pause) 560M->12M(920M) 0.544ms
[142.153s][info][gc] GC(1357) Pause Young (Normal) (G1 Evacuation Pause) 560M->12M(920M) 0.643ms
[142.258s][info][gc] GC(1358) Pause Young (Normal) (G1 Evacuation Pause) 560M->12M(920M) 0.521ms
[142.364s][info][gc] GC(1359) Pause Young (Normal) (G1 Evacuation Pause) 560M->12M(920M) 0.571ms
[142.471s][info][gc] GC(1360) Pause Young (Normal) (G1 Evacuation Pause) 560M->12M(920M) 0.705ms
[142.579s][info][gc] GC(1361) Pause Young (Normal) (G1 Evacuation Pause) 560M->12M(920M) 0.523ms
[142.684s][info][gc] GC(1362) Pause Young (Normal) (G1 Evacuation Pause) 560M->12M(920M) 0.583ms
[142.789s][info][gc] GC(1363) Pause Young (Normal) (G1 Evacuation Pause) 560M->12M(920M) 0.528ms
[142.895s][info][gc] GC(1364) Pause Young (Normal) (G1 Evacuation Pause) 560M->12M(920M) 0.620ms
[142.999s][info][gc] GC(1365) Pause Young (Normal) (G1 Evacuation Pause) 560M->12M(920M) 0.517ms
[143.105s][info][gc] GC(1366) Pause Young (Normal) (G1 Evacuation Pause) 560M->12M(920M) 0.566ms
[143.213s][info][gc] GC(1367) Pause Young (Normal) (G1 Evacuation Pause) 560M->12M(920M) 0.537ms
[143.320s][info][gc] GC(1368) Pause Young (Normal) (G1 Evacuation Pause) 560M->12M(920M) 0.589ms
[143.426s][info][gc] GC(1369) Pause Young (Normal) (G1 Evacuation Pause) 560M->12M(920M) 0.535ms
[143.537s][info][gc] GC(1370) Pause Young (Normal) (G1 Evacuation Pause) 560M->12M(920M) 0.690ms
[143.649s][info][gc] GC(1371) Pause Young (Normal) (G1 Evacuation Pause) 560M->12M(920M) 0.586ms
[143.755s][info][gc] GC(1372) Pause Young (Normal) (G1 Evacuation Pause) 560M->12M(920M) 0.532ms
[143.860s][info][gc] GC(1373) Pause Young (Normal) (G1 Evacuation Pause) 560M->12M(920M) 0.545ms
[143.965s][info][gc] GC(1374) Pause Young (Normal) (G1 Evacuation Pause) 560M->12M(920M) 0.621ms
[144.070s][info][gc] GC(1375) Pause Young (Normal) (G1 Evacuation Pause) 560M->12M(920M) 0.562ms
[144.176s][info][gc] GC(1376) Pause Young (Normal) (G1 Evacuation Pause) 560M->12M(920M) 0.571ms
[144.281s][info][gc] GC(1377) Pause Young (Normal) (G1 Evacuation Pause) 560M->12M(920M) 0.567ms
[144.388s][info][gc] GC(1378) Pause Young (Normal) (G1 Evacuation Pause) 560M->12M(920M) 0.628ms
[144.496s][info][gc] GC(1379) Pause Young (Normal) (G1 Evacuation Pause) 560M->12M(920M) 0.565ms
[144.603s][info][gc] GC(1380) Pause Young (Normal) (G1 Evacuation Pause) 560M->12M(920M) 0.676ms
[144.708s][info][gc] GC(1381) Pause Young (Normal) (G1 Evacuation Pause) 560M->12M(920M) 0.607ms
[144.819s][info][gc] GC(1382) Pause Young (Normal) (G1 Evacuation Pause) 560M->12M(920M) 0.667ms
[144.926s][info][gc] GC(1383) Pause Young (Normal) (G1 Evacuation Pause) 560M->12M(920M) 0.556ms
[145.031s][info][gc] GC(1384) Pause Young (Normal) (G1 Evacuation Pause) 560M->12M(920M) 0.569ms
[145.137s][info][gc] GC(1385) Pause Young (Normal) (G1 Evacuation Pause) 560M->12M(920M) 0.566ms
[145.241s][info][gc] GC(1386) Pause Young (Normal) (G1 Evacuation Pause) 560M->12M(920M) 0.578ms
[145.346s][info][gc] GC(1387) Pause Young (Normal) (G1 Evacuation Pause) 560M->12M(920M) 0.568ms
[145.452s][info][gc] GC(1388) Pause Young (Normal) (G1 Evacuation Pause) 560M->12M(920M) 0.524ms
[145.558s][info][gc] GC(1389) Pause Young (Normal) (G1 Evacuation Pause) 560M->12M(920M) 0.521ms
[145.663s][info][gc] GC(1390) Pause Young (Normal) (G1 Evacuation Pause) 560M->12M(920M) 0.629ms
[145.768s][info][gc] GC(1391) Pause Young (Normal) (G1 Evacuation Pause) 560M->12M(920M) 0.591ms
[145.873s][info][gc] GC(1392) Pause Young (Normal) (G1 Evacuation Pause) 560M->12M(920M) 0.498ms
[145.979s][info][gc] GC(1393) Pause Young (Normal) (G1 Evacuation Pause) 560M->12M(920M) 0.574ms
[146.085s][info][gc] GC(1394) Pause Young (Normal) (G1 Evacuation Pause) 560M->12M(920M) 0.542ms
[146.190s][info][gc] GC(1395) Pause Young (Normal) (G1 Evacuation Pause) 560M->12M(920M) 0.549ms
[146.295s][info][gc] GC(1396) Pause Young (Normal) (G1 Evacuation Pause) 560M->12M(920M) 0.550ms
[146.403s][info][gc] GC(1397) Pause Young (Normal) (G1 Evacuation Pause) 560M->12M(920M) 0.816ms
[146.509s][info][gc] GC(1398) Pause Young (Normal) (G1 Evacuation Pause) 560M->12M(920M) 0.583ms
[146.615s][info][gc] GC(1399) Pause Young (Normal) (G1 Evacuation Pause) 560M->12M(920M) 0.563ms
[146.720s][info][gc] GC(1400) Pause Young (Normal) (G1 Evacuation Pause) 560M->12M(920M) 0.530ms
[146.825s][info][gc] GC(1401) Pause Young (Normal) (G1 Evacuation Pause) 560M->12M(920M) 0.541ms
[146.932s][info][gc] GC(1402) Pause Young (Normal) (G1 Evacuation Pause) 560M->12M(920M) 0.574ms
[147.038s][info][gc] GC(1403) Pause Young (Normal) (G1 Evacuation Pause) 560M->12M(920M) 0.603ms
[147.145s][info][gc] GC(1404) Pause Young (Normal) (G1 Evacuation Pause) 560M->12M(920M) 0.579ms
[147.253s][info][gc] GC(1405) Pause Young (Normal) (G1 Evacuation Pause) 560M->12M(920M) 0.605ms
[147.363s][info][gc] GC(1406) Pause Young (Normal) (G1 Evacuation Pause) 560M->12M(920M) 0.512ms
[147.472s][info][gc] GC(1407) Pause Young (Normal) (G1 Evacuation Pause) 560M->12M(920M) 0.579ms
[147.579s][info][gc] GC(1408) Pause Young (Normal) (G1 Evacuation Pause) 560M->12M(920M) 0.511ms
[147.684s][info][gc] GC(1409) Pause Young (Normal) (G1 Evacuation Pause) 560M->12M(920M) 0.505ms
[147.789s][info][gc] GC(1410) Pause Young (Normal) (G1 Evacuation Pause) 560M->12M(920M) 0.542ms
[147.895s][info][gc] GC(1411) Pause Young (Normal) (G1 Evacuation Pause) 560M->12M(920M) 0.596ms
[147.999s][info][gc] GC(1412) Pause Young (Normal) (G1 Evacuation Pause) 560M->12M(920M) 0.541ms
[148.104s][info][gc] GC(1413) Pause Young (Normal) (G1 Evacuation Pause) 560M->12M(920M) 0.501ms
[148.210s][info][gc] GC(1414) Pause Young (Normal) (G1 Evacuation Pause) 560M->12M(920M) 0.588ms
[148.316s][info][gc] GC(1415) Pause Young (Normal) (G1 Evacuation Pause) 560M->12M(920M) 0.546ms
[148.421s][info][gc] GC(1416) Pause Young (Normal) (G1 Evacuation Pause) 560M->12M(920M) 0.505ms
[148.527s][info][gc] GC(1417) Pause Young (Normal) (G1 Evacuation Pause) 560M->12M(920M) 0.540ms
[148.632s][info][gc] GC(1418) Pause Young (Normal) (G1 Evacuation Pause) 560M->12M(920M) 0.555ms
[148.738s][info][gc] GC(1419) Pause Young (Normal) (G1 Evacuation Pause) 560M->12M(920M) 0.594ms
[148.843s][info][gc] GC(1420) Pause Young (Normal) (G1 Evacuation Pause) 560M->12M(920M) 0.532ms
[148.948s][info][gc] GC(1421) Pause Young (Normal) (G1 Evacuation Pause) 560M->12M(920M) 0.531ms
[149.053s][info][gc] GC(1422) Pause Young (Normal) (G1 Evacuation Pause) 560M->12M(920M) 0.639ms
[149.157s][info][gc] GC(1423) Pause Young (Normal) (G1 Evacuation Pause) 560M->12M(920M) 0.593ms
[149.263s][info][gc] GC(1424) Pause Young (Normal) (G1 Evacuation Pause) 560M->12M(920M) 0.584ms
[149.367s][info][gc] GC(1425) Pause Young (Normal) (G1 Evacuation Pause) 560M->12M(920M) 0.592ms
[149.472s][info][gc] GC(1426) Pause Young (Normal) (G1 Evacuation Pause) 560M->12M(920M) 0.545ms
[149.577s][info][gc] GC(1427) Pause Young (Normal) (G1 Evacuation Pause) 560M->12M(920M) 0.577ms
[149.681s][info][gc] GC(1428) Pause Young (Normal) (G1 Evacuation Pause) 560M->12M(920M) 0.514ms
[149.786s][info][gc] GC(1429) Pause Young (Normal) (G1 Evacuation Pause) 560M->12M(920M) 0.580ms
[149.891s][info][gc] GC(1430) Pause Young (Normal) (G1 Evacuation Pause) 560M->12M(920M) 0.613ms
[149.996s][info][gc] GC(1431) Pause Young (Normal) (G1 Evacuation Pause) 560M->12M(920M) 0.566ms
[150.103s][info][gc] GC(1432) Pause Young (Normal) (G1 Evacuation Pause) 560M->12M(920M) 0.534ms
[150.208s][info][gc] GC(1433) Pause Young (Normal) (G1 Evacuation Pause) 560M->12M(920M) 0.514ms
[150.314s][info][gc] GC(1434) Pause Young (Normal) (G1 Evacuation Pause) 560M->12M(920M) 0.506ms
[150.418s][info][gc] GC(1435) Pause Young (Normal) (G1 Evacuation Pause) 560M->12M(920M) 0.515ms
[150.525s][info][gc] GC(1436) Pause Young (Normal) (G1 Evacuation Pause) 560M->12M(920M) 0.574ms
[150.630s][info][gc] GC(1437) Pause Young (Normal) (G1 Evacuation Pause) 560M->12M(920M) 0.564ms
[150.735s][info][gc] GC(1438) Pause Young (Normal) (G1 Evacuation Pause) 560M->12M(920M) 0.494ms
[150.839s][info][gc] GC(1439) Pause Young (Normal) (G1 Evacuation Pause) 560M->12M(920M) 0.512ms
[150.945s][info][gc] GC(1440) Pause Young (Normal) (G1 Evacuation Pause) 560M->12M(920M) 0.536ms
[151.052s][info][gc] GC(1441) Pause Young (Normal) (G1 Evacuation Pause) 560M->12M(920M) 0.540ms
[151.158s][info][gc] GC(1442) Pause Young (Normal) (G1 Evacuation Pause) 560M->12M(920M) 0.521ms
[151.262s][info][gc] GC(1443) Pause Young (Normal) (G1 Evacuation Pause) 560M->12M(920M) 0.588ms
[151.367s][info][gc] GC(1444) Pause Young (Normal) (G1 Evacuation Pause) 560M->12M(920M) 0.639ms
[151.472s][info][gc] GC(1445) Pause Young (Normal) (G1 Evacuation Pause) 560M->12M(920M) 0.562ms
[151.577s][info][gc] GC(1446) Pause Young (Normal) (G1 Evacuation Pause) 560M->12M(920M) 0.576ms
[151.683s][info][gc] GC(1447) Pause Young (Normal) (G1 Evacuation Pause) 560M->12M(920M) 0.652ms
[151.788s][info][gc] GC(1448) Pause Young (Normal) (G1 Evacuation Pause) 560M->12M(920M) 0.500ms
[151.892s][info][gc] GC(1449) Pause Young (Normal) (G1 Evacuation Pause) 560M->12M(920M) 0.548ms
[151.996s][info][gc] GC(1450) Pause Young (Normal) (G1 Evacuation Pause) 560M->12M(920M) 0.582ms
[152.102s][info][gc] GC(1451) Pause Young (Normal) (G1 Evacuation Pause) 560M->12M(920M) 0.505ms
[152.207s][info][gc] GC(1452) Pause Young (Normal) (G1 Evacuation Pause) 560M->12M(920M) 0.603ms
[152.311s][info][gc] GC(1453) Pause Young (Normal) (G1 Evacuation Pause) 560M->12M(920M) 0.556ms
[152.417s][info][gc] GC(1454) Pause Young (Normal) (G1 Evacuation Pause) 560M->12M(920M) 0.569ms
[152.522s][info][gc] GC(1455) Pause Young (Normal) (G1 Evacuation Pause) 560M->12M(920M) 0.521ms
[152.627s][info][gc] GC(1456) Pause Young (Normal) (G1 Evacuation Pause) 560M->12M(920M) 0.541ms
[152.734s][info][gc] GC(1457) Pause Young (Normal) (G1 Evacuation Pause) 560M->12M(920M) 0.581ms
[152.839s][info][gc] GC(1458) Pause Young (Normal) (G1 Evacuation Pause) 560M->12M(920M) 0.523ms
[152.945s][info][gc] GC(1459) Pause Young (Normal) (G1 Evacuation Pause) 560M->12M(920M) 0.563ms
[153.051s][info][gc] GC(1460) Pause Young (Normal) (G1 Evacuation Pause) 560M->12M(920M) 0.550ms
[153.155s][info][gc] GC(1461) Pause Young (Normal) (G1 Evacuation Pause) 560M->12M(920M) 0.535ms
[153.260s][info][gc] GC(1462) Pause Young (Normal) (G1 Evacuation Pause) 560M->12M(920M) 0.555ms
[153.368s][info][gc] GC(1463) Pause Young (Normal) (G1 Evacuation Pause) 560M->12M(920M) 0.570ms
[153.475s][info][gc] GC(1464) Pause Young (Normal) (G1 Evacuation Pause) 560M->12M(920M) 0.513ms
[153.580s][info][gc] GC(1465) Pause Young (Normal) (G1 Evacuation Pause) 560M->12M(920M) 0.580ms
[153.685s][info][gc] GC(1466) Pause Young (Normal) (G1 Evacuation Pause) 560M->12M(920M) 0.552ms
[153.791s][info][gc] GC(1467) Pause Young (Normal) (G1 Evacuation Pause) 560M->12M(920M) 0.553ms
[153.896s][info][gc] GC(1468) Pause Young (Normal) (G1 Evacuation Pause) 560M->12M(920M) 0.531ms
[154.000s][info][gc] GC(1469) Pause Young (Normal) (G1 Evacuation Pause) 560M->12M(920M) 0.526ms
[154.105s][info][gc] GC(1470) Pause Young (Normal) (G1 Evacuation Pause) 560M->12M(920M) 0.562ms
[154.209s][info][gc] GC(1471) Pause Young (Normal) (G1 Evacuation Pause) 560M->12M(920M) 0.596ms
[154.314s][info][gc] GC(1472) Pause Young (Normal) (G1 Evacuation Pause) 560M->12M(920M) 0.544ms
[154.418s][info][gc] GC(1473) Pause Young (Normal) (G1 Evacuation Pause) 560M->12M(920M) 0.495ms
[154.523s][info][gc] GC(1474) Pause Young (Normal) (G1 Evacuation Pause) 560M->12M(920M) 0.551ms
[154.629s][info][gc] GC(1475) Pause Young (Normal) (G1 Evacuation Pause) 560M->12M(920M) 0.526ms
[154.734s][info][gc] GC(1476) Pause Young (Normal) (G1 Evacuation Pause) 560M->12M(920M) 0.523ms
[154.839s][info][gc] GC(1477) Pause Young (Normal) (G1 Evacuation Pause) 560M->12M(920M) 0.662ms
[154.946s][info][gc] GC(1478) Pause Young (Normal) (G1 Evacuation Pause) 560M->12M(920M) 0.546ms
[155.051s][info][gc] GC(1479) Pause Young (Normal) (G1 Evacuation Pause) 560M->12M(920M) 0.495ms
[155.156s][info][gc] GC(1480) Pause Young (Normal) (G1 Evacuation Pause) 560M->12M(920M) 0.530ms
[155.263s][info][gc] GC(1481) Pause Young (Normal) (G1 Evacuation Pause) 560M->12M(920M) 0.564ms
[155.369s][info][gc] GC(1482) Pause Young (Normal) (G1 Evacuation Pause) 560M->12M(920M) 0.592ms
[155.474s][info][gc] GC(1483) Pause Young (Normal) (G1 Evacuation Pause) 560M->12M(920M) 0.534ms
[155.580s][info][gc] GC(1484) Pause Young (Normal) (G1 Evacuation Pause) 560M->12M(920M) 0.650ms
[155.685s][info][gc] GC(1485) Pause Young (Normal) (G1 Evacuation Pause) 560M->12M(920M) 0.531ms
[155.789s][info][gc] GC(1486) Pause Young (Normal) (G1 Evacuation Pause) 560M->12M(920M) 0.506ms
[155.893s][info][gc] GC(1487) Pause Young (Normal) (G1 Evacuation Pause) 560M->12M(920M) 0.515ms
[155.998s][info][gc] GC(1488) Pause Young (Normal) (G1 Evacuation Pause) 560M->12M(920M) 0.550ms
[156.104s][info][gc] GC(1489) Pause Young (Normal) (G1 Evacuation Pause) 560M->12M(920M) 0.620ms
[156.208s][info][gc] GC(1490) Pause Young (Normal) (G1 Evacuation Pause) 560M->12M(920M) 0.547ms
[156.314s][info][gc] GC(1491) Pause Young (Normal) (G1 Evacuation Pause) 560M->12M(920M) 0.529ms
[156.419s][info][gc] GC(1492) Pause Young (Normal) (G1 Evacuation Pause) 560M->12M(920M) 0.614ms
[156.524s][info][gc] GC(1493) Pause Young (Normal) (G1 Evacuation Pause) 560M->12M(920M) 0.565ms
[156.628s][info][gc] GC(1494) Pause Young (Normal) (G1 Evacuation Pause) 560M->12M(920M) 0.591ms
[156.734s][info][gc] GC(1495) Pause Young (Normal) (G1 Evacuation Pause) 560M->12M(920M) 0.548ms
[156.838s][info][gc] GC(1496) Pause Young (Normal) (G1 Evacuation Pause) 560M->12M(920M) 0.646ms
[156.942s][info][gc] GC(1497) Pause Young (Normal) (G1 Evacuation Pause) 560M->12M(920M) 0.571ms
[157.047s][info][gc] GC(1498) Pause Young (Normal) (G1 Evacuation Pause) 560M->12M(920M) 0.564ms
[157.152s][info][gc] GC(1499) Pause Young (Normal) (G1 Evacuation Pause) 560M->12M(920M) 0.536ms
[157.256s][info][gc] GC(1500) Pause Young (Normal) (G1 Evacuation Pause) 560M->12M(920M) 0.513ms
[157.362s][info][gc] GC(1501) Pause Young (Normal) (G1 Evacuation Pause) 560M->12M(920M) 0.519ms
[157.466s][info][gc] GC(1502) Pause Young (Normal) (G1 Evacuation Pause) 560M->12M(920M) 0.532ms
[157.571s][info][gc] GC(1503) Pause Young (Normal) (G1 Evacuation Pause) 560M->12M(920M) 0.568ms
[157.675s][info][gc] GC(1504) Pause Young (Normal) (G1 Evacuation Pause) 560M->12M(920M) 0.542ms
[157.780s][info][gc] GC(1505) Pause Young (Normal) (G1 Evacuation Pause) 560M->12M(920M) 0.683ms
[157.884s][info][gc] GC(1506) Pause Young (Normal) (G1 Evacuation Pause) 560M->12M(920M) 0.545ms
[157.989s][info][gc] GC(1507) Pause Young (Normal) (G1 Evacuation Pause) 560M->12M(920M) 0.561ms
[158.094s][info][gc] GC(1508) Pause Young (Normal) (G1 Evacuation Pause) 560M->12M(920M) 0.530ms
[158.198s][info][gc] GC(1509) Pause Young (Normal) (G1 Evacuation Pause) 560M->12M(920M) 0.592ms
[158.303s][info][gc] GC(1510) Pause Young (Normal) (G1 Evacuation Pause) 560M->12M(920M) 0.476ms
[158.410s][info][gc] GC(1511) Pause Young (Normal) (G1 Evacuation Pause) 560M->12M(920M) 0.583ms
[158.514s][info][gc] GC(1512) Pause Young (Normal) (G1 Evacuation Pause) 560M->12M(920M) 0.582ms
[158.619s][info][gc] GC(1513) Pause Young (Normal) (G1 Evacuation Pause) 560M->12M(920M) 0.538ms
[158.723s][info][gc] GC(1514) Pause Young (Normal) (G1 Evacuation Pause) 560M->12M(920M) 0.546ms
[158.828s][info][gc] GC(1515) Pause Young (Normal) (G1 Evacuation Pause) 560M->12M(920M) 0.572ms
[158.932s][info][gc] GC(1516) Pause Young (Normal) (G1 Evacuation Pause) 560M->12M(920M) 0.515ms
[159.038s][info][gc] GC(1517) Pause Young (Normal) (G1 Evacuation Pause) 560M->12M(920M) 0.624ms
[159.144s][info][gc] GC(1518) Pause Young (Normal) (G1 Evacuation Pause) 560M->12M(920M) 0.525ms
[159.249s][info][gc] GC(1519) Pause Young (Normal) (G1 Evacuation Pause) 560M->12M(920M) 0.603ms
[159.355s][info][gc] GC(1520) Pause Young (Normal) (G1 Evacuation Pause) 560M->12M(920M) 0.552ms
[159.461s][info][gc] GC(1521) Pause Young (Normal) (G1 Evacuation Pause) 560M->12M(920M) 0.653ms
[159.577s][info][gc] GC(1522) Pause Young (Normal) (G1 Evacuation Pause) 560M->12M(920M) 0.565ms
[159.683s][info][gc] GC(1523) Pause Young (Normal) (G1 Evacuation Pause) 560M->12M(920M) 0.533ms
[159.792s][info][gc] GC(1524) Pause Young (Normal) (G1 Evacuation Pause) 560M->12M(920M) 0.529ms
[159.898s][info][gc] GC(1525) Pause Young (Normal) (G1 Evacuation Pause) 560M->12M(920M) 0.632ms
[160.006s][info][gc] GC(1526) Pause Young (Normal) (G1 Evacuation Pause) 560M->12M(920M) 0.552ms
[160.114s][info][gc] GC(1527) Pause Young (Normal) (G1 Evacuation Pause) 560M->12M(920M) 0.523ms
[160.220s][info][gc] GC(1528) Pause Young (Normal) (G1 Evacuation Pause) 560M->12M(920M) 0.532ms
[160.326s][info][gc] GC(1529) Pause Young (Normal) (G1 Evacuation Pause) 560M->12M(920M) 0.586ms
[160.433s][info][gc] GC(1530) Pause Young (Normal) (G1 Evacuation Pause) 560M->12M(920M) 0.532ms
[160.540s][info][gc] GC(1531) Pause Young (Normal) (G1 Evacuation Pause) 560M->12M(920M) 0.546ms
[160.646s][info][gc] GC(1532) Pause Young (Normal) (G1 Evacuation Pause) 560M->12M(920M) 0.552ms
[160.755s][info][gc] GC(1533) Pause Young (Normal) (G1 Evacuation Pause) 560M->12M(920M) 0.534ms
[160.860s][info][gc] GC(1534) Pause Young (Normal) (G1 Evacuation Pause) 560M->12M(920M) 0.494ms
[160.964s][info][gc] GC(1535) Pause Young (Normal) (G1 Evacuation Pause) 560M->12M(920M) 0.594ms
[161.069s][info][gc] GC(1536) Pause Young (Normal) (G1 Evacuation Pause) 560M->12M(920M) 0.513ms
[161.173s][info][gc] GC(1537) Pause Young (Normal) (G1 Evacuation Pause) 560M->12M(920M) 0.514ms
[161.278s][info][gc] GC(1538) Pause Young (Normal) (G1 Evacuation Pause) 560M->12M(920M) 0.623ms
[161.382s][info][gc] GC(1539) Pause Young (Normal) (G1 Evacuation Pause) 560M->12M(920M) 0.528ms
[161.486s][info][gc] GC(1540) Pause Young (Normal) (G1 Evacuation Pause) 560M->12M(920M) 0.628ms
[161.591s][info][gc] GC(1541) Pause Young (Normal) (G1 Evacuation Pause) 560M->12M(920M) 0.546ms
[161.695s][info][gc] GC(1542) Pause Young (Normal) (G1 Evacuation Pause) 560M->12M(920M) 0.542ms
[161.800s][info][gc] GC(1543) Pause Young (Normal) (G1 Evacuation Pause) 560M->12M(920M) 0.560ms
[161.904s][info][gc] GC(1544) Pause Young (Normal) (G1 Evacuation Pause) 560M->12M(920M) 0.558ms
[162.009s][info][gc] GC(1545) Pause Young (Normal) (G1 Evacuation Pause) 560M->12M(920M) 0.506ms
[162.113s][info][gc] GC(1546) Pause Young (Normal) (G1 Evacuation Pause) 560M->12M(920M) 0.597ms
[162.218s][info][gc] GC(1547) Pause Young (Normal) (G1 Evacuation Pause) 560M->12M(920M) 0.584ms
[162.322s][info][gc] GC(1548) Pause Young (Normal) (G1 Evacuation Pause) 560M->12M(920M) 0.580ms
[162.426s][info][gc] GC(1549) Pause Young (Normal) (G1 Evacuation Pause) 560M->12M(920M) 0.528ms
[162.531s][info][gc] GC(1550) Pause Young (Normal) (G1 Evacuation Pause) 560M->12M(920M) 0.621ms
[162.635s][info][gc] GC(1551) Pause Young (Normal) (G1 Evacuation Pause) 560M->12M(920M) 0.518ms
[162.740s][info][gc] GC(1552) Pause Young (Normal) (G1 Evacuation Pause) 560M->12M(920M) 0.528ms
[162.845s][info][gc] GC(1553) Pause Young (Normal) (G1 Evacuation Pause) 560M->12M(920M) 0.589ms
[162.950s][info][gc] GC(1554) Pause Young (Normal) (G1 Evacuation Pause) 560M->12M(920M) 0.579ms
[163.054s][info][gc] GC(1555) Pause Young (Normal) (G1 Evacuation Pause) 560M->12M(920M) 0.485ms
[163.158s][info][gc] GC(1556) Pause Young (Normal) (G1 Evacuation Pause) 560M->12M(920M) 0.652ms
[163.263s][info][gc] GC(1557) Pause Young (Normal) (G1 Evacuation Pause) 560M->12M(920M) 0.519ms
[163.368s][info][gc] GC(1558) Pause Young (Normal) (G1 Evacuation Pause) 560M->12M(920M) 0.558ms
[163.472s][info][gc] GC(1559) Pause Young (Normal) (G1 Evacuation Pause) 560M->12M(920M) 0.618ms
[163.578s][info][gc] GC(1560) Pause Young (Normal) (G1 Evacuation Pause) 560M->12M(920M) 0.560ms
[163.682s][info][gc] GC(1561) Pause Young (Normal) (G1 Evacuation Pause) 560M->12M(920M) 0.536ms
[163.787s][info][gc] GC(1562) Pause Young (Normal) (G1 Evacuation Pause) 560M->12M(920M) 0.509ms
[163.892s][info][gc] GC(1563) Pause Young (Normal) (G1 Evacuation Pause) 560M->12M(920M) 0.638ms
[163.996s][info][gc] GC(1564) Pause Young (Normal) (G1 Evacuation Pause) 560M->12M(920M) 0.561ms
[164.102s][info][gc] GC(1565) Pause Young (Normal) (G1 Evacuation Pause) 560M->12M(920M) 0.589ms
[164.206s][info][gc] GC(1566) Pause Young (Normal) (G1 Evacuation Pause) 560M->12M(920M) 0.550ms
[164.310s][info][gc] GC(1567) Pause Young (Normal) (G1 Evacuation Pause) 560M->12M(920M) 0.570ms
[164.415s][info][gc] GC(1568) Pause Young (Normal) (G1 Evacuation Pause) 560M->12M(920M) 0.592ms
[164.521s][info][gc] GC(1569) Pause Young (Normal) (G1 Evacuation Pause) 560M->12M(920M) 0.637ms
[164.629s][info][gc] GC(1570) Pause Young (Normal) (G1 Evacuation Pause) 560M->12M(920M) 0.541ms
[164.734s][info][gc] GC(1571) Pause Young (Normal) (G1 Evacuation Pause) 560M->12M(920M) 0.562ms
[164.839s][info][gc] GC(1572) Pause Young (Normal) (G1 Evacuation Pause) 560M->12M(920M) 0.531ms
[164.945s][info][gc] GC(1573) Pause Young (Normal) (G1 Evacuation Pause) 560M->12M(920M) 0.545ms
[165.049s][info][gc] GC(1574) Pause Young (Normal) (G1 Evacuation Pause) 560M->12M(920M) 0.550ms
[165.154s][info][gc] GC(1575) Pause Young (Normal) (G1 Evacuation Pause) 560M->12M(920M) 0.499ms
[165.258s][info][gc] GC(1576) Pause Young (Normal) (G1 Evacuation Pause) 560M->12M(920M) 0.518ms
[165.363s][info][gc] GC(1577) Pause Young (Normal) (G1 Evacuation Pause) 560M->12M(920M) 0.561ms
[165.468s][info][gc] GC(1578) Pause Young (Normal) (G1 Evacuation Pause) 560M->12M(920M) 0.569ms
[165.573s][info][gc] GC(1579) Pause Young (Normal) (G1 Evacuation Pause) 560M->12M(920M) 0.544ms
[165.677s][info][gc] GC(1580) Pause Young (Normal) (G1 Evacuation Pause) 560M->12M(920M) 0.586ms
[165.782s][info][gc] GC(1581) Pause Young (Normal) (G1 Evacuation Pause) 560M->12M(920M) 0.512ms
[165.886s][info][gc] GC(1582) Pause Young (Normal) (G1 Evacuation Pause) 560M->12M(920M) 0.621ms
[165.991s][info][gc] GC(1583) Pause Young (Normal) (G1 Evacuation Pause) 560M->12M(920M) 0.611ms
[166.096s][info][gc] GC(1584) Pause Young (Normal) (G1 Evacuation Pause) 560M->12M(920M) 0.621ms
[166.202s][info][gc] GC(1585) Pause Young (Normal) (G1 Evacuation Pause) 560M->12M(920M) 0.593ms
[166.308s][info][gc] GC(1586) Pause Young (Normal) (G1 Evacuation Pause) 560M->12M(920M) 0.594ms
[166.412s][info][gc] GC(1587) Pause Young (Normal) (G1 Evacuation Pause) 560M->12M(920M) 0.521ms
[166.517s][info][gc] GC(1588) Pause Young (Normal) (G1 Evacuation Pause) 560M->12M(920M) 0.582ms
[166.622s][info][gc] GC(1589) Pause Young (Normal) (G1 Evacuation Pause) 560M->12M(920M) 0.559ms
[166.730s][info][gc] GC(1590) Pause Young (Normal) (G1 Evacuation Pause) 560M->12M(920M) 0.592ms
[166.836s][info][gc] GC(1591) Pause Young (Normal) (G1 Evacuation Pause) 560M->12M(920M) 0.716ms
[166.942s][info][gc] GC(1592) Pause Young (Normal) (G1 Evacuation Pause) 560M->12M(920M) 0.570ms
[167.046s][info][gc] GC(1593) Pause Young (Normal) (G1 Evacuation Pause) 560M->12M(920M) 0.531ms
[167.152s][info][gc] GC(1594) Pause Young (Normal) (G1 Evacuation Pause) 560M->12M(920M) 0.504ms
[167.267s][info][gc] GC(1595) Pause Young (Normal) (G1 Evacuation Pause) 560M->12M(920M) 0.553ms
[167.373s][info][gc] GC(1596) Pause Young (Normal) (G1 Evacuation Pause) 560M->12M(920M) 0.522ms
[167.479s][info][gc] GC(1597) Pause Young (Normal) (G1 Evacuation Pause) 560M->12M(920M) 0.555ms
[167.584s][info][gc] GC(1598) Pause Young (Normal) (G1 Evacuation Pause) 560M->12M(920M) 0.544ms
[167.691s][info][gc] GC(1599) Pause Young (Normal) (G1 Evacuation Pause) 560M->12M(920M) 0.509ms
[167.796s][info][gc] GC(1600) Pause Young (Normal) (G1 Evacuation Pause) 560M->12M(920M) 0.549ms
[167.901s][info][gc] GC(1601) Pause Young (Normal) (G1 Evacuation Pause) 560M->12M(920M) 0.538ms
[168.006s][info][gc] GC(1602) Pause Young (Normal) (G1 Evacuation Pause) 560M->12M(920M) 0.526ms
[168.111s][info][gc] GC(1603) Pause Young (Normal) (G1 Evacuation Pause) 560M->12M(920M) 0.569ms
[168.223s][info][gc] GC(1604) Pause Young (Normal) (G1 Evacuation Pause) 560M->12M(920M) 0.550ms
[168.330s][info][gc] GC(1605) Pause Young (Normal) (G1 Evacuation Pause) 560M->12M(920M) 0.531ms
[168.435s][info][gc] GC(1606) Pause Young (Normal) (G1 Evacuation Pause) 560M->12M(920M) 0.506ms
[168.543s][info][gc] GC(1607) Pause Young (Normal) (G1 Evacuation Pause) 560M->12M(920M) 0.524ms
[168.650s][info][gc] GC(1608) Pause Young (Normal) (G1 Evacuation Pause) 560M->12M(920M) 0.510ms
[168.756s][info][gc] GC(1609) Pause Young (Normal) (G1 Evacuation Pause) 560M->12M(920M) 0.530ms
[168.861s][info][gc] GC(1610) Pause Young (Normal) (G1 Evacuation Pause) 560M->12M(920M) 0.521ms
[168.966s][info][gc] GC(1611) Pause Young (Normal) (G1 Evacuation Pause) 560M->12M(920M) 0.545ms
[169.073s][info][gc] GC(1612) Pause Young (Normal) (G1 Evacuation Pause) 560M->12M(920M) 0.513ms
[169.182s][info][gc] GC(1613) Pause Young (Normal) (G1 Evacuation Pause) 560M->12M(920M) 0.528ms
[169.288s][info][gc] GC(1614) Pause Young (Normal) (G1 Evacuation Pause) 560M->12M(920M) 0.537ms
[169.395s][info][gc] GC(1615) Pause Young (Normal) (G1 Evacuation Pause) 560M->12M(920M) 0.580ms
[169.506s][info][gc] GC(1616) Pause Young (Normal) (G1 Evacuation Pause) 560M->12M(920M) 0.598ms
[169.616s][info][gc] GC(1617) Pause Young (Normal) (G1 Evacuation Pause) 560M->12M(920M) 0.623ms
[169.729s][info][gc] GC(1618) Pause Young (Normal) (G1 Evacuation Pause) 560M->12M(920M) 0.598ms
[169.838s][info][gc] GC(1619) Pause Young (Normal) (G1 Evacuation Pause) 560M->12M(920M) 0.603ms
[169.947s][info][gc] GC(1620) Pause Young (Normal) (G1 Evacuation Pause) 560M->12M(920M) 0.545ms
[170.054s][info][gc] GC(1621) Pause Young (Normal) (G1 Evacuation Pause) 560M->12M(920M) 0.599ms
[170.160s][info][gc] GC(1622) Pause Young (Normal) (G1 Evacuation Pause) 560M->12M(920M) 0.558ms
[170.267s][info][gc] GC(1623) Pause Young (Normal) (G1 Evacuation Pause) 560M->12M(920M) 0.555ms
[170.376s][info][gc] GC(1624) Pause Young (Normal) (G1 Evacuation Pause) 560M->12M(920M) 0.591ms
[170.482s][info][gc] GC(1625) Pause Young (Normal) (G1 Evacuation Pause) 560M->12M(920M) 0.549ms
[170.591s][info][gc] GC(1626) Pause Young (Normal) (G1 Evacuation Pause) 560M->12M(920M) 0.577ms
[170.697s][info][gc] GC(1627) Pause Young (Normal) (G1 Evacuation Pause) 560M->12M(920M) 0.533ms
[170.803s][info][gc] GC(1628) Pause Young (Normal) (G1 Evacuation Pause) 560M->12M(920M) 0.721ms
[170.909s][info][gc] GC(1629) Pause Young (Normal) (G1 Evacuation Pause) 560M->12M(920M) 0.566ms
[171.016s][info][gc] GC(1630) Pause Young (Normal) (G1 Evacuation Pause) 560M->12M(920M) 0.553ms
[171.123s][info][gc] GC(1631) Pause Young (Normal) (G1 Evacuation Pause) 560M->12M(920M) 0.643ms
[171.228s][info][gc] GC(1632) Pause Young (Normal) (G1 Evacuation Pause) 560M->12M(920M) 0.630ms
[171.333s][info][gc] GC(1633) Pause Young (Normal) (G1 Evacuation Pause) 560M->12M(920M) 0.571ms
[171.438s][info][gc] GC(1634) Pause Young (Normal) (G1 Evacuation Pause) 560M->12M(920M) 0.650ms
[171.543s][info][gc] GC(1635) Pause Young (Normal) (G1 Evacuation Pause) 560M->12M(920M) 0.527ms
[171.649s][info][gc] GC(1636) Pause Young (Normal) (G1 Evacuation Pause) 560M->12M(920M) 0.509ms
[171.755s][info][gc] GC(1637) Pause Young (Normal) (G1 Evacuation Pause) 560M->12M(920M) 0.625ms
[171.864s][info][gc] GC(1638) Pause Young (Normal) (G1 Evacuation Pause) 560M->12M(920M) 0.589ms
[171.970s][info][gc] GC(1639) Pause Young (Normal) (G1 Evacuation Pause) 560M->12M(920M) 0.666ms
[172.076s][info][gc] GC(1640) Pause Young (Normal) (G1 Evacuation Pause) 560M->12M(920M) 0.535ms
[172.182s][info][gc] GC(1641) Pause Young (Normal) (G1 Evacuation Pause) 560M->12M(920M) 0.549ms
[172.290s][info][gc] GC(1642) Pause Young (Normal) (G1 Evacuation Pause) 560M->12M(920M) 0.538ms
[172.396s][info][gc] GC(1643) Pause Young (Normal) (G1 Evacuation Pause) 560M->12M(920M) 0.532ms
[172.503s][info][gc] GC(1644) Pause Young (Normal) (G1 Evacuation Pause) 560M->12M(920M) 0.751ms
[172.611s][info][gc] GC(1645) Pause Young (Normal) (G1 Evacuation Pause) 560M->12M(920M) 0.600ms
[172.719s][info][gc] GC(1646) Pause Young (Normal) (G1 Evacuation Pause) 560M->12M(920M) 0.635ms
[172.824s][info][gc] GC(1647) Pause Young (Normal) (G1 Evacuation Pause) 560M->12M(920M) 0.616ms
[172.930s][info][gc] GC(1648) Pause Young (Normal) (G1 Evacuation Pause) 560M->12M(920M) 0.531ms
[173.036s][info][gc] GC(1649) Pause Young (Normal) (G1 Evacuation Pause) 560M->12M(920M) 0.622ms
[173.147s][info][gc] GC(1650) Pause Young (Normal) (G1 Evacuation Pause) 560M->12M(920M) 0.515ms
[173.256s][info][gc] GC(1651) Pause Young (Normal) (G1 Evacuation Pause) 560M->12M(920M) 0.570ms
[173.365s][info][gc] GC(1652) Pause Young (Normal) (G1 Evacuation Pause) 560M->12M(920M) 0.550ms
[173.475s][info][gc] GC(1653) Pause Young (Normal) (G1 Evacuation Pause) 560M->12M(920M) 0.559ms
[173.586s][info][gc] GC(1654) Pause Young (Normal) (G1 Evacuation Pause) 560M->12M(920M) 0.619ms
[173.695s][info][gc] GC(1655) Pause Young (Normal) (G1 Evacuation Pause) 560M->12M(920M) 0.551ms
[173.800s][info][gc] GC(1656) Pause Young (Normal) (G1 Evacuation Pause) 560M->12M(920M) 0.544ms
[173.906s][info][gc] GC(1657) Pause Young (Normal) (G1 Evacuation Pause) 560M->12M(920M) 0.649ms
[174.016s][info][gc] GC(1658) Pause Young (Normal) (G1 Evacuation Pause) 560M->12M(920M) 0.529ms
[174.122s][info][gc] GC(1659) Pause Young (Normal) (G1 Evacuation Pause) 560M->12M(920M) 0.565ms
[174.229s][info][gc] GC(1660) Pause Young (Normal) (G1 Evacuation Pause) 560M->12M(920M) 0.550ms
[174.335s][info][gc] GC(1661) Pause Young (Normal) (G1 Evacuation Pause) 560M->12M(920M) 0.558ms
[174.439s][info][gc] GC(1662) Pause Young (Normal) (G1 Evacuation Pause) 560M->12M(920M) 0.515ms
[174.545s][info][gc] GC(1663) Pause Young (Normal) (G1 Evacuation Pause) 560M->12M(920M) 0.518ms
[174.653s][info][gc] GC(1664) Pause Young (Normal) (G1 Evacuation Pause) 560M->12M(920M) 0.543ms
[174.763s][info][gc] GC(1665) Pause Young (Normal) (G1 Evacuation Pause) 560M->12M(920M) 0.541ms
[174.869s][info][gc] GC(1666) Pause Young (Normal) (G1 Evacuation Pause) 560M->12M(920M) 0.569ms
[174.979s][info][gc] GC(1667) Pause Young (Normal) (G1 Evacuation Pause) 560M->12M(920M) 0.532ms
[175.086s][info][gc] GC(1668) Pause Young (Normal) (G1 Evacuation Pause) 560M->12M(920M) 0.562ms
[175.191s][info][gc] GC(1669) Pause Young (Normal) (G1 Evacuation Pause) 560M->12M(920M) 0.497ms
[175.297s][info][gc] GC(1670) Pause Young (Normal) (G1 Evacuation Pause) 560M->12M(920M) 0.495ms
[175.402s][info][gc] GC(1671) Pause Young (Normal) (G1 Evacuation Pause) 560M->12M(920M) 0.585ms
[175.507s][info][gc] GC(1672) Pause Young (Normal) (G1 Evacuation Pause) 560M->12M(920M) 0.557ms
[175.613s][info][gc] GC(1673) Pause Young (Normal) (G1 Evacuation Pause) 560M->12M(920M) 0.536ms
[175.720s][info][gc] GC(1674) Pause Young (Normal) (G1 Evacuation Pause) 560M->12M(920M) 0.675ms
[175.825s][info][gc] GC(1675) Pause Young (Normal) (G1 Evacuation Pause) 560M->12M(920M) 0.529ms
[175.929s][info][gc] GC(1676) Pause Young (Normal) (G1 Evacuation Pause) 560M->12M(920M) 0.553ms
[176.034s][info][gc] GC(1677) Pause Young (Normal) (G1 Evacuation Pause) 560M->12M(920M) 0.526ms
[176.139s][info][gc] GC(1678) Pause Young (Normal) (G1 Evacuation Pause) 560M->12M(920M) 0.519ms
[176.244s][info][gc] GC(1679) Pause Young (Normal) (G1 Evacuation Pause) 560M->12M(920M) 0.616ms
[176.351s][info][gc] GC(1680) Pause Young (Normal) (G1 Evacuation Pause) 560M->12M(920M) 0.577ms
[176.455s][info][gc] GC(1681) Pause Young (Normal) (G1 Evacuation Pause) 560M->12M(920M) 0.569ms
[176.563s][info][gc] GC(1682) Pause Young (Normal) (G1 Evacuation Pause) 560M->12M(920M) 0.564ms
[176.672s][info][gc] GC(1683) Pause Young (Normal) (G1 Evacuation Pause) 560M->12M(920M) 0.549ms
[176.777s][info][gc] GC(1684) Pause Young (Normal) (G1 Evacuation Pause) 560M->12M(920M) 0.521ms
[176.882s][info][gc] GC(1685) Pause Young (Normal) (G1 Evacuation Pause) 560M->12M(920M) 0.536ms
[176.988s][info][gc] GC(1686) Pause Young (Normal) (G1 Evacuation Pause) 560M->12M(920M) 0.584ms
[177.097s][info][gc] GC(1687) Pause Young (Normal) (G1 Evacuation Pause) 560M->12M(920M) 0.511ms
[177.208s][info][gc] GC(1688) Pause Young (Normal) (G1 Evacuation Pause) 560M->12M(920M) 0.540ms
[177.320s][info][gc] GC(1689) Pause Young (Normal) (G1 Evacuation Pause) 560M->12M(920M) 0.693ms
[177.428s][info][gc] GC(1690) Pause Young (Normal) (G1 Evacuation Pause) 560M->12M(920M) 0.551ms
[177.534s][info][gc] GC(1691) Pause Young (Normal) (G1 Evacuation Pause) 560M->12M(920M) 0.519ms
[177.640s][info][gc] GC(1692) Pause Young (Normal) (G1 Evacuation Pause) 560M->12M(920M) 0.536ms
[177.744s][info][gc] GC(1693) Pause Young (Normal) (G1 Evacuation Pause) 560M->12M(920M) 0.602ms
[177.849s][info][gc] GC(1694) Pause Young (Normal) (G1 Evacuation Pause) 560M->12M(920M) 0.508ms
[177.955s][info][gc] GC(1695) Pause Young (Normal) (G1 Evacuation Pause) 560M->12M(920M) 0.614ms
[178.060s][info][gc] GC(1696) Pause Young (Normal) (G1 Evacuation Pause) 560M->12M(920M) 0.515ms
[178.165s][info][gc] GC(1697) Pause Young (Normal) (G1 Evacuation Pause) 560M->12M(920M) 0.551ms
[178.270s][info][gc] GC(1698) Pause Young (Normal) (G1 Evacuation Pause) 560M->12M(920M) 0.608ms
[178.375s][info][gc] GC(1699) Pause Young (Normal) (G1 Evacuation Pause) 560M->12M(920M) 0.510ms
[178.480s][info][gc] GC(1700) Pause Young (Normal) (G1 Evacuation Pause) 560M->12M(920M) 0.542ms
[178.586s][info][gc] GC(1701) Pause Young (Normal) (G1 Evacuation Pause) 560M->12M(920M) 0.629ms
[178.691s][info][gc] GC(1702) Pause Young (Normal) (G1 Evacuation Pause) 560M->12M(920M) 0.552ms
[178.795s][info][gc] GC(1703) Pause Young (Normal) (G1 Evacuation Pause) 560M->12M(920M) 0.569ms
[178.900s][info][gc] GC(1704) Pause Young (Normal) (G1 Evacuation Pause) 560M->12M(920M) 0.651ms
[179.005s][info][gc] GC(1705) Pause Young (Normal) (G1 Evacuation Pause) 560M->12M(920M) 0.571ms
[179.110s][info][gc] GC(1706) Pause Young (Normal) (G1 Evacuation Pause) 560M->12M(920M) 0.522ms
[179.214s][info][gc] GC(1707) Pause Young (Normal) (G1 Evacuation Pause) 560M->12M(920M) 0.514ms
[179.320s][info][gc] GC(1708) Pause Young (Normal) (G1 Evacuation Pause) 560M->12M(920M) 0.546ms
[179.425s][info][gc] GC(1709) Pause Young (Normal) (G1 Evacuation Pause) 560M->12M(920M) 0.556ms
[179.532s][info][gc] GC(1710) Pause Young (Normal) (G1 Evacuation Pause) 560M->12M(920M) 0.538ms
[179.637s][info][gc] GC(1711) Pause Young (Normal) (G1 Evacuation Pause) 560M->12M(920M) 0.554ms
[179.742s][info][gc] GC(1712) Pause Young (Normal) (G1 Evacuation Pause) 560M->12M(920M) 0.557ms
[179.847s][info][gc] GC(1713) Pause Young (Normal) (G1 Evacuation Pause) 560M->12M(920M) 0.588ms
[179.952s][info][gc] GC(1714) Pause Young (Normal) (G1 Evacuation Pause) 560M->12M(920M) 0.593ms
[180.057s][info][gc] GC(1715) Pause Young (Normal) (G1 Evacuation Pause) 560M->12M(920M) 0.531ms
[180.161s][info][gc] GC(1716) Pause Young (Normal) (G1 Evacuation Pause) 560M->12M(920M) 0.520ms
[180.267s][info][gc] GC(1717) Pause Young (Normal) (G1 Evacuation Pause) 560M->12M(920M) 0.547ms
[180.372s][info][gc] GC(1718) Pause Young (Normal) (G1 Evacuation Pause) 560M->12M(920M) 0.529ms
[180.477s][info][gc] GC(1719) Pause Young (Normal) (G1 Evacuation Pause) 560M->12M(920M) 0.548ms
[180.583s][info][gc] GC(1720) Pause Young (Normal) (G1 Evacuation Pause) 560M->12M(920M) 0.557ms
[180.689s][info][gc] GC(1721) Pause Young (Normal) (G1 Evacuation Pause) 560M->12M(920M) 0.536ms
[180.798s][info][gc] GC(1722) Pause Young (Normal) (G1 Evacuation Pause) 560M->12M(920M) 0.602ms
[180.903s][info][gc] GC(1723) Pause Young (Normal) (G1 Evacuation Pause) 560M->12M(920M) 0.624ms
[181.008s][info][gc] GC(1724) Pause Young (Normal) (G1 Evacuation Pause) 560M->12M(920M) 0.511ms
[181.113s][info][gc] GC(1725) Pause Young (Normal) (G1 Evacuation Pause) 560M->12M(920M) 0.550ms
[181.217s][info][gc] GC(1726) Pause Young (Normal) (G1 Evacuation Pause) 560M->12M(920M) 0.565ms
[181.322s][info][gc] GC(1727) Pause Young (Normal) (G1 Evacuation Pause) 560M->12M(920M) 0.505ms
[181.427s][info][gc] GC(1728) Pause Young (Normal) (G1 Evacuation Pause) 560M->12M(920M) 0.558ms
[181.533s][info][gc] GC(1729) Pause Young (Normal) (G1 Evacuation Pause) 560M->12M(920M) 0.522ms
[181.639s][info][gc] GC(1730) Pause Young (Normal) (G1 Evacuation Pause) 560M->12M(920M) 0.556ms
[181.745s][info][gc] GC(1731) Pause Young (Normal) (G1 Evacuation Pause) 560M->12M(920M) 0.526ms
[181.851s][info][gc] GC(1732) Pause Young (Normal) (G1 Evacuation Pause) 560M->12M(920M) 0.563ms
[181.956s][info][gc] GC(1733) Pause Young (Normal) (G1 Evacuation Pause) 560M->12M(920M) 0.545ms
[182.061s][info][gc] GC(1734) Pause Young (Normal) (G1 Evacuation Pause) 560M->12M(920M) 0.593ms
[182.166s][info][gc] GC(1735) Pause Young (Normal) (G1 Evacuation Pause) 560M->12M(920M) 0.527ms
[182.271s][info][gc] GC(1736) Pause Young (Normal) (G1 Evacuation Pause) 560M->12M(920M) 0.565ms
[182.375s][info][gc] GC(1737) Pause Young (Normal) (G1 Evacuation Pause) 560M->12M(920M) 0.569ms
[182.480s][info][gc] GC(1738) Pause Young (Normal) (G1 Evacuation Pause) 560M->12M(920M) 0.493ms
[182.585s][info][gc] GC(1739) Pause Young (Normal) (G1 Evacuation Pause) 560M->12M(920M) 0.577ms
[182.690s][info][gc] GC(1740) Pause Young (Normal) (G1 Evacuation Pause) 560M->12M(920M) 0.518ms
[182.794s][info][gc] GC(1741) Pause Young (Normal) (G1 Evacuation Pause) 560M->12M(920M) 0.517ms
[182.898s][info][gc] GC(1742) Pause Young (Normal) (G1 Evacuation Pause) 560M->12M(920M) 0.501ms
[183.003s][info][gc] GC(1743) Pause Young (Normal) (G1 Evacuation Pause) 560M->12M(920M) 0.564ms
[183.108s][info][gc] GC(1744) Pause Young (Normal) (G1 Evacuation Pause) 560M->12M(920M) 0.553ms
[183.212s][info][gc] GC(1745) Pause Young (Normal) (G1 Evacuation Pause) 560M->12M(920M) 0.537ms
[183.317s][info][gc] GC(1746) Pause Young (Normal) (G1 Evacuation Pause) 560M->12M(920M) 0.529ms
[183.422s][info][gc] GC(1747) Pause Young (Normal) (G1 Evacuation Pause) 560M->12M(920M) 0.520ms
[183.530s][info][gc] GC(1748) Pause Young (Normal) (G1 Evacuation Pause) 560M->12M(920M) 0.581ms
[183.635s][info][gc] GC(1749) Pause Young (Normal) (G1 Evacuation Pause) 560M->12M(920M) 0.519ms
[183.740s][info][gc] GC(1750) Pause Young (Normal) (G1 Evacuation Pause) 560M->12M(920M) 0.590ms
[183.845s][info][gc] GC(1751) Pause Young (Normal) (G1 Evacuation Pause) 560M->12M(920M) 0.539ms
[183.951s][info][gc] GC(1752) Pause Young (Normal) (G1 Evacuation Pause) 560M->12M(920M) 0.522ms
[184.055s][info][gc] GC(1753) Pause Young (Normal) (G1 Evacuation Pause) 560M->12M(920M) 0.565ms
[184.161s][info][gc] GC(1754) Pause Young (Normal) (G1 Evacuation Pause) 560M->12M(920M) 0.562ms
[184.266s][info][gc] GC(1755) Pause Young (Normal) (G1 Evacuation Pause) 560M->12M(920M) 0.512ms
[184.371s][info][gc] GC(1756) Pause Young (Normal) (G1 Evacuation Pause) 560M->12M(920M) 0.557ms
[184.475s][info][gc] GC(1757) Pause Young (Normal) (G1 Evacuation Pause) 560M->12M(920M) 0.502ms
[184.579s][info][gc] GC(1758) Pause Young (Normal) (G1 Evacuation Pause) 560M->12M(920M) 0.545ms
[184.686s][info][gc] GC(1759) Pause Young (Normal) (G1 Evacuation Pause) 560M->12M(920M) 0.594ms
[184.792s][info][gc] GC(1760) Pause Young (Normal) (G1 Evacuation Pause) 560M->12M(920M) 0.545ms
[184.896s][info][gc] GC(1761) Pause Young (Normal) (G1 Evacuation Pause) 560M->12M(920M) 0.589ms
[185.001s][info][gc] GC(1762) Pause Young (Normal) (G1 Evacuation Pause) 560M->12M(920M) 0.505ms
[185.105s][info][gc] GC(1763) Pause Young (Normal) (G1 Evacuation Pause) 560M->12M(920M) 0.612ms
[185.210s][info][gc] GC(1764) Pause Young (Normal) (G1 Evacuation Pause) 560M->12M(920M) 0.616ms
[185.314s][info][gc] GC(1765) Pause Young (Normal) (G1 Evacuation Pause) 560M->12M(920M) 0.616ms
[185.420s][info][gc] GC(1766) Pause Young (Normal) (G1 Evacuation Pause) 560M->12M(920M) 0.547ms
[185.525s][info][gc] GC(1767) Pause Young (Normal) (G1 Evacuation Pause) 560M->12M(920M) 0.635ms
[185.630s][info][gc] GC(1768) Pause Young (Normal) (G1 Evacuation Pause) 560M->12M(920M) 0.627ms
[185.734s][info][gc] GC(1769) Pause Young (Normal) (G1 Evacuation Pause) 560M->12M(920M) 0.527ms
[185.840s][info][gc] GC(1770) Pause Young (Normal) (G1 Evacuation Pause) 560M->12M(920M) 0.543ms
[185.945s][info][gc] GC(1771) Pause Young (Normal) (G1 Evacuation Pause) 560M->12M(920M) 0.514ms
[186.050s][info][gc] GC(1772) Pause Young (Normal) (G1 Evacuation Pause) 560M->12M(920M) 0.551ms
[186.157s][info][gc] GC(1773) Pause Young (Normal) (G1 Evacuation Pause) 560M->12M(920M) 0.582ms
[186.262s][info][gc] GC(1774) Pause Young (Normal) (G1 Evacuation Pause) 560M->12M(920M) 0.589ms
[186.369s][info][gc] GC(1775) Pause Young (Normal) (G1 Evacuation Pause) 560M->12M(920M) 0.570ms
[186.474s][info][gc] GC(1776) Pause Young (Normal) (G1 Evacuation Pause) 560M->12M(920M) 0.657ms
[186.580s][info][gc] GC(1777) Pause Young (Normal) (G1 Evacuation Pause) 560M->12M(920M) 0.518ms
[186.685s][info][gc] GC(1778) Pause Young (Normal) (G1 Evacuation Pause) 560M->12M(920M) 0.514ms
[186.790s][info][gc] GC(1779) Pause Young (Normal) (G1 Evacuation Pause) 560M->12M(920M) 0.538ms
[186.894s][info][gc] GC(1780) Pause Young (Normal) (G1 Evacuation Pause) 560M->12M(920M) 0.577ms
[186.999s][info][gc] GC(1781) Pause Young (Normal) (G1 Evacuation Pause) 560M->12M(920M) 0.615ms
[187.104s][info][gc] GC(1782) Pause Young (Normal) (G1 Evacuation Pause) 560M->12M(920M) 0.650ms
[187.208s][info][gc] GC(1783) Pause Young (Normal) (G1 Evacuation Pause) 560M->12M(920M) 0.536ms
[187.313s][info][gc] GC(1784) Pause Young (Normal) (G1 Evacuation Pause) 560M->12M(920M) 0.619ms
[187.417s][info][gc] GC(1785) Pause Young (Normal) (G1 Evacuation Pause) 560M->12M(920M) 0.491ms
[187.523s][info][gc] GC(1786) Pause Young (Normal) (G1 Evacuation Pause) 560M->12M(920M) 0.548ms
[187.631s][info][gc] GC(1787) Pause Young (Normal) (G1 Evacuation Pause) 560M->12M(920M) 0.542ms
[187.737s][info][gc] GC(1788) Pause Young (Normal) (G1 Evacuation Pause) 560M->12M(920M) 0.604ms
[187.842s][info][gc] GC(1789) Pause Young (Normal) (G1 Evacuation Pause) 560M->12M(920M) 0.628ms
[187.947s][info][gc] GC(1790) Pause Young (Normal) (G1 Evacuation Pause) 560M->12M(920M) 0.516ms
[188.053s][info][gc] GC(1791) Pause Young (Normal) (G1 Evacuation Pause) 560M->12M(920M) 0.648ms
[188.158s][info][gc] GC(1792) Pause Young (Normal) (G1 Evacuation Pause) 560M->12M(920M) 0.561ms
[188.263s][info][gc] GC(1793) Pause Young (Normal) (G1 Evacuation Pause) 560M->12M(920M) 0.578ms
[188.368s][info][gc] GC(1794) Pause Young (Normal) (G1 Evacuation Pause) 560M->12M(920M) 0.645ms
[188.473s][info][gc] GC(1795) Pause Young (Normal) (G1 Evacuation Pause) 560M->12M(920M) 0.587ms
[188.578s][info][gc] GC(1796) Pause Young (Normal) (G1 Evacuation Pause) 560M->12M(920M) 0.577ms
[188.683s][info][gc] GC(1797) Pause Young (Normal) (G1 Evacuation Pause) 560M->12M(920M) 0.523ms
[188.787s][info][gc] GC(1798) Pause Young (Normal) (G1 Evacuation Pause) 560M->12M(920M) 0.514ms
[188.892s][info][gc] GC(1799) Pause Young (Normal) (G1 Evacuation Pause) 560M->12M(920M) 0.508ms
[188.997s][info][gc] GC(1800) Pause Young (Normal) (G1 Evacuation Pause) 560M->12M(920M) 0.581ms
[189.102s][info][gc] GC(1801) Pause Young (Normal) (G1 Evacuation Pause) 560M->12M(920M) 0.516ms
[189.207s][info][gc] GC(1802) Pause Young (Normal) (G1 Evacuation Pause) 560M->12M(920M) 0.523ms
[189.312s][info][gc] GC(1803) Pause Young (Normal) (G1 Evacuation Pause) 560M->12M(920M) 0.553ms
[189.417s][info][gc] GC(1804) Pause Young (Normal) (G1 Evacuation Pause) 560M->12M(920M) 0.525ms
[189.522s][info][gc] GC(1805) Pause Young (Normal) (G1 Evacuation Pause) 560M->12M(920M) 0.539ms
[189.627s][info][gc] GC(1806) Pause Young (Normal) (G1 Evacuation Pause) 560M->12M(920M) 0.495ms
[189.732s][info][gc] GC(1807) Pause Young (Normal) (G1 Evacuation Pause) 560M->12M(920M) 0.550ms
[189.837s][info][gc] GC(1808) Pause Young (Normal) (G1 Evacuation Pause) 560M->12M(920M) 0.664ms
[189.941s][info][gc] GC(1809) Pause Young (Normal) (G1 Evacuation Pause) 560M->12M(920M) 0.568ms
[190.046s][info][gc] GC(1810) Pause Young (Normal) (G1 Evacuation Pause) 560M->12M(920M) 0.575ms
[190.150s][info][gc] GC(1811) Pause Young (Normal) (G1 Evacuation Pause) 560M->12M(920M) 0.514ms
[190.256s][info][gc] GC(1812) Pause Young (Normal) (G1 Evacuation Pause) 560M->12M(920M) 0.619ms
[190.360s][info][gc] GC(1813) Pause Young (Normal) (G1 Evacuation Pause) 560M->12M(920M) 0.504ms
[190.464s][info][gc] GC(1814) Pause Young (Normal) (G1 Evacuation Pause) 560M->12M(920M) 0.603ms
[190.569s][info][gc] GC(1815) Pause Young (Normal) (G1 Evacuation Pause) 560M->12M(920M) 0.573ms
[190.675s][info][gc] GC(1816) Pause Young (Normal) (G1 Evacuation Pause) 560M->12M(920M) 0.518ms
[190.779s][info][gc] GC(1817) Pause Young (Normal) (G1 Evacuation Pause) 560M->12M(920M) 0.517ms
[190.886s][info][gc] GC(1818) Pause Young (Normal) (G1 Evacuation Pause) 560M->12M(920M) 0.616ms
[190.990s][info][gc] GC(1819) Pause Young (Normal) (G1 Evacuation Pause) 560M->12M(920M) 0.525ms
[191.096s][info][gc] GC(1820) Pause Young (Normal) (G1 Evacuation Pause) 560M->12M(920M) 0.560ms
[191.200s][info][gc] GC(1821) Pause Young (Normal) (G1 Evacuation Pause) 560M->12M(920M) 0.725ms
[191.305s][info][gc] GC(1822) Pause Young (Normal) (G1 Evacuation Pause) 560M->12M(920M) 0.580ms
[191.410s][info][gc] GC(1823) Pause Young (Normal) (G1 Evacuation Pause) 560M->12M(920M) 0.549ms
[191.517s][info][gc] GC(1824) Pause Young (Normal) (G1 Evacuation Pause) 560M->12M(920M) 0.570ms
[191.622s][info][gc] GC(1825) Pause Young (Normal) (G1 Evacuation Pause) 560M->12M(920M) 0.527ms
[191.727s][info][gc] GC(1826) Pause Young (Normal) (G1 Evacuation Pause) 560M->12M(920M) 0.571ms
[191.831s][info][gc] GC(1827) Pause Young (Normal) (G1 Evacuation Pause) 560M->12M(920M) 0.608ms
[191.936s][info][gc] GC(1828) Pause Young (Normal) (G1 Evacuation Pause) 560M->12M(920M) 0.568ms
[192.041s][info][gc] GC(1829) Pause Young (Normal) (G1 Evacuation Pause) 560M->12M(920M) 0.602ms
[192.148s][info][gc] GC(1830) Pause Young (Normal) (G1 Evacuation Pause) 560M->12M(920M) 0.797ms
[192.265s][info][gc] GC(1831) Pause Young (Normal) (G1 Evacuation Pause) 560M->12M(920M) 0.656ms
[192.411s][info][gc] GC(1832) Pause Young (Normal) (G1 Evacuation Pause) 560M->12M(920M) 0.646ms
[192.524s][info][gc] GC(1833) Pause Young (Normal) (G1 Evacuation Pause) 560M->12M(920M) 0.512ms
[192.630s][info][gc] GC(1834) Pause Young (Normal) (G1 Evacuation Pause) 560M->12M(920M) 0.585ms
[192.735s][info][gc] GC(1835) Pause Young (Normal) (G1 Evacuation Pause) 560M->12M(920M) 0.521ms
[192.840s][info][gc] GC(1836) Pause Young (Normal) (G1 Evacuation Pause) 560M->12M(920M) 0.557ms
[192.946s][info][gc] GC(1837) Pause Young (Normal) (G1 Evacuation Pause) 560M->12M(920M) 0.609ms
[193.051s][info][gc] GC(1838) Pause Young (Normal) (G1 Evacuation Pause) 560M->12M(920M) 0.559ms
[193.156s][info][gc] GC(1839) Pause Young (Normal) (G1 Evacuation Pause) 560M->12M(920M) 0.619ms
[193.262s][info][gc] GC(1840) Pause Young (Normal) (G1 Evacuation Pause) 560M->12M(920M) 0.621ms
[193.368s][info][gc] GC(1841) Pause Young (Normal) (G1 Evacuation Pause) 560M->12M(920M) 0.559ms
[193.474s][info][gc] GC(1842) Pause Young (Normal) (G1 Evacuation Pause) 560M->12M(920M) 0.550ms
[193.580s][info][gc] GC(1843) Pause Young (Normal) (G1 Evacuation Pause) 560M->12M(920M) 0.526ms
[193.686s][info][gc] GC(1844) Pause Young (Normal) (G1 Evacuation Pause) 560M->12M(920M) 0.607ms
[193.790s][info][gc] GC(1845) Pause Young (Normal) (G1 Evacuation Pause) 560M->12M(920M) 0.542ms
[193.895s][info][gc] GC(1846) Pause Young (Normal) (G1 Evacuation Pause) 560M->12M(920M) 0.595ms
[193.999s][info][gc] GC(1847) Pause Young (Normal) (G1 Evacuation Pause) 560M->12M(920M) 0.631ms
[194.104s][info][gc] GC(1848) Pause Young (Normal) (G1 Evacuation Pause) 560M->12M(920M) 0.510ms
[194.209s][info][gc] GC(1849) Pause Young (Normal) (G1 Evacuation Pause) 560M->12M(920M) 0.584ms
[194.313s][info][gc] GC(1850) Pause Young (Normal) (G1 Evacuation Pause) 560M->12M(920M) 0.534ms
[194.418s][info][gc] GC(1851) Pause Young (Normal) (G1 Evacuation Pause) 560M->12M(920M) 0.513ms
[194.525s][info][gc] GC(1852) Pause Young (Normal) (G1 Evacuation Pause) 560M->12M(920M) 0.544ms
[194.631s][info][gc] GC(1853) Pause Young (Normal) (G1 Evacuation Pause) 560M->12M(920M) 0.543ms
[194.737s][info][gc] GC(1854) Pause Young (Normal) (G1 Evacuation Pause) 560M->12M(920M) 0.636ms
[194.842s][info][gc] GC(1855) Pause Young (Normal) (G1 Evacuation Pause) 560M->12M(920M) 0.524ms
[194.947s][info][gc] GC(1856) Pause Young (Normal) (G1 Evacuation Pause) 560M->12M(920M) 0.574ms
[195.055s][info][gc] GC(1857) Pause Young (Normal) (G1 Evacuation Pause) 560M->12M(920M) 0.576ms
[195.159s][info][gc] GC(1858) Pause Young (Normal) (G1 Evacuation Pause) 560M->12M(920M) 0.510ms
[195.262s][info][gc] GC(1859) Pause Young (Normal) (G1 Evacuation Pause) 560M->12M(920M) 0.630ms
[195.366s][info][gc] GC(1860) Pause Young (Normal) (G1 Evacuation Pause) 560M->12M(920M) 0.570ms
[195.468s][info][gc] GC(1861) Pause Young (Normal) (G1 Evacuation Pause) 560M->12M(920M) 0.536ms
[195.571s][info][gc] GC(1862) Pause Young (Normal) (G1 Evacuation Pause) 560M->12M(920M) 0.533ms
[195.676s][info][gc] GC(1863) Pause Young (Normal) (G1 Evacuation Pause) 560M->12M(920M) 0.538ms
[195.778s][info][gc] GC(1864) Pause Young (Normal) (G1 Evacuation Pause) 560M->12M(920M) 0.580ms
[195.881s][info][gc] GC(1865) Pause Young (Normal) (G1 Evacuation Pause) 560M->12M(920M) 0.529ms
[195.985s][info][gc] GC(1866) Pause Young (Normal) (G1 Evacuation Pause) 560M->12M(920M) 0.569ms
[196.088s][info][gc] GC(1867) Pause Young (Normal) (G1 Evacuation Pause) 560M->12M(920M) 0.571ms
[196.191s][info][gc] GC(1868) Pause Young (Normal) (G1 Evacuation Pause) 560M->12M(920M) 0.613ms
[196.293s][info][gc] GC(1869) Pause Young (Normal) (G1 Evacuation Pause) 560M->12M(920M) 0.580ms
[196.397s][info][gc] GC(1870) Pause Young (Normal) (G1 Evacuation Pause) 560M->12M(920M) 0.595ms
[196.501s][info][gc] GC(1871) Pause Young (Normal) (G1 Evacuation Pause) 560M->12M(920M) 0.568ms
[196.604s][info][gc] GC(1872) Pause Young (Normal) (G1 Evacuation Pause) 560M->12M(920M) 0.601ms
[196.706s][info][gc] GC(1873) Pause Young (Normal) (G1 Evacuation Pause) 560M->12M(920M) 0.621ms
[196.809s][info][gc] GC(1874) Pause Young (Normal) (G1 Evacuation Pause) 560M->12M(920M) 0.538ms
[196.913s][info][gc] GC(1875) Pause Young (Normal) (G1 Evacuation Pause) 560M->12M(920M) 0.592ms
[197.018s][info][gc] GC(1876) Pause Young (Normal) (G1 Evacuation Pause) 560M->12M(920M) 0.600ms
[197.121s][info][gc] GC(1877) Pause Young (Normal) (G1 Evacuation Pause) 560M->12M(920M) 0.521ms
[197.224s][info][gc] GC(1878) Pause Young (Normal) (G1 Evacuation Pause) 560M->12M(920M) 0.568ms
[197.327s][info][gc] GC(1879) Pause Young (Normal) (G1 Evacuation Pause) 560M->12M(920M) 0.588ms
[197.434s][info][gc] GC(1880) Pause Young (Normal) (G1 Evacuation Pause) 560M->12M(920M) 0.559ms
[197.536s][info][gc] GC(1881) Pause Young (Normal) (G1 Evacuation Pause) 560M->12M(920M) 0.552ms
[197.639s][info][gc] GC(1882) Pause Young (Normal) (G1 Evacuation Pause) 560M->12M(920M) 0.522ms
[197.742s][info][gc] GC(1883) Pause Young (Normal) (G1 Evacuation Pause) 560M->12M(920M) 0.575ms
[197.844s][info][gc] GC(1884) Pause Young (Normal) (G1 Evacuation Pause) 560M->12M(920M) 0.608ms
[197.947s][info][gc] GC(1885) Pause Young (Normal) (G1 Evacuation Pause) 560M->12M(920M) 0.499ms
[198.049s][info][gc] GC(1886) Pause Young (Normal) (G1 Evacuation Pause) 560M->12M(920M) 0.572ms
[198.151s][info][gc] GC(1887) Pause Young (Normal) (G1 Evacuation Pause) 560M->12M(920M) 0.579ms
[198.253s][info][gc] GC(1888) Pause Young (Normal) (G1 Evacuation Pause) 560M->12M(920M) 0.517ms
[198.356s][info][gc] GC(1889) Pause Young (Normal) (G1 Evacuation Pause) 560M->12M(920M) 0.657ms
[198.459s][info][gc] GC(1890) Pause Young (Normal) (G1 Evacuation Pause) 560M->12M(920M) 0.512ms
[198.562s][info][gc] GC(1891) Pause Young (Normal) (G1 Evacuation Pause) 560M->12M(920M) 0.562ms
[198.666s][info][gc] GC(1892) Pause Young (Normal) (G1 Evacuation Pause) 560M->12M(920M) 0.587ms
[198.768s][info][gc] GC(1893) Pause Young (Normal) (G1 Evacuation Pause) 560M->12M(920M) 0.625ms
[198.871s][info][gc] GC(1894) Pause Young (Normal) (G1 Evacuation Pause) 560M->12M(920M) 0.587ms
[198.973s][info][gc] GC(1895) Pause Young (Normal) (G1 Evacuation Pause) 560M->12M(920M) 0.588ms
[199.075s][info][gc] GC(1896) Pause Young (Normal) (G1 Evacuation Pause) 560M->12M(920M) 0.540ms
[199.178s][info][gc] GC(1897) Pause Young (Normal) (G1 Evacuation Pause) 560M->12M(920M) 0.531ms
[199.280s][info][gc] GC(1898) Pause Young (Normal) (G1 Evacuation Pause) 560M->12M(920M) 0.604ms
[199.382s][info][gc] GC(1899) Pause Young (Normal) (G1 Evacuation Pause) 560M->12M(920M) 0.645ms
[199.485s][info][gc] GC(1900) Pause Young (Normal) (G1 Evacuation Pause) 560M->12M(920M) 0.589ms
[199.588s][info][gc] GC(1901) Pause Young (Normal) (G1 Evacuation Pause) 560M->12M(920M) 0.575ms
[199.691s][info][gc] GC(1902) Pause Young (Normal) (G1 Evacuation Pause) 560M->12M(920M) 0.544ms
[199.794s][info][gc] GC(1903) Pause Young (Normal) (G1 Evacuation Pause) 560M->12M(920M) 0.647ms
[199.897s][info][gc] GC(1904) Pause Young (Normal) (G1 Evacuation Pause) 560M->12M(920M) 0.542ms
[199.999s][info][gc] GC(1905) Pause Young (Normal) (G1 Evacuation Pause) 560M->12M(920M) 0.595ms
[200.103s][info][gc] GC(1906) Pause Young (Normal) (G1 Evacuation Pause) 560M->12M(920M) 0.617ms
[200.206s][info][gc] GC(1907) Pause Young (Normal) (G1 Evacuation Pause) 560M->12M(920M) 0.607ms
[200.309s][info][gc] GC(1908) Pause Young (Normal) (G1 Evacuation Pause) 560M->12M(920M) 0.575ms
[200.414s][info][gc] GC(1909) Pause Young (Normal) (G1 Evacuation Pause) 560M->12M(920M) 0.578ms
[200.517s][info][gc] GC(1910) Pause Young (Normal) (G1 Evacuation Pause) 560M->12M(920M) 0.580ms
[200.620s][info][gc] GC(1911) Pause Young (Normal) (G1 Evacuation Pause) 560M->12M(920M) 0.658ms
[200.723s][info][gc] GC(1912) Pause Young (Normal) (G1 Evacuation Pause) 560M->12M(920M) 0.602ms
[200.825s][info][gc] GC(1913) Pause Young (Normal) (G1 Evacuation Pause) 560M->12M(920M) 0.547ms
[200.928s][info][gc] GC(1914) Pause Young (Normal) (G1 Evacuation Pause) 560M->12M(920M) 0.598ms
[201.031s][info][gc] GC(1915) Pause Young (Normal) (G1 Evacuation Pause) 560M->12M(920M) 0.560ms
[201.134s][info][gc] GC(1916) Pause Young (Normal) (G1 Evacuation Pause) 560M->12M(920M) 0.596ms
[201.238s][info][gc] GC(1917) Pause Young (Normal) (G1 Evacuation Pause) 560M->12M(920M) 0.580ms
[201.340s][info][gc] GC(1918) Pause Young (Normal) (G1 Evacuation Pause) 560M->12M(920M) 0.674ms
[201.443s][info][gc] GC(1919) Pause Young (Normal) (G1 Evacuation Pause) 560M->12M(920M) 0.646ms
[201.545s][info][gc] GC(1920) Pause Young (Normal) (G1 Evacuation Pause) 560M->12M(920M) 0.551ms
[201.648s][info][gc] GC(1921) Pause Young (Normal) (G1 Evacuation Pause) 560M->12M(920M) 0.604ms
[201.750s][info][gc] GC(1922) Pause Young (Normal) (G1 Evacuation Pause) 560M->12M(920M) 0.626ms
[201.853s][info][gc] GC(1923) Pause Young (Normal) (G1 Evacuation Pause) 560M->12M(920M) 0.634ms
[201.956s][info][gc] GC(1924) Pause Young (Normal) (G1 Evacuation Pause) 560M->12M(920M) 0.603ms
[202.058s][info][gc] GC(1925) Pause Young (Normal) (G1 Evacuation Pause) 560M->12M(920M) 0.597ms
[202.161s][info][gc] GC(1926) Pause Young (Normal) (G1 Evacuation Pause) 560M->12M(920M) 0.612ms
[202.263s][info][gc] GC(1927) Pause Young (Normal) (G1 Evacuation Pause) 560M->12M(920M) 0.490ms
[202.366s][info][gc] GC(1928) Pause Young (Normal) (G1 Evacuation Pause) 560M->12M(920M) 0.576ms
[202.470s][info][gc] GC(1929) Pause Young (Normal) (G1 Evacuation Pause) 560M->12M(920M) 0.588ms
[202.573s][info][gc] GC(1930) Pause Young (Normal) (G1 Evacuation Pause) 560M->12M(920M) 0.559ms
[202.676s][info][gc] GC(1931) Pause Young (Normal) (G1 Evacuation Pause) 560M->12M(920M) 0.558ms
[202.778s][info][gc] GC(1932) Pause Young (Normal) (G1 Evacuation Pause) 560M->12M(920M) 0.587ms
[202.880s][info][gc] GC(1933) Pause Young (Normal) (G1 Evacuation Pause) 560M->12M(920M) 0.533ms
[202.983s][info][gc] GC(1934) Pause Young (Normal) (G1 Evacuation Pause) 560M->12M(920M) 0.605ms
[203.090s][info][gc] GC(1935) Pause Young (Normal) (G1 Evacuation Pause) 560M->12M(920M) 0.577ms
[203.192s][info][gc] GC(1936) Pause Young (Normal) (G1 Evacuation Pause) 560M->12M(920M) 0.572ms
[203.295s][info][gc] GC(1937) Pause Young (Normal) (G1 Evacuation Pause) 560M->12M(920M) 0.590ms
[203.397s][info][gc] GC(1938) Pause Young (Normal) (G1 Evacuation Pause) 560M->12M(920M) 0.633ms
[203.500s][info][gc] GC(1939) Pause Young (Normal) (G1 Evacuation Pause) 560M->12M(920M) 0.598ms
[203.603s][info][gc] GC(1940) Pause Young (Normal) (G1 Evacuation Pause) 560M->12M(920M) 0.558ms
[203.707s][info][gc] GC(1941) Pause Young (Normal) (G1 Evacuation Pause) 560M->12M(920M) 0.542ms
[203.810s][info][gc] GC(1942) Pause Young (Normal) (G1 Evacuation Pause) 560M->12M(920M) 0.544ms
[203.913s][info][gc] GC(1943) Pause Young (Normal) (G1 Evacuation Pause) 560M->12M(920M) 0.570ms
[204.016s][info][gc] GC(1944) Pause Young (Normal) (G1 Evacuation Pause) 560M->12M(920M) 0.620ms
[204.119s][info][gc] GC(1945) Pause Young (Normal) (G1 Evacuation Pause) 560M->12M(920M) 0.611ms
[204.222s][info][gc] GC(1946) Pause Young (Normal) (G1 Evacuation Pause) 560M->12M(920M) 0.601ms
[204.327s][info][gc] GC(1947) Pause Young (Normal) (G1 Evacuation Pause) 560M->12M(920M) 0.541ms
[204.430s][info][gc] GC(1948) Pause Young (Normal) (G1 Evacuation Pause) 560M->12M(920M) 0.594ms
[204.532s][info][gc] GC(1949) Pause Young (Normal) (G1 Evacuation Pause) 560M->12M(920M) 0.624ms
[204.634s][info][gc] GC(1950) Pause Young (Normal) (G1 Evacuation Pause) 560M->12M(920M) 0.551ms
[204.737s][info][gc] GC(1951) Pause Young (Normal) (G1 Evacuation Pause) 560M->12M(920M) 0.679ms
[204.840s][info][gc] GC(1952) Pause Young (Normal) (G1 Evacuation Pause) 560M->12M(920M) 0.652ms
[204.942s][info][gc] GC(1953) Pause Young (Normal) (G1 Evacuation Pause) 560M->12M(920M) 0.626ms
[205.045s][info][gc] GC(1954) Pause Young (Normal) (G1 Evacuation Pause) 560M->12M(920M) 0.557ms
[205.148s][info][gc] GC(1955) Pause Young (Normal) (G1 Evacuation Pause) 560M->12M(920M) 0.612ms
[205.250s][info][gc] GC(1956) Pause Young (Normal) (G1 Evacuation Pause) 560M->12M(920M) 0.509ms
[205.353s][info][gc] GC(1957) Pause Young (Normal) (G1 Evacuation Pause) 560M->12M(920M) 0.660ms
[205.457s][info][gc] GC(1958) Pause Young (Normal) (G1 Evacuation Pause) 560M->12M(920M) 0.581ms
[205.560s][info][gc] GC(1959) Pause Young (Normal) (G1 Evacuation Pause) 560M->12M(920M) 0.534ms
[205.663s][info][gc] GC(1960) Pause Young (Normal) (G1 Evacuation Pause) 560M->12M(920M) 0.578ms
[205.765s][info][gc] GC(1961) Pause Young (Normal) (G1 Evacuation Pause) 560M->12M(920M) 0.579ms
[205.868s][info][gc] GC(1962) Pause Young (Normal) (G1 Evacuation Pause) 560M->12M(920M) 0.615ms
[205.971s][info][gc] GC(1963) Pause Young (Normal) (G1 Evacuation Pause) 560M->12M(920M) 0.586ms
[206.073s][info][gc] GC(1964) Pause Young (Normal) (G1 Evacuation Pause) 560M->12M(920M) 0.535ms
[206.177s][info][gc] GC(1965) Pause Young (Normal) (G1 Evacuation Pause) 560M->12M(920M) 0.614ms
[206.280s][info][gc] GC(1966) Pause Young (Normal) (G1 Evacuation Pause) 560M->12M(920M) 0.599ms
[206.382s][info][gc] GC(1967) Pause Young (Normal) (G1 Evacuation Pause) 560M->12M(920M) 0.520ms
[206.485s][info][gc] GC(1968) Pause Young (Normal) (G1 Evacuation Pause) 560M->12M(920M) 0.607ms
[206.587s][info][gc] GC(1969) Pause Young (Normal) (G1 Evacuation Pause) 560M->12M(920M) 0.604ms
[206.690s][info][gc] GC(1970) Pause Young (Normal) (G1 Evacuation Pause) 560M->12M(920M) 0.541ms
[206.794s][info][gc] GC(1971) Pause Young (Normal) (G1 Evacuation Pause) 560M->12M(920M) 0.574ms
[206.897s][info][gc] GC(1972) Pause Young (Normal) (G1 Evacuation Pause) 560M->12M(920M) 0.524ms
[206.999s][info][gc] GC(1973) Pause Young (Normal) (G1 Evacuation Pause) 560M->12M(920M) 0.620ms
[207.105s][info][gc] GC(1974) Pause Young (Normal) (G1 Evacuation Pause) 560M->12M(920M) 0.665ms
[207.208s][info][gc] GC(1975) Pause Young (Normal) (G1 Evacuation Pause) 560M->12M(920M) 0.547ms
[207.312s][info][gc] GC(1976) Pause Young (Normal) (G1 Evacuation Pause) 560M->12M(920M) 0.575ms
[207.415s][info][gc] GC(1977) Pause Young (Normal) (G1 Evacuation Pause) 560M->12M(920M) 0.573ms
[207.519s][info][gc] GC(1978) Pause Young (Normal) (G1 Evacuation Pause) 560M->12M(920M) 0.610ms
[207.622s][info][gc] GC(1979) Pause Young (Normal) (G1 Evacuation Pause) 560M->12M(920M) 0.590ms
[207.726s][info][gc] GC(1980) Pause Young (Normal) (G1 Evacuation Pause) 560M->12M(920M) 0.550ms
[207.828s][info][gc] GC(1981) Pause Young (Normal) (G1 Evacuation Pause) 560M->12M(920M) 0.511ms
[207.931s][info][gc] GC(1982) Pause Young (Normal) (G1 Evacuation Pause) 560M->12M(920M) 0.529ms
[208.034s][info][gc] GC(1983) Pause Young (Normal) (G1 Evacuation Pause) 560M->12M(920M) 0.572ms
[208.136s][info][gc] GC(1984) Pause Young (Normal) (G1 Evacuation Pause) 560M->12M(920M) 0.656ms
[208.239s][info][gc] GC(1985) Pause Young (Normal) (G1 Evacuation Pause) 560M->12M(920M) 0.613ms
[208.341s][info][gc] GC(1986) Pause Young (Normal) (G1 Evacuation Pause) 560M->12M(920M) 0.590ms
[208.444s][info][gc] GC(1987) Pause Young (Normal) (G1 Evacuation Pause) 560M->12M(920M) 0.564ms
[208.547s][info][gc] GC(1988) Pause Young (Normal) (G1 Evacuation Pause) 560M->12M(920M) 0.610ms
[208.649s][info][gc] GC(1989) Pause Young (Normal) (G1 Evacuation Pause) 560M->12M(920M) 0.534ms
[208.752s][info][gc] GC(1990) Pause Young (Normal) (G1 Evacuation Pause) 560M->12M(920M) 0.570ms
[208.854s][info][gc] GC(1991) Pause Young (Normal) (G1 Evacuation Pause) 560M->12M(920M) 0.614ms
[208.957s][info][gc] GC(1992) Pause Young (Normal) (G1 Evacuation Pause) 560M->12M(920M) 0.652ms
[209.059s][info][gc] GC(1993) Pause Young (Normal) (G1 Evacuation Pause) 560M->12M(920M) 0.577ms
[209.161s][info][gc] GC(1994) Pause Young (Normal) (G1 Evacuation Pause) 560M->12M(920M) 0.559ms
[209.264s][info][gc] GC(1995) Pause Young (Normal) (G1 Evacuation Pause) 560M->12M(920M) 0.593ms
[209.367s][info][gc] GC(1996) Pause Young (Normal) (G1 Evacuation Pause) 560M->12M(920M) 0.711ms
[209.470s][info][gc] GC(1997) Pause Young (Normal) (G1 Evacuation Pause) 560M->12M(920M) 0.674ms
[209.572s][info][gc] GC(1998) Pause Young (Normal) (G1 Evacuation Pause) 560M->12M(920M) 0.587ms
[209.675s][info][gc] GC(1999) Pause Young (Normal) (G1 Evacuation Pause) 560M->12M(920M) 0.538ms
[209.778s][info][gc] GC(2000) Pause Young (Normal) (G1 Evacuation Pause) 560M->12M(920M) 0.583ms
[209.880s][info][gc] GC(2001) Pause Young (Normal) (G1 Evacuation Pause) 560M->12M(920M) 0.597ms
[209.983s][info][gc] GC(2002) Pause Young (Normal) (G1 Evacuation Pause) 560M->12M(920M) 0.527ms
[210.086s][info][gc] GC(2003) Pause Young (Normal) (G1 Evacuation Pause) 560M->12M(920M) 0.536ms
[210.189s][info][gc] GC(2004) Pause Young (Normal) (G1 Evacuation Pause) 560M->12M(920M) 0.584ms
[210.292s][info][gc] GC(2005) Pause Young (Normal) (G1 Evacuation Pause) 560M->12M(920M) 0.662ms
[210.394s][info][gc] GC(2006) Pause Young (Normal) (G1 Evacuation Pause) 560M->12M(920M) 0.601ms
[210.496s][info][gc] GC(2007) Pause Young (Normal) (G1 Evacuation Pause) 560M->12M(920M) 0.559ms
[210.599s][info][gc] GC(2008) Pause Young (Normal) (G1 Evacuation Pause) 560M->12M(920M) 0.531ms
[210.701s][info][gc] GC(2009) Pause Young (Normal) (G1 Evacuation Pause) 560M->12M(920M) 0.558ms
[210.804s][info][gc] GC(2010) Pause Young (Normal) (G1 Evacuation Pause) 560M->12M(920M) 0.592ms
[210.906s][info][gc] GC(2011) Pause Young (Normal) (G1 Evacuation Pause) 560M->12M(920M) 0.593ms
[211.008s][info][gc] GC(2012) Pause Young (Normal) (G1 Evacuation Pause) 560M->12M(920M) 0.568ms
[211.111s][info][gc] GC(2013) Pause Young (Normal) (G1 Evacuation Pause) 560M->12M(920M) 0.629ms
[211.213s][info][gc] GC(2014) Pause Young (Normal) (G1 Evacuation Pause) 560M->12M(920M) 0.602ms
[211.315s][info][gc] GC(2015) Pause Young (Normal) (G1 Evacuation Pause) 560M->12M(920M) 0.630ms
[211.419s][info][gc] GC(2016) Pause Young (Normal) (G1 Evacuation Pause) 560M->12M(920M) 0.577ms
[211.521s][info][gc] GC(2017) Pause Young (Normal) (G1 Evacuation Pause) 560M->12M(920M) 0.643ms
[211.624s][info][gc] GC(2018) Pause Young (Normal) (G1 Evacuation Pause) 560M->12M(920M) 0.595ms
[211.727s][info][gc] GC(2019) Pause Young (Normal) (G1 Evacuation Pause) 560M->12M(920M) 0.613ms
[211.830s][info][gc] GC(2020) Pause Young (Normal) (G1 Evacuation Pause) 560M->12M(920M) 0.559ms
[211.932s][info][gc] GC(2021) Pause Young (Normal) (G1 Evacuation Pause) 560M->12M(920M) 0.538ms
[212.034s][info][gc] GC(2022) Pause Young (Normal) (G1 Evacuation Pause) 560M->12M(920M) 0.518ms
[212.136s][info][gc] GC(2023) Pause Young (Normal) (G1 Evacuation Pause) 560M->12M(920M) 0.692ms
[212.239s][info][gc] GC(2024) Pause Young (Normal) (G1 Evacuation Pause) 560M->12M(920M) 0.664ms
[212.341s][info][gc] GC(2025) Pause Young (Normal) (G1 Evacuation Pause) 560M->12M(920M) 0.598ms
[212.444s][info][gc] GC(2026) Pause Young (Normal) (G1 Evacuation Pause) 560M->12M(920M) 0.533ms
[212.547s][info][gc] GC(2027) Pause Young (Normal) (G1 Evacuation Pause) 560M->12M(920M) 0.591ms
[212.649s][info][gc] GC(2028) Pause Young (Normal) (G1 Evacuation Pause) 560M->12M(920M) 0.588ms
[212.754s][info][gc] GC(2029) Pause Young (Normal) (G1 Evacuation Pause) 560M->12M(920M) 0.637ms
[212.856s][info][gc] GC(2030) Pause Young (Normal) (G1 Evacuation Pause) 560M->12M(920M) 0.560ms
[212.960s][info][gc] GC(2031) Pause Young (Normal) (G1 Evacuation Pause) 560M->12M(920M) 0.519ms
[213.063s][info][gc] GC(2032) Pause Young (Normal) (G1 Evacuation Pause) 560M->12M(920M) 0.609ms
[213.165s][info][gc] GC(2033) Pause Young (Normal) (G1 Evacuation Pause) 560M->12M(920M) 0.561ms
[213.268s][info][gc] GC(2034) Pause Young (Normal) (G1 Evacuation Pause) 560M->12M(920M) 0.507ms
[213.371s][info][gc] GC(2035) Pause Young (Normal) (G1 Evacuation Pause) 560M->12M(920M) 0.530ms
[213.473s][info][gc] GC(2036) Pause Young (Normal) (G1 Evacuation Pause) 560M->12M(920M) 0.570ms
[213.575s][info][gc] GC(2037) Pause Young (Normal) (G1 Evacuation Pause) 560M->12M(920M) 0.546ms
[213.678s][info][gc] GC(2038) Pause Young (Normal) (G1 Evacuation Pause) 560M->12M(920M) 0.532ms
[213.780s][info][gc] GC(2039) Pause Young (Normal) (G1 Evacuation Pause) 560M->12M(920M) 0.705ms
[213.883s][info][gc] GC(2040) Pause Young (Normal) (G1 Evacuation Pause) 560M->12M(920M) 0.556ms
[213.985s][info][gc] GC(2041) Pause Young (Normal) (G1 Evacuation Pause) 560M->12M(920M) 0.505ms
[214.087s][info][gc] GC(2042) Pause Young (Normal) (G1 Evacuation Pause) 560M->12M(920M) 0.568ms
[214.190s][info][gc] GC(2043) Pause Young (Normal) (G1 Evacuation Pause) 560M->12M(920M) 0.611ms
[214.292s][info][gc] GC(2044) Pause Young (Normal) (G1 Evacuation Pause) 560M->12M(920M) 0.617ms
[214.394s][info][gc] GC(2045) Pause Young (Normal) (G1 Evacuation Pause) 560M->12M(920M) 0.603ms
[214.497s][info][gc] GC(2046) Pause Young (Normal) (G1 Evacuation Pause) 560M->12M(920M) 0.609ms
[214.600s][info][gc] GC(2047) Pause Young (Normal) (G1 Evacuation Pause) 560M->12M(920M) 0.585ms
[214.702s][info][gc] GC(2048) Pause Young (Normal) (G1 Evacuation Pause) 560M->12M(920M) 0.604ms
[214.805s][info][gc] GC(2049) Pause Young (Normal) (G1 Evacuation Pause) 560M->12M(920M) 0.578ms
[214.911s][info][gc] GC(2050) Pause Young (Normal) (G1 Evacuation Pause) 560M->12M(920M) 0.570ms
[215.014s][info][gc] GC(2051) Pause Young (Normal) (G1 Evacuation Pause) 560M->12M(920M) 0.580ms
[215.116s][info][gc] GC(2052) Pause Young (Normal) (G1 Evacuation Pause) 560M->12M(920M) 0.576ms
[215.218s][info][gc] GC(2053) Pause Young (Normal) (G1 Evacuation Pause) 560M->12M(920M) 0.612ms
[215.320s][info][gc] GC(2054) Pause Young (Normal) (G1 Evacuation Pause) 560M->12M(920M) 0.602ms
[215.423s][info][gc] GC(2055) Pause Young (Normal) (G1 Evacuation Pause) 560M->12M(920M) 0.603ms
[215.525s][info][gc] GC(2056) Pause Young (Normal) (G1 Evacuation Pause) 560M->12M(920M) 0.602ms
[215.629s][info][gc] GC(2057) Pause Young (Normal) (G1 Evacuation Pause) 560M->12M(920M) 0.530ms
[215.733s][info][gc] GC(2058) Pause Young (Normal) (G1 Evacuation Pause) 560M->12M(920M) 0.561ms
[215.836s][info][gc] GC(2059) Pause Young (Normal) (G1 Evacuation Pause) 560M->12M(920M) 0.603ms
[215.939s][info][gc] GC(2060) Pause Young (Normal) (G1 Evacuation Pause) 560M->12M(920M) 0.566ms
[216.048s][info][gc] GC(2061) Pause Young (Normal) (G1 Evacuation Pause) 560M->12M(920M) 0.544ms
[216.151s][info][gc] GC(2062) Pause Young (Normal) (G1 Evacuation Pause) 560M->12M(920M) 0.577ms
[216.254s][info][gc] GC(2063) Pause Young (Normal) (G1 Evacuation Pause) 560M->12M(920M) 0.564ms
[216.357s][info][gc] GC(2064) Pause Young (Normal) (G1 Evacuation Pause) 560M->12M(920M) 0.593ms
[216.459s][info][gc] GC(2065) Pause Young (Normal) (G1 Evacuation Pause) 560M->12M(920M) 0.599ms
[216.562s][info][gc] GC(2066) Pause Young (Normal) (G1 Evacuation Pause) 560M->12M(920M) 0.560ms
[216.666s][info][gc] GC(2067) Pause Young (Normal) (G1 Evacuation Pause) 560M->12M(920M) 0.609ms
[216.769s][info][gc] GC(2068) Pause Young (Normal) (G1 Evacuation Pause) 560M->12M(920M) 0.519ms
[216.872s][info][gc] GC(2069) Pause Young (Normal) (G1 Evacuation Pause) 560M->12M(920M) 0.632ms
[216.975s][info][gc] GC(2070) Pause Young (Normal) (G1 Evacuation Pause) 560M->12M(920M) 0.536ms
[217.078s][info][gc] GC(2071) Pause Young (Normal) (G1 Evacuation Pause) 560M->12M(920M) 0.602ms
[217.181s][info][gc] GC(2072) Pause Young (Normal) (G1 Evacuation Pause) 560M->12M(920M) 0.617ms
[217.283s][info][gc] GC(2073) Pause Young (Normal) (G1 Evacuation Pause) 560M->12M(920M) 0.514ms
[217.386s][info][gc] GC(2074) Pause Young (Normal) (G1 Evacuation Pause) 560M->12M(920M) 0.603ms
[217.489s][info][gc] GC(2075) Pause Young (Normal) (G1 Evacuation Pause) 560M->12M(920M) 0.572ms
[217.592s][info][gc] GC(2076) Pause Young (Normal) (G1 Evacuation Pause) 560M->12M(920M) 0.567ms
[217.695s][info][gc] GC(2077) Pause Young (Normal) (G1 Evacuation Pause) 560M->12M(920M) 0.582ms
[217.797s][info][gc] GC(2078) Pause Young (Normal) (G1 Evacuation Pause) 560M->12M(920M) 0.616ms
[217.900s][info][gc] GC(2079) Pause Young (Normal) (G1 Evacuation Pause) 560M->12M(920M) 0.543ms
